Archive member included to satisfy reference by file (symbol)

C:\Users\Fede\Documents\MCUXpressoIDE_10.1.1_606\workspace\lpc_chip_175x_6x\Debug\liblpc_chip_175x_6x.a(chip_17xx_40xx.o)
                              ./freeRTOS/src/port.o (SystemCoreClock)
C:\Users\Fede\Documents\MCUXpressoIDE_10.1.1_606\workspace\lpc_chip_175x_6x\Debug\liblpc_chip_175x_6x.a(clock_17xx_40xx.o)
                              C:\Users\Fede\Documents\MCUXpressoIDE_10.1.1_606\workspace\lpc_chip_175x_6x\Debug\liblpc_chip_175x_6x.a(chip_17xx_40xx.o) (Chip_Clock_EnablePLL)
C:\Users\Fede\Documents\MCUXpressoIDE_10.1.1_606\workspace\lpc_chip_175x_6x\Debug\liblpc_chip_175x_6x.a(iocon_17xx_40xx.o)
                              ./Example/src/FRTOS.o (Chip_IOCON_PinMux)
C:\Users\Fede\Documents\MCUXpressoIDE_10.1.1_606\workspace\lpc_chip_175x_6x\Debug\liblpc_chip_175x_6x.a(ring_buffer.o)
                              ./Example/src/FRTOS.o (RingBuffer_Init)
C:\Users\Fede\Documents\MCUXpressoIDE_10.1.1_606\workspace\lpc_chip_175x_6x\Debug\liblpc_chip_175x_6x.a(sysinit_17xx_40xx.o)
                              ./Example/src/sysinit.o (Chip_SystemInit)
C:\Users\Fede\Documents\MCUXpressoIDE_10.1.1_606\workspace\lpc_chip_175x_6x\Debug\liblpc_chip_175x_6x.a(uart_17xx_40xx.o)
                              ./Example/src/FRTOS.o (Chip_UART_Init)
c:/nxp/mcuxpressoide_10.1.1_606/ide/tools/bin/../lib/gcc/arm-none-eabi/6.3.1/../../../../arm-none-eabi/lib/thumb/v7-m\libcr_semihost.a(_cr__main.o)
                              ./Example/src/cr_startup_lpc175x_6x.o (__main)
c:/nxp/mcuxpressoide_10.1.1_606/ide/tools/bin/../lib/gcc/arm-none-eabi/6.3.1/../../../../arm-none-eabi/lib/thumb/v7-m\libcr_c.a(memcpy.o)
                              ./freeRTOS/src/queue.o (memcpy)
c:/nxp/mcuxpressoide_10.1.1_606/ide/tools/bin/../lib/gcc/arm-none-eabi/6.3.1/../../../../arm-none-eabi/lib/thumb/v7-m\libcr_c.a(memset.o)
                              ./freeRTOS/src/tasks.o (memset)
c:/nxp/mcuxpressoide_10.1.1_606/ide/tools/bin/../lib/gcc/arm-none-eabi/6.3.1/../../../../arm-none-eabi/lib/thumb/v7-m\libcr_c.a(alloc.o)
                              ./freeRTOS/src/heap_3.o (malloc)
c:/nxp/mcuxpressoide_10.1.1_606/ide/tools/bin/../lib/gcc/arm-none-eabi/6.3.1/../../../../arm-none-eabi/lib/thumb/v7-m\libcr_c.a(fpprintf.o)
                              ./Example/src/FRTOS.o (printf)
c:/nxp/mcuxpressoide_10.1.1_606/ide/tools/bin/../lib/gcc/arm-none-eabi/6.3.1/../../../../arm-none-eabi/lib/thumb/v7-m\libcr_c.a(initio.o)
                              c:/nxp/mcuxpressoide_10.1.1_606/ide/tools/bin/../lib/gcc/arm-none-eabi/6.3.1/../../../../arm-none-eabi/lib/thumb/v7-m\libcr_semihost.a(_cr__main.o) (_initio)
c:/nxp/mcuxpressoide_10.1.1_606/ide/tools/bin/../lib/gcc/arm-none-eabi/6.3.1/../../../../arm-none-eabi/lib/thumb/v7-m\libcr_c.a(printf.o)
                              c:/nxp/mcuxpressoide_10.1.1_606/ide/tools/bin/../lib/gcc/arm-none-eabi/6.3.1/../../../../arm-none-eabi/lib/thumb/v7-m\libcr_c.a(fpprintf.o) (__vfprintf)
c:/nxp/mcuxpressoide_10.1.1_606/ide/tools/bin/../lib/gcc/arm-none-eabi/6.3.1/../../../../arm-none-eabi/lib/thumb/v7-m\libcr_c.a(setvbuf.o)
                              c:/nxp/mcuxpressoide_10.1.1_606/ide/tools/bin/../lib/gcc/arm-none-eabi/6.3.1/../../../../arm-none-eabi/lib/thumb/v7-m\libcr_c.a(initio.o) (setvbuf)
c:/nxp/mcuxpressoide_10.1.1_606/ide/tools/bin/../lib/gcc/arm-none-eabi/6.3.1/../../../../arm-none-eabi/lib/thumb/v7-m\libcr_c.a(strlen.o)
                              c:/nxp/mcuxpressoide_10.1.1_606/ide/tools/bin/../lib/gcc/arm-none-eabi/6.3.1/../../../../arm-none-eabi/lib/thumb/v7-m\libcr_c.a(printf.o) (strlen)
c:/nxp/mcuxpressoide_10.1.1_606/ide/tools/bin/../lib/gcc/arm-none-eabi/6.3.1/../../../../arm-none-eabi/lib/thumb/v7-m\libcr_c.a(__init_alloc.o)
                              c:/nxp/mcuxpressoide_10.1.1_606/ide/tools/bin/../lib/gcc/arm-none-eabi/6.3.1/../../../../arm-none-eabi/lib/thumb/v7-m\libcr_c.a(alloc.o) (__heaps)
c:/nxp/mcuxpressoide_10.1.1_606/ide/tools/bin/../lib/gcc/arm-none-eabi/6.3.1/../../../../arm-none-eabi/lib/thumb/v7-m\libcr_c.a(_cr_sbrk.o)
                              c:/nxp/mcuxpressoide_10.1.1_606/ide/tools/bin/../lib/gcc/arm-none-eabi/6.3.1/../../../../arm-none-eabi/lib/thumb/v7-m\libcr_c.a(alloc.o) (_sbrk)
c:/nxp/mcuxpressoide_10.1.1_606/ide/tools/bin/../lib/gcc/arm-none-eabi/6.3.1/../../../../arm-none-eabi/lib/thumb/v7-m\libcr_c.a(_deferredlazyseek.o)
                              c:/nxp/mcuxpressoide_10.1.1_606/ide/tools/bin/../lib/gcc/arm-none-eabi/6.3.1/../../../../arm-none-eabi/lib/thumb/v7-m\libcr_c.a(fpprintf.o) (__flsbuf)
c:/nxp/mcuxpressoide_10.1.1_606/ide/tools/bin/../lib/gcc/arm-none-eabi/6.3.1/../../../../arm-none-eabi/lib/thumb/v7-m\libcr_c.a(_fdopen.o)
                              c:/nxp/mcuxpressoide_10.1.1_606/ide/tools/bin/../lib/gcc/arm-none-eabi/6.3.1/../../../../arm-none-eabi/lib/thumb/v7-m\libcr_c.a(initio.o) (_fdopen)
[...]
Memory Configuration

Name             Origin             Length             Attributes
MFlash512        0x00000000         0x00080000         xr
RamLoc32         0x10000000         0x00008000         xrw
RamAHB32         0x2007c000         0x00008000         xrw
*default*        0x00000000         0xffffffff

Linker script and memory map

LOAD ./freeRTOS/src/FreeRTOSCommonHooks.o
LOAD ./freeRTOS/src/croutine.o
LOAD ./freeRTOS/src/event_groups.o
LOAD ./freeRTOS/src/heap_3.o
LOAD ./freeRTOS/src/list.o
LOAD ./freeRTOS/src/port.o
LOAD ./freeRTOS/src/queue.o
LOAD ./freeRTOS/src/tasks.o
LOAD ./freeRTOS/src/timers.o
LOAD ./Example/src/FRTOS.o
LOAD ./Example/src/cr_startup_lpc175x_6x.o
LOAD ./Example/src/crp.o
LOAD ./Example/src/sysinit.o
LOAD C:\Users\Fede\Documents\MCUXpressoIDE_10.1.1_606\workspace\lpc_chip_175x_6x\Debug\liblpc_chip_175x_6x.a
START GROUP
LOAD c:/nxp/mcuxpressoide_10.1.1_606/ide/tools/bin/../lib/gcc/arm-none-eabi/6.3.1/../../../../arm-none-eabi/lib/thumb/v7-m\libcr_semihost.a
LOAD c:/nxp/mcuxpressoide_10.1.1_606/ide/tools/bin/../lib/gcc/arm-none-eabi/6.3.1/../../../../arm-none-eabi/lib/thumb/v7-m\libcr_c.a
LOAD c:/nxp/mcuxpressoide_10.1.1_606/ide/tools/bin/../lib/gcc/arm-none-eabi/6.3.1/thumb/v7-m\libcr_eabihelpers.a
END GROUP
                0x00000000                __base_MFlash512 = 0x0
                0x00000000                __base_Flash = 0x0
                0x00080000                __top_MFlash512 = 0x80000
                0x00080000                __top_Flash = 0x80000
                0x10000000                __base_RamLoc32 = 0x10000000
                0x10000000                __base_RAM = 0x10000000
                0x10008000                __top_RamLoc32 = 0x10008000
                0x10008000                __top_RAM = 0x10008000
                0x2007c000                __base_RamAHB32 = 0x2007c000
                0x2007c000                __base_RAM2 = 0x2007c000
                0x20084000                __top_RamAHB32 = 0x20084000
                0x20084000                __top_RAM2 = 0x20084000

.text           0x00000000     0x599c
 FILL mask 0xff
                0x00000000                __vectors_start__ = ABSOLUTE (.)
 *(.isr_vector)
 .isr_vector    0x00000000       0xcc ./Example/src/cr_startup_lpc175x_6x.o
                0x00000000                g_pfnVectors
                0x000000cc                . = ALIGN (0x4)
                0x000000cc                __section_table_start = .
                0x000000cc                __data_section_table = .
                0x000000cc        0x4 LONG 0x599c LOADADDR (.data)
                0x000000d0        0x4 LONG 0x10000000 ADDR (.data)
                0x000000d4        0x4 LONG 0x4 SIZEOF (.data)
                0x000000d8        0x4 LONG 0x599c LOADADDR (.data_RAM2)
                0x000000dc        0x4 LONG 0x2007c000 ADDR (.data_RAM2)
                0x000000e0        0x4 LONG 0x0 SIZEOF (.data_RAM2)
                0x000000e4                __data_section_table_end = .
                0x000000e4                __bss_section_table = .
                0x000000e4        0x4 LONG 0x10000004 ADDR (.bss)
                0x000000e8        0x4 LONG 0x754 SIZEOF (.bss)
                0x000000ec        0x4 LONG 0x2007c000 ADDR (.bss_RAM2)
                0x000000f0        0x4 LONG 0x0 SIZEOF (.bss_RAM2)
                0x000000f4                __bss_section_table_end = .
                0x000000f4                __section_table_end = .
 *(.after_vectors*)
 .after_vectors
                0x000000f4      0x12c ./Example/src/cr_startup_lpc175x_6x.o
                0x000000f4                data_init
                0x00000136                bss_init
                0x0000016c                ResetISR
                0x000001e4                NMI_Handler
                0x000001ea                HardFault_Handler
                0x000001f0                MemManage_Handler
                0x000001f6                BusFault_Handler
                0x000001fc                UsageFault_Handler
                0x00000208                DebugMon_Handler
                0x0000021a                EINT3_IRQHandler
                0x0000021a                I2C1_IRQHandler
                0x0000021a                TIMER3_IRQHandler
                0x0000021a                UART0_IRQHandler
                0x0000021a                USBActivity_IRQHandler
                0x0000021a                CANActivity_IRQHandler
                0x0000021a                EINT2_IRQHandler
                0x0000021a                IntDefaultHandler
                0x0000021a                PLL0_IRQHandler
                0x0000021a                CAN_IRQHandler
                0x0000021a                PLL1_IRQHandler
                0x0000021a                I2C0_IRQHandler
                0x0000021a                I2S_IRQHandler
                0x0000021a                I2C2_IRQHandler
                0x0000021a                RTC_IRQHandler
                0x0000021a                TIMER0_IRQHandler
                0x0000021a                SPI_IRQHandler
                0x0000021a                RIT_IRQHandler
                0x0000021a                EINT1_IRQHandler
                0x0000021a                TIMER1_IRQHandler
                0x0000021a                UART2_IRQHandler
                0x0000021a                ADC_IRQHandler
                0x0000021a                SSP1_IRQHandler
                0x0000021a                USB_IRQHandler
                0x0000021a                BOD_IRQHandler
                0x0000021a                PWM1_IRQHandler
                0x0000021a                WDT_IRQHandler
                0x0000021a                QEI_IRQHandler
                0x0000021a                EINT0_IRQHandler
                0x0000021a                ETH_IRQHandler
                0x0000021a                SSP0_IRQHandler
                0x0000021a                DMA_IRQHandler
                0x0000021a                TIMER2_IRQHandler
                0x0000021a                UART3_IRQHandler
                0x0000021a                MCPWM_IRQHandler
 *(.text*)
 .text.vApplicationTickHook
                0x00000220        0xc ./freeRTOS/src/FreeRTOSCommonHooks.o
                0x00000220                vApplicationTickHook
 .text.pvPortMalloc
                0x0000022c       0x22 ./freeRTOS/src/heap_3.o
                0x0000022c                pvPortMalloc
 .text.vPortFree
                0x0000024e       0x24 ./freeRTOS/src/heap_3.o
                0x0000024e                vPortFree
 .text.vListInitialise
                0x00000272       0x3e ./freeRTOS/src/list.o
                0x00000272                vListInitialise
 .text.vListInitialiseItem
                0x000002b0       0x18 ./freeRTOS/src/list.o
                0x000002b0                vListInitialiseItem
 .text.vListInsertEnd
                0x000002c8       0x46 ./freeRTOS/src/list.o
                0x000002c8                vListInsertEnd
 .text.vListInsert
                0x0000030e       0x70 ./freeRTOS/src/list.o
                0x0000030e                vListInsert
 .text.uxListRemove
                0x0000037e       0x52 ./freeRTOS/src/list.o
                0x0000037e                uxListRemove
 .text.pxPortInitialiseStack
                0x000003d0       0x58 ./freeRTOS/src/port.o
                0x000003d0                pxPortInitialiseStack
 .text.prvTaskExitError
                0x00000428       0x1a ./freeRTOS/src/port.o
 *fill*         0x00000442        0xe ff
 .text.SVC_Handler
                0x00000450       0x28 ./freeRTOS/src/port.o
                0x00000450                SVC_Handler
 .text.prvPortStartFirstTask
                0x00000478       0x20 ./freeRTOS/src/port.o
 .text.xPortStartScheduler
                0x00000498       0x3c ./freeRTOS/src/port.o
                0x00000498                xPortStartScheduler
 .text.vPortEnterCritical
                0x000004d4       0x30 ./freeRTOS/src/port.o
                0x000004d4                vPortEnterCritical
 .text.vPortExitCritical
                0x00000504       0x30 ./freeRTOS/src/port.o
                0x00000504                vPortExitCritical
 *fill*         0x00000534        0xc ff
 .text.PendSV_Handler
                0x00000540       0x48 ./freeRTOS/src/port.o
                0x00000540                PendSV_Handler
 .text.SysTick_Handler
                0x00000588       0x40 ./freeRTOS/src/port.o
                0x00000588                SysTick_Handler
 .text.vPortSuppressTicksAndSleep
                0x000005c8      0x184 ./freeRTOS/src/port.o
                0x000005c8                vPortSuppressTicksAndSleep
 .text.vPortSetupTimerInterrupt
                0x0000074c       0x78 ./freeRTOS/src/port.o
                0x0000074c                vPortSetupTimerInterrupt
 .text.xQueueGenericReset
                0x000007c4       0xb4 ./freeRTOS/src/queue.o
                0x000007c4                xQueueGenericReset
 .text.xQueueGenericCreate
                0x00000878       0x58 ./freeRTOS/src/queue.o
                0x00000878                xQueueGenericCreate
 .text.prvInitialiseNewQueue
                0x000008d0       0x46 ./freeRTOS/src/queue.o
 *fill*         0x00000916        0x2 ff
 .text.xQueueGenericSend
                0x00000918      0x154 ./freeRTOS/src/queue.o
                0x00000918                xQueueGenericSend
 .text.xQueueGiveFromISR
                0x00000a6c       0xa6 ./freeRTOS/src/queue.o
                0x00000a6c                xQueueGiveFromISR
 *fill*         0x00000b12        0x2 ff
 .text.xQueueGenericReceive
                0x00000b14      0x1b0 ./freeRTOS/src/queue.o
                0x00000b14                xQueueGenericReceive
 .text.uxQueueMessagesWaiting
                0x00000cc4       0x20 ./freeRTOS/src/queue.o
                0x00000cc4                uxQueueMessagesWaiting
 .text.prvCopyDataToQueue
                0x00000ce4       0xd4 ./freeRTOS/src/queue.o
 .text.prvCopyDataFromQueue
                0x00000db8       0x4c ./freeRTOS/src/queue.o
 .text.prvUnlockQueue
                0x00000e04       0xa4 ./freeRTOS/src/queue.o
 .text.prvIsQueueEmpty
                0x00000ea8       0x2c ./freeRTOS/src/queue.o
 .text.prvIsQueueFull
                0x00000ed4       0x30 ./freeRTOS/src/queue.o
 .text.xTaskCreate
                0x00000f04       0x82 ./freeRTOS/src/tasks.o
                0x00000f04                xTaskCreate
 .text.prvInitialiseNewTask
                0x00000f86       0xee ./freeRTOS/src/tasks.o
 .text.prvAddNewTaskToReadyList
                0x00001074       0xdc ./freeRTOS/src/tasks.o
 .text.vTaskDelete
                0x00001150       0xfc ./freeRTOS/src/tasks.o
                0x00001150                vTaskDelete
 .text.vTaskDelay
                0x0000124c       0x48 ./freeRTOS/src/tasks.o
                0x0000124c                vTaskDelay
 .text.vTaskStartScheduler
                0x00001294       0x6c ./freeRTOS/src/tasks.o
                0x00001294                vTaskStartScheduler
 .text.vTaskSuspendAll
                0x00001300       0x1c ./freeRTOS/src/tasks.o
                0x00001300                vTaskSuspendAll
 .text.prvGetExpectedIdleTime
                0x0000131c       0x74 ./freeRTOS/src/tasks.o
 .text.xTaskResumeAll
                0x00001390      0x11c ./freeRTOS/src/tasks.o
                0x00001390                xTaskResumeAll
 .text.vTaskStepTick
                0x000014ac       0x24 ./freeRTOS/src/tasks.o
                0x000014ac                vTaskStepTick
 .text.xTaskIncrementTick
                0x000014d0      0x16c ./freeRTOS/src/tasks.o
                0x000014d0                xTaskIncrementTick
 .text.vTaskSwitchContext
                0x0000163c       0x8c ./freeRTOS/src/tasks.o
                0x0000163c                vTaskSwitchContext
 .text.vTaskPlaceOnEventList
                0x000016c8       0x2c ./freeRTOS/src/tasks.o
                0x000016c8                vTaskPlaceOnEventList
 .text.xTaskRemoveFromEventList
                0x000016f4       0xac ./freeRTOS/src/tasks.o
                0x000016f4                xTaskRemoveFromEventList
 .text.vTaskSetTimeOutState
                0x000017a0       0x2c ./freeRTOS/src/tasks.o
                0x000017a0                vTaskSetTimeOutState
 .text.xTaskCheckForTimeOut
                0x000017cc       0x88 ./freeRTOS/src/tasks.o
                0x000017cc                xTaskCheckForTimeOut
 .text.vTaskMissedYield
                0x00001854       0x18 ./freeRTOS/src/tasks.o
                0x00001854                vTaskMissedYield
 .text.prvIdleTask
                0x0000186c       0x54 ./freeRTOS/src/tasks.o
 .text.eTaskConfirmSleepModeStatus
                0x000018c0       0x5c ./freeRTOS/src/tasks.o
                0x000018c0                eTaskConfirmSleepModeStatus
 .text.prvInitialiseTaskLists
                0x0000191c       0x80 ./freeRTOS/src/tasks.o
 .text.prvCheckTasksWaitingTermination
                0x0000199c       0x78 ./freeRTOS/src/tasks.o
 .text.prvDeleteTCB
                0x00001a14       0x20 ./freeRTOS/src/tasks.o
 .text.prvResetNextTaskUnblockTime
                0x00001a34       0x48 ./freeRTOS/src/tasks.o
 .text.vTaskPriorityInherit
                0x00001a7c       0xec ./freeRTOS/src/tasks.o
                0x00001a7c                vTaskPriorityInherit
 .text.xTaskPriorityDisinherit
                0x00001b68       0xc8 ./freeRTOS/src/tasks.o
                0x00001b68                xTaskPriorityDisinherit
 .text.pvTaskIncrementMutexHeldCount
                0x00001c30       0x28 ./freeRTOS/src/tasks.o
                0x00001c30                pvTaskIncrementMutexHeldCount
 .text.prvAddCurrentTaskToDelayedList
                0x00001c58       0xcc ./freeRTOS/src/tasks.o
 .text.NVIC_EnableIRQ
                0x00001d24       0x30 ./Example/src/FRTOS.o
 .text.Chip_GPIO_Init
                0x00001d54       0x16 ./Example/src/FRTOS.o
 .text.Chip_GPIO_SetPinDIROutput
                0x00001d6a       0x38 ./Example/src/FRTOS.o
 .text.Chip_GPIO_SetPinDIRInput
                0x00001da2       0x3a ./Example/src/FRTOS.o
 .text.Chip_GPIO_SetPinDIR
                0x00001ddc       0x42 ./Example/src/FRTOS.o
 .text.Chip_GPIO_SetDir
                0x00001e1e       0x34 ./Example/src/FRTOS.o
 .text.Chip_GPIO_SetPinOutHigh
                0x00001e52       0x2c ./Example/src/FRTOS.o
 .text.Chip_GPIO_SetPinOutLow
                0x00001e7e       0x2c ./Example/src/FRTOS.o
 .text.RingBuffer_IsEmpty
                0x00001eaa       0x28 ./Example/src/FRTOS.o
 .text.Chip_UART_ReadByte
                0x00001ed2       0x18 ./Example/src/FRTOS.o
 .text.Chip_UART_IntEnable
                0x00001eea       0x20 ./Example/src/FRTOS.o
 .text.Chip_UART_IntDisable
                0x00001f0a       0x22 ./Example/src/FRTOS.o
 .text.Chip_UART_SetupFIFOS
                0x00001f2c       0x1a ./Example/src/FRTOS.o
 .text.Chip_UART_ConfigData
                0x00001f46       0x1a ./Example/src/FRTOS.o
 .text.Chip_UART_ReadLineStatus
                0x00001f60       0x16 ./Example/src/FRTOS.o
 *fill*         0x00001f76        0x2 ff
 .text.uC_StartUp
                0x00001f78      0x1ec ./Example/src/FRTOS.o
                0x00001f78                uC_StartUp
 .text.UART1_IRQHandler
                0x00002164       0xa4 ./Example/src/FRTOS.o
                0x00002164                UART1_IRQHandler
 .text.xTaskUART1Config
                0x00002208       0x8c ./Example/src/FRTOS.o
 .text.vTaskGSMConfig
                0x00002294      0x100 ./Example/src/FRTOS.o
 .text.vTaskCargarAnillo
                0x00002394       0x3c ./Example/src/FRTOS.o
 .text.vTaskLeerAnillo
                0x000023d0       0x8c ./Example/src/FRTOS.o
 .text.LeerCola
                0x0000245c       0x56 ./Example/src/FRTOS.o
                0x0000245c                LeerCola
 *fill*         0x000024b2        0x2 ff
 .text.main     0x000024b4       0xe8 ./Example/src/FRTOS.o
                0x000024b4                main
 .text.SystemInit
                0x0000259c       0x24 ./Example/src/sysinit.o
                0x0000259c                SystemInit
 .text.SystemCoreClockUpdate
                0x000025c0       0x18 C:\Users\Fede\Documents\MCUXpressoIDE_10.1.1_606\workspace\lpc_chip_175x_6x\Debug\liblpc_chip_175x_6x.a(chip_17xx_40xx.o)
                0x000025c0                SystemCoreClockUpdate
 .text.Chip_Clock_IsMainPLLEnabled
                0x000025d8       0x24 C:\Users\Fede\Documents\MCUXpressoIDE_10.1.1_606\workspace\lpc_chip_175x_6x\Debug\liblpc_chip_175x_6x.a(clock_17xx_40xx.o)
 .text.Chip_Clock_IsMainPLLConnected
                0x000025fc       0x24 C:\Users\Fede\Documents\MCUXpressoIDE_10.1.1_606\workspace\lpc_chip_175x_6x\Debug\liblpc_chip_175x_6x.a(clock_17xx_40xx.o)
 .text.Chip_Clock_FeedPLL
                0x00002620       0x34 C:\Users\Fede\Documents\MCUXpressoIDE_10.1.1_606\workspace\lpc_chip_175x_6x\Debug\liblpc_chip_175x_6x.a(clock_17xx_40xx.o)
 .text.Chip_Clock_GetMainPLLSource
                0x00002654       0x20 C:\Users\Fede\Documents\MCUXpressoIDE_10.1.1_606\workspace\lpc_chip_175x_6x\Debug\liblpc_chip_175x_6x.a(clock_17xx_40xx.o)
 .text.Chip_Clock_GetMainOscRate
                0x00002674       0x14 C:\Users\Fede\Documents\MCUXpressoIDE_10.1.1_606\workspace\lpc_chip_175x_6x\Debug\liblpc_chip_175x_6x.a(clock_17xx_40xx.o)
 .text.Chip_Clock_GetIntOscRate
                0x00002688       0x14 C:\Users\Fede\Documents\MCUXpressoIDE_10.1.1_606\workspace\lpc_chip_175x_6x\Debug\liblpc_chip_175x_6x.a(clock_17xx_40xx.o)
 .text.Chip_Clock_GetRTCOscRate
                0x0000269c       0x14 C:\Users\Fede\Documents\MCUXpressoIDE_10.1.1_606\workspace\lpc_chip_175x_6x\Debug\liblpc_chip_175x_6x.a(clock_17xx_40xx.o)
 .text.Chip_Clock_GetMainPLLInClockRate
                0x000026b0        0xe C:\Users\Fede\Documents\MCUXpressoIDE_10.1.1_606\workspace\lpc_chip_175x_6x\Debug\liblpc_chip_175x_6x.a(clock_17xx_40xx.o)
 *fill*         0x000026be        0x2 ff
 .text.Chip_Clock_EnablePLL
                0x000026c0       0x44 C:\Users\Fede\Documents\MCUXpressoIDE_10.1.1_606\workspace\lpc_chip_175x_6x\Debug\liblpc_chip_175x_6x.a(clock_17xx_40xx.o)
                0x000026c0                Chip_Clock_EnablePLL
 .text.Chip_Clock_DisablePLL
                0x00002704       0x48 C:\Users\Fede\Documents\MCUXpressoIDE_10.1.1_606\workspace\lpc_chip_175x_6x\Debug\liblpc_chip_175x_6x.a(clock_17xx_40xx.o)
                0x00002704                Chip_Clock_DisablePLL
 .text.Chip_Clock_SetupPLL
                0x0000274c       0x5c C:\Users\Fede\Documents\MCUXpressoIDE_10.1.1_606\workspace\lpc_chip_175x_6x\Debug\liblpc_chip_175x_6x.a(clock_17xx_40xx.o)
                0x0000274c                Chip_Clock_SetupPLL
 .text.Chip_Clock_EnablePeriphClock
                0x000027a8       0x34 C:\Users\Fede\Documents\MCUXpressoIDE_10.1.1_606\workspace\lpc_chip_175x_6x\Debug\liblpc_chip_175x_6x.a(clock_17xx_40xx.o)
                0x000027a8                Chip_Clock_EnablePeriphClock
 .text.Chip_Clock_GetCPUClockSource
                0x000027dc       0x24 C:\Users\Fede\Documents\MCUXpressoIDE_10.1.1_606\workspace\lpc_chip_175x_6x\Debug\liblpc_chip_175x_6x.a(clock_17xx_40xx.o)
                0x000027dc                Chip_Clock_GetCPUClockSource
 .text.Chip_Clock_SetCPUClockDiv
                0x00002800       0x20 C:\Users\Fede\Documents\MCUXpressoIDE_10.1.1_606\workspace\lpc_chip_175x_6x\Debug\liblpc_chip_175x_6x.a(clock_17xx_40xx.o)
                0x00002800                Chip_Clock_SetCPUClockDiv
 .text.Chip_Clock_GetCPUClockDiv
                0x00002820       0x1c C:\Users\Fede\Documents\MCUXpressoIDE_10.1.1_606\workspace\lpc_chip_175x_6x\Debug\liblpc_chip_175x_6x.a(clock_17xx_40xx.o)
                0x00002820                Chip_Clock_GetCPUClockDiv
 .text.Chip_Clock_GetPCLKDiv
                0x0000283c       0x8c C:\Users\Fede\Documents\MCUXpressoIDE_10.1.1_606\workspace\lpc_chip_175x_6x\Debug\liblpc_chip_175x_6x.a(clock_17xx_40xx.o)
                0x0000283c                Chip_Clock_GetPCLKDiv
 .text.Chip_Clock_GetSYSCLKRate
                0x000028c8       0x34 C:\Users\Fede\Documents\MCUXpressoIDE_10.1.1_606\workspace\lpc_chip_175x_6x\Debug\liblpc_chip_175x_6x.a(clock_17xx_40xx.o)
                0x000028c8                Chip_Clock_GetSYSCLKRate
 .text.Chip_Clock_GetMainPLLOutClockRate
                0x000028fc       0x54 C:\Users\Fede\Documents\MCUXpressoIDE_10.1.1_606\workspace\lpc_chip_175x_6x\Debug\liblpc_chip_175x_6x.a(clock_17xx_40xx.o)
                0x000028fc                Chip_Clock_GetMainPLLOutClockRate
 .text.Chip_Clock_GetMainClockRate
                0x00002950       0x28 C:\Users\Fede\Documents\MCUXpressoIDE_10.1.1_606\workspace\lpc_chip_175x_6x\Debug\liblpc_chip_175x_6x.a(clock_17xx_40xx.o)
                0x00002950                Chip_Clock_GetMainClockRate
 .text.Chip_Clock_GetSystemClockRate
                0x00002978       0x18 C:\Users\Fede\Documents\MCUXpressoIDE_10.1.1_606\workspace\lpc_chip_175x_6x\Debug\liblpc_chip_175x_6x.a(clock_17xx_40xx.o)
                0x00002978                Chip_Clock_GetSystemClockRate
 .text.Chip_Clock_GetPeripheralClockRate
                0x00002990       0x26 C:\Users\Fede\Documents\MCUXpressoIDE_10.1.1_606\workspace\lpc_chip_175x_6x\Debug\liblpc_chip_175x_6x.a(clock_17xx_40xx.o)
                0x00002990                Chip_Clock_GetPeripheralClockRate
 .text.Chip_IOCON_PinMux
                0x000029b6       0x92 C:\Users\Fede\Documents\MCUXpressoIDE_10.1.1_606\workspace\lpc_chip_175x_6x\Debug\liblpc_chip_175x_6x.a(iocon_17xx_40xx.o)
                0x000029b6                Chip_IOCON_PinMux
 .text.RingBuffer_GetCount
                0x00002a48       0x20 C:\Users\Fede\Documents\MCUXpressoIDE_10.1.1_606\workspace\lpc_chip_175x_6x\Debug\liblpc_chip_175x_6x.a(ring_buffer.o)
 .text.RingBuffer_GetFree
                0x00002a68       0x1e C:\Users\Fede\Documents\MCUXpressoIDE_10.1.1_606\workspace\lpc_chip_175x_6x\Debug\liblpc_chip_175x_6x.a(ring_buffer.o)
 .text.RingBuffer_IsFull
                0x00002a86       0x26 C:\Users\Fede\Documents\MCUXpressoIDE_10.1.1_606\workspace\lpc_chip_175x_6x\Debug\liblpc_chip_175x_6x.a(ring_buffer.o)
 .text.RingBuffer_IsEmpty
                0x00002aac       0x28 C:\Users\Fede\Documents\MCUXpressoIDE_10.1.1_606\workspace\lpc_chip_175x_6x\Debug\liblpc_chip_175x_6x.a(ring_buffer.o)
 .text.RingBuffer_Init
                0x00002ad4       0x3a C:\Users\Fede\Documents\MCUXpressoIDE_10.1.1_606\workspace\lpc_chip_175x_6x\Debug\liblpc_chip_175x_6x.a(ring_buffer.o)
                0x00002ad4                RingBuffer_Init
 .text.RingBuffer_Insert
                0x00002b0e       0x5c C:\Users\Fede\Documents\MCUXpressoIDE_10.1.1_606\workspace\lpc_chip_175x_6x\Debug\liblpc_chip_175x_6x.a(ring_buffer.o)
                0x00002b0e                RingBuffer_Insert
 .text.RingBuffer_InsertMult
                0x00002b6a      0x122 C:\Users\Fede\Documents\MCUXpressoIDE_10.1.1_606\workspace\lpc_chip_175x_6x\Debug\liblpc_chip_175x_6x.a(ring_buffer.o)
                0x00002b6a                RingBuffer_InsertMult
 .text.RingBuffer_Pop
                0x00002c8c       0x5c C:\Users\Fede\Documents\MCUXpressoIDE_10.1.1_606\workspace\lpc_chip_175x_6x\Debug\liblpc_chip_175x_6x.a(ring_buffer.o)
                0x00002c8c                RingBuffer_Pop
 .text.Chip_Clock_IsMainPLLEnabled
                0x00002ce8       0x24 C:\Users\Fede\Documents\MCUXpressoIDE_10.1.1_606\workspace\lpc_chip_175x_6x\Debug\liblpc_chip_175x_6x.a(sysinit_17xx_40xx.o)
 .text.Chip_Clock_IsMainPLLLocked
                0x00002d0c       0x24 C:\Users\Fede\Documents\MCUXpressoIDE_10.1.1_606\workspace\lpc_chip_175x_6x\Debug\liblpc_chip_175x_6x.a(sysinit_17xx_40xx.o)
 .text.Chip_Clock_IsMainPLLConnected
                0x00002d30       0x24 C:\Users\Fede\Documents\MCUXpressoIDE_10.1.1_606\workspace\lpc_chip_175x_6x\Debug\liblpc_chip_175x_6x.a(sysinit_17xx_40xx.o)
 .text.Chip_Clock_EnableCrystal
                0x00002d54       0x20 C:\Users\Fede\Documents\MCUXpressoIDE_10.1.1_606\workspace\lpc_chip_175x_6x\Debug\liblpc_chip_175x_6x.a(sysinit_17xx_40xx.o)
 .text.Chip_Clock_IsCrystalEnabled
                0x00002d74       0x24 C:\Users\Fede\Documents\MCUXpressoIDE_10.1.1_606\workspace\lpc_chip_175x_6x\Debug\liblpc_chip_175x_6x.a(sysinit_17xx_40xx.o)
 .text.Chip_Clock_SetMainPLLSource
                0x00002d98       0x20 C:\Users\Fede\Documents\MCUXpressoIDE_10.1.1_606\workspace\lpc_chip_175x_6x\Debug\liblpc_chip_175x_6x.a(sysinit_17xx_40xx.o)
 .text.Chip_SetupXtalClocking
                0x00002db8       0x90 C:\Users\Fede\Documents\MCUXpressoIDE_10.1.1_606\workspace\lpc_chip_175x_6x\Debug\liblpc_chip_175x_6x.a(sysinit_17xx_40xx.o)
                0x00002db8                Chip_SetupXtalClocking
 .text.Chip_SystemInit
                0x00002e48        0xc C:\Users\Fede\Documents\MCUXpressoIDE_10.1.1_606\workspace\lpc_chip_175x_6x\Debug\liblpc_chip_175x_6x.a(sysinit_17xx_40xx.o)
                0x00002e48                Chip_SystemInit
 .text.Chip_UART_SendByte
                0x00002e54       0x1c C:\Users\Fede\Documents\MCUXpressoIDE_10.1.1_606\workspace\lpc_chip_175x_6x\Debug\liblpc_chip_175x_6x.a(uart_17xx_40xx.o)
 .text.Chip_UART_IntEnable
                0x00002e70       0x20 C:\Users\Fede\Documents\MCUXpressoIDE_10.1.1_606\workspace\lpc_chip_175x_6x\Debug\liblpc_chip_175x_6x.a(uart_17xx_40xx.o)
 .text.Chip_UART_IntDisable
                0x00002e90       0x22 C:\Users\Fede\Documents\MCUXpressoIDE_10.1.1_606\workspace\lpc_chip_175x_6x\Debug\liblpc_chip_175x_6x.a(uart_17xx_40xx.o)
 .text.Chip_UART_SetupFIFOS
                0x00002eb2       0x1a C:\Users\Fede\Documents\MCUXpressoIDE_10.1.1_606\workspace\lpc_chip_175x_6x\Debug\liblpc_chip_175x_6x.a(uart_17xx_40xx.o)
 .text.Chip_UART_ConfigData
                0x00002ecc       0x1a C:\Users\Fede\Documents\MCUXpressoIDE_10.1.1_606\workspace\lpc_chip_175x_6x\Debug\liblpc_chip_175x_6x.a(uart_17xx_40xx.o)
 .text.Chip_UART_EnableDivisorAccess
                0x00002ee6       0x1e C:\Users\Fede\Documents\MCUXpressoIDE_10.1.1_606\workspace\lpc_chip_175x_6x\Debug\liblpc_chip_175x_6x.a(uart_17xx_40xx.o)
 .text.Chip_UART_DisableDivisorAccess
                0x00002f04       0x1e C:\Users\Fede\Documents\MCUXpressoIDE_10.1.1_606\workspace\lpc_chip_175x_6x\Debug\liblpc_chip_175x_6x.a(uart_17xx_40xx.o)
 .text.Chip_UART_SetDivisorLatches
                0x00002f22       0x26 C:\Users\Fede\Documents\MCUXpressoIDE_10.1.1_606\workspace\lpc_chip_175x_6x\Debug\liblpc_chip_175x_6x.a(uart_17xx_40xx.o)
 .text.Chip_UART_ReadLineStatus
                0x00002f48       0x16 C:\Users\Fede\Documents\MCUXpressoIDE_10.1.1_606\workspace\lpc_chip_175x_6x\Debug\liblpc_chip_175x_6x.a(uart_17xx_40xx.o)
 *fill*         0x00002f5e        0x2 ff
 .text.Chip_UART_GetClockIndex
                0x00002f60       0x50 C:\Users\Fede\Documents\MCUXpressoIDE_10.1.1_606\workspace\lpc_chip_175x_6x\Debug\liblpc_chip_175x_6x.a(uart_17xx_40xx.o)
 .text.Chip_UART_GetClkIndex
                0x00002fb0       0x50 C:\Users\Fede\Documents\MCUXpressoIDE_10.1.1_606\workspace\lpc_chip_175x_6x\Debug\liblpc_chip_175x_6x.a(uart_17xx_40xx.o)
 .text.Chip_UART_Init
                0x00003000       0x78 C:\Users\Fede\Documents\MCUXpressoIDE_10.1.1_606\workspace\lpc_chip_175x_6x\Debug\liblpc_chip_175x_6x.a(uart_17xx_40xx.o)
                0x00003000                Chip_UART_Init
 .text.Chip_UART_TXEnable
                0x00003078       0x18 C:\Users\Fede\Documents\MCUXpressoIDE_10.1.1_606\workspace\lpc_chip_175x_6x\Debug\liblpc_chip_175x_6x.a(uart_17xx_40xx.o)
                0x00003078                Chip_UART_TXEnable
 .text.Chip_UART_TXDisable
                0x00003090       0x18 C:\Users\Fede\Documents\MCUXpressoIDE_10.1.1_606\workspace\lpc_chip_175x_6x\Debug\liblpc_chip_175x_6x.a(uart_17xx_40xx.o)
                0x00003090                Chip_UART_TXDisable
 .text.Chip_UART_SetBaud
                0x000030a8       0x62 C:\Users\Fede\Documents\MCUXpressoIDE_10.1.1_606\workspace\lpc_chip_175x_6x\Debug\liblpc_chip_175x_6x.a(uart_17xx_40xx.o)
                0x000030a8                Chip_UART_SetBaud
 .text.Chip_UART_TXIntHandlerRB
                0x0000310a       0x40 C:\Users\Fede\Documents\MCUXpressoIDE_10.1.1_606\workspace\lpc_chip_175x_6x\Debug\liblpc_chip_175x_6x.a(uart_17xx_40xx.o)
                0x0000310a                Chip_UART_TXIntHandlerRB
 .text.Chip_UART_SendRB
                0x0000314a       0x60 C:\Users\Fede\Documents\MCUXpressoIDE_10.1.1_606\workspace\lpc_chip_175x_6x\Debug\liblpc_chip_175x_6x.a(uart_17xx_40xx.o)
                0x0000314a                Chip_UART_SendRB
 .text.__main   0x000031aa        0xe c:/nxp/mcuxpressoide_10.1.1_606/ide/tools/bin/../lib/gcc/arm-none-eabi/6.3.1/../../../../arm-none-eabi/lib/thumb/v7-m\libcr_semihost.a(_cr__main.o)
                0x000031aa                __CR_SEMIHOST
                0x000031aa                __main
 .text.memcpy   0x000031b8        0x4 c:/nxp/mcuxpressoide_10.1.1_606/ide/tools/bin/../lib/gcc/arm-none-eabi/6.3.1/../../../../arm-none-eabi/lib/thumb/v7-m\libcr_c.a(memcpy.o)
                0x000031b8                memcpy
 .text.memset   0x000031bc        0x4 c:/nxp/mcuxpressoide_10.1.1_606/ide/tools/bin/../lib/gcc/arm-none-eabi/6.3.1/../../../../arm-none-eabi/lib/thumb/v7-m\libcr_c.a(memset.o)
                0x000031bc                memset
 .text.malloc   0x000031c0       0xc4 c:/nxp/mcuxpressoide_10.1.1_606/ide/tools/bin/../lib/gcc/arm-none-eabi/6.3.1/../../../../arm-none-eabi/lib/thumb/v7-m\libcr_c.a(alloc.o)
                0x000031c0                malloc
 .text.free     0x00003284       0x30 c:/nxp/mcuxpressoide_10.1.1_606/ide/tools/bin/../lib/gcc/arm-none-eabi/6.3.1/../../../../arm-none-eabi/lib/thumb/v7-m\libcr_c.a(alloc.o)
                0x00003284                free
 .text._Csys_alloc
                0x000032b4       0x20 c:/nxp/mcuxpressoide_10.1.1_606/ide/tools/bin/../lib/gcc/arm-none-eabi/6.3.1/../../../../arm-none-eabi/lib/thumb/v7-m\libcr_c.a(alloc.o)
                0x000032b4                _Csys_alloc
 .text.fp_round
                0x000032d4       0x4c c:/nxp/mcuxpressoide_10.1.1_606/ide/tools/bin/../lib/gcc/arm-none-eabi/6.3.1/../../../../arm-none-eabi/lib/thumb/v7-m\libcr_c.a(fpprintf.o)
 .text.pr_dec.constprop.1
                0x00003320       0x26 c:/nxp/mcuxpressoide_10.1.1_606/ide/tools/bin/../lib/gcc/arm-none-eabi/6.3.1/../../../../arm-none-eabi/lib/thumb/v7-m\libcr_c.a(fpprintf.o)
 *fill*         0x00003346        0x2 ff
 .text.sprintf  0x00003348       0x6c c:/nxp/mcuxpressoide_10.1.1_606/ide/tools/bin/../lib/gcc/arm-none-eabi/6.3.1/../../../../arm-none-eabi/lib/thumb/v7-m\libcr_c.a(fpprintf.o)
                0x00003348                sprintf
 *fill*         0x000033b4        0x4 ff
 .text.fp_display
                0x000033b8      0x95c c:/nxp/mcuxpressoide_10.1.1_606/ide/tools/bin/../lib/gcc/arm-none-eabi/6.3.1/../../../../arm-none-eabi/lib/thumb/v7-m\libcr_c.a(fpprintf.o)
 .text.vsnprintf
                0x00003d14       0x5c c:/nxp/mcuxpressoide_10.1.1_606/ide/tools/bin/../lib/gcc/arm-none-eabi/6.3.1/../../../../arm-none-eabi/lib/thumb/v7-m\libcr_c.a(fpprintf.o)
                0x00003d14                vsnprintf
 .text.printf   0x00003d70       0x54 c:/nxp/mcuxpressoide_10.1.1_606/ide/tools/bin/../lib/gcc/arm-none-eabi/6.3.1/../../../../arm-none-eabi/lib/thumb/v7-m\libcr_c.a(fpprintf.o)
                0x00003d70                printf
 .text._initio  0x00003dc4       0x78 c:/nxp/mcuxpressoide_10.1.1_606/ide/tools/bin/../lib/gcc/arm-none-eabi/6.3.1/../../../../arm-none-eabi/lib/thumb/v7-m\libcr_c.a(initio.o)
                0x00003dc4                _initio
 .text.__vfprintf
                0x00003e3c      0xb68 c:/nxp/mcuxpressoide_10.1.1_606/ide/tools/bin/../lib/gcc/arm-none-eabi/6.3.1/../../../../arm-none-eabi/lib/thumb/v7-m\libcr_c.a(printf.o)
                0x00003e3c                __vfprintf
 .text.setvbuf  0x000049a4       0x40 c:/nxp/mcuxpressoide_10.1.1_606/ide/tools/bin/../lib/gcc/arm-none-eabi/6.3.1/../../../../arm-none-eabi/lib/thumb/v7-m\libcr_c.a(setvbuf.o)
                0x000049a4                setvbuf
 .text.strlen   0x000049e4       0x4a c:/nxp/mcuxpressoide_10.1.1_606/ide/tools/bin/../lib/gcc/arm-none-eabi/6.3.1/../../../../arm-none-eabi/lib/thumb/v7-m\libcr_c.a(strlen.o)
                0x000049e4                strlen
 *fill*         0x00004a2e        0x2 ff
 .text._sbrk    0x00004a30       0x3c c:/nxp/mcuxpressoide_10.1.1_606/ide/tools/bin/../lib/gcc/arm-none-eabi/6.3.1/../../../../arm-none-eabi/lib/thumb/v7-m\libcr_c.a(_cr_sbrk.o)
                0x00004a30                _sbrk
 .text._deferredlazyseek
                0x00004a6c       0x40 c:/nxp/mcuxpressoide_10.1.1_606/ide/tools/bin/../lib/gcc/arm-none-eabi/6.3.1/../../../../arm-none-eabi/lib/thumb/v7-m\libcr_c.a(_deferredlazyseek.o)
                0x00004a6c                _deferredlazyseek
 .text.__flsbuf
                0x00004aac      0x148 c:/nxp/mcuxpressoide_10.1.1_606/ide/tools/bin/../lib/gcc/arm-none-eabi/6.3.1/../../../../arm-none-eabi/lib/thumb/v7-m\libcr_c.a(_deferredlazyseek.o)
                0x00004aac                __flsbuf
 .text._fdopen  0x00004bf4       0x68 c:/nxp/mcuxpressoide_10.1.1_606/ide/tools/bin/../lib/gcc/arm-none-eabi/6.3.1/../../../../arm-none-eabi/lib/thumb/v7-m\libcr_c.a(_fdopen.o)
                0x00004bf4                _fdopen
 .text._fflush  0x00004c5c       0x54 c:/nxp/mcuxpressoide_10.1.1_606/ide/tools/bin/../lib/gcc/arm-none-eabi/6.3.1/../../../../arm-none-eabi/lib/thumb/v7-m\libcr_c.a(_fflush.o)
                0x00004c5c                _fflush
 .text._frexpl  0x00004cb0       0x58 c:/nxp/mcuxpressoide_10.1.1_606/ide/tools/bin/../lib/gcc/arm-none-eabi/6.3.1/../../../../arm-none-eabi/lib/thumb/v7-m\libcr_c.a(_frexpl.o)
                0x00004cb0                _frexpl
 .text._ldexpl  0x00004d08       0x4c c:/nxp/mcuxpressoide_10.1.1_606/ide/tools/bin/../lib/gcc/arm-none-eabi/6.3.1/../../../../arm-none-eabi/lib/thumb/v7-m\libcr_c.a(_ldexpl.o)
                0x00004d08                _ldexpl
 .text._Cwritebuf
                0x00004d54       0x6c c:/nxp/mcuxpressoide_10.1.1_606/ide/tools/bin/../lib/gcc/arm-none-eabi/6.3.1/../../../../arm-none-eabi/lib/thumb/v7-m\libcr_c.a(_writebuf.o)
                0x00004d54                _Cwritebuf
 .text.fclose   0x00004dc0       0x58 c:/nxp/mcuxpressoide_10.1.1_606/ide/tools/bin/../lib/gcc/arm-none-eabi/6.3.1/../../../../arm-none-eabi/lib/thumb/v7-m\libcr_c.a(fclose.o)
                0x00004dc0                fclose
 .text.fflush   0x00004e18       0x44 c:/nxp/mcuxpressoide_10.1.1_606/ide/tools/bin/../lib/gcc/arm-none-eabi/6.3.1/../../../../arm-none-eabi/lib/thumb/v7-m\libcr_c.a(fflush.o)
                0x00004e18                fflush
 .text.fseek    0x00004e5c      0x100 c:/nxp/mcuxpressoide_10.1.1_606/ide/tools/bin/../lib/gcc/arm-none-eabi/6.3.1/../../../../arm-none-eabi/lib/thumb/v7-m\libcr_c.a(fseek.o)
                0x00004e5c                fseek
 .text.ftell    0x00004f5c       0x48 c:/nxp/mcuxpressoide_10.1.1_606/ide/tools/bin/../lib/gcc/arm-none-eabi/6.3.1/../../../../arm-none-eabi/lib/thumb/v7-m\libcr_c.a(ftell.o)
                0x00004f5c                ftell
 .text.remove   0x00004fa4       0x14 c:/nxp/mcuxpressoide_10.1.1_606/ide/tools/bin/../lib/gcc/arm-none-eabi/6.3.1/../../../../arm-none-eabi/lib/thumb/v7-m\libcr_c.a(remove.o)
                0x00004fa4                remove
 .text.__check_heap_overflow
                0x00004fb8       0x18 c:/nxp/mcuxpressoide_10.1.1_606/ide/tools/bin/../lib/gcc/arm-none-eabi/6.3.1/../../../../arm-none-eabi/lib/thumb/v7-m\libcr_c.a(_cr_check_heap.o)
                0x00004fb8                __check_heap_overflow
 .text._do_fflush
                0x00004fd0       0x40 c:/nxp/mcuxpressoide_10.1.1_606/ide/tools/bin/../lib/gcc/arm-none-eabi/6.3.1/../../../../arm-none-eabi/lib/thumb/v7-m\libcr_c.a(_do_fflush.o)
                0x00004fd0                _do_fflush
 .text.__aeabi_dmul
                0x00005010      0x10c c:/nxp/mcuxpressoide_10.1.1_606/ide/tools/bin/../lib/gcc/arm-none-eabi/6.3.1/thumb/v7-m\libcr_eabihelpers.a(double.o)
                0x00005010                __aeabi_dmul
 .text.__aeabi_ddiv
                0x0000511c      0x134 c:/nxp/mcuxpressoide_10.1.1_606/ide/tools/bin/../lib/gcc/arm-none-eabi/6.3.1/thumb/v7-m\libcr_eabihelpers.a(double.o)
                0x0000511c                __aeabi_ddiv
 .text.__aeabi_dsub
                0x00005250      0x1dc c:/nxp/mcuxpressoide_10.1.1_606/ide/tools/bin/../lib/gcc/arm-none-eabi/6.3.1/thumb/v7-m\libcr_eabihelpers.a(double.o)
                0x00005250                __aeabi_dsub
 .text.__aeabi_dadd
                0x0000542c      0x10c c:/nxp/mcuxpressoide_10.1.1_606/ide/tools/bin/../lib/gcc/arm-none-eabi/6.3.1/thumb/v7-m\libcr_eabihelpers.a(double.o)
                0x0000542c                __aeabi_dadd
 .text.__aeabi_d2iz
                0x00005538       0x40 c:/nxp/mcuxpressoide_10.1.1_606/ide/tools/bin/../lib/gcc/arm-none-eabi/6.3.1/thumb/v7-m\libcr_eabihelpers.a(double.o)
                0x00005538                __aeabi_d2iz
 .text.__bhs_ui2d
                0x00005578       0x46 c:/nxp/mcuxpressoide_10.1.1_606/ide/tools/bin/../lib/gcc/arm-none-eabi/6.3.1/thumb/v7-m\libcr_eabihelpers.a(double.o)
                0x00005578                __bhs_ui2d
 .text.__aeabi_i2d
                0x000055be       0x12 c:/nxp/mcuxpressoide_10.1.1_606/ide/tools/bin/../lib/gcc/arm-none-eabi/6.3.1/thumb/v7-m\libcr_eabihelpers.a(double.o)
                0x000055be                __aeabi_i2d
 .text.__aeabi_dcmpeq
                0x000055d0       0x2c c:/nxp/mcuxpressoide_10.1.1_606/ide/tools/bin/../lib/gcc/arm-none-eabi/6.3.1/thumb/v7-m\libcr_eabihelpers.a(double.o)
                0x000055d0                __aeabi_dcmpeq
 .text.__aeabi_dcmplt
                0x000055fc       0x54 c:/nxp/mcuxpressoide_10.1.1_606/ide/tools/bin/../lib/gcc/arm-none-eabi/6.3.1/thumb/v7-m\libcr_eabihelpers.a(double.o)
                0x000055fc                __aeabi_dcmplt
 .text.__aeabi_dcmple
                0x00005650       0x54 c:/nxp/mcuxpressoide_10.1.1_606/ide/tools/bin/../lib/gcc/arm-none-eabi/6.3.1/thumb/v7-m\libcr_eabihelpers.a(double.o)
                0x00005650                __aeabi_dcmple
 .text.__aeabi_dcmpge
                0x000056a4       0x54 c:/nxp/mcuxpressoide_10.1.1_606/ide/tools/bin/../lib/gcc/arm-none-eabi/6.3.1/thumb/v7-m\libcr_eabihelpers.a(double.o)
                0x000056a4                __aeabi_dcmpge
 .text.__aeabi_memcpy
                0x000056f8       0x34 c:/nxp/mcuxpressoide_10.1.1_606/ide/tools/bin/../lib/gcc/arm-none-eabi/6.3.1/thumb/v7-m\libcr_eabihelpers.a(memcpy.o)
                0x000056f8                __aeabi_memcpy
                0x00005702                __aeabi_memcpy8
                0x00005702                __aeabi_memcpy4
 .text.__aeabi_memset_lowlevel
                0x0000572c       0x32 c:/nxp/mcuxpressoide_10.1.1_606/ide/tools/bin/../lib/gcc/arm-none-eabi/6.3.1/thumb/v7-m\libcr_eabihelpers.a(memcpy.o)
                0x0000572c                __aeabi_lowlevel_memset
 *fill*         0x0000575e        0x2 ff
 .text.__sys_appexit
                0x00005760        0xc c:/nxp/mcuxpressoide_10.1.1_606/ide/tools/bin/../lib/gcc/arm-none-eabi/6.3.1/../../../../arm-none-eabi/lib/thumb/v7-m\libcr_semihost.a(__sys_appexit.o)
                0x00005760                __sys_appexit
                0x00005760                __exit
 .text.__sys_close
                0x0000576c        0xc c:/nxp/mcuxpressoide_10.1.1_606/ide/tools/bin/../lib/gcc/arm-none-eabi/6.3.1/../../../../arm-none-eabi/lib/thumb/v7-m\libcr_semihost.a(__sys_close.o)
                0x0000576c                __sys_close
 .text.__sys_flen
                0x00005778        0xc c:/nxp/mcuxpressoide_10.1.1_606/ide/tools/bin/../lib/gcc/arm-none-eabi/6.3.1/../../../../arm-none-eabi/lib/thumb/v7-m\libcr_semihost.a(__sys_flen.o)
                0x00005778                __sys_flen
 .text.__sys_istty
                0x00005784        0xc c:/nxp/mcuxpressoide_10.1.1_606/ide/tools/bin/../lib/gcc/arm-none-eabi/6.3.1/../../../../arm-none-eabi/lib/thumb/v7-m\libcr_semihost.a(__sys_istty.o)
                0x00005784                __sys_istty
 .text.__sys_remove
                0x00005790        0xc c:/nxp/mcuxpressoide_10.1.1_606/ide/tools/bin/../lib/gcc/arm-none-eabi/6.3.1/../../../../arm-none-eabi/lib/thumb/v7-m\libcr_semihost.a(__sys_remove.o)
                0x00005790                __sys_remove
 .text.__sys_seek
                0x0000579c        0xc c:/nxp/mcuxpressoide_10.1.1_606/ide/tools/bin/../lib/gcc/arm-none-eabi/6.3.1/../../../../arm-none-eabi/lib/thumb/v7-m\libcr_semihost.a(__sys_seek.o)
                0x0000579c                __sys_seek
 .text.__sys_tmpnam
                0x000057a8        0xc c:/nxp/mcuxpressoide_10.1.1_606/ide/tools/bin/../lib/gcc/arm-none-eabi/6.3.1/../../../../arm-none-eabi/lib/thumb/v7-m\libcr_semihost.a(__sys_tmpnam.o)
                0x000057a8                __sys_tmpnam
 .text.__sys_write
                0x000057b4        0xc c:/nxp/mcuxpressoide_10.1.1_606/ide/tools/bin/../lib/gcc/arm-none-eabi/6.3.1/../../../../arm-none-eabi/lib/thumb/v7-m\libcr_semihost.a(__sys_write.o)
                0x000057b4                __sys_write
 *(.rodata .rodata.* .constdata .constdata.*)
 .rodata        0x000057c0        0x5 ./freeRTOS/src/tasks.o
 *fill*         0x000057c5        0x3 ff
 .rodata        0x000057c8      0x13b ./Example/src/FRTOS.o
 *fill*         0x00005903        0x1 ff
 .rodata.OscRateIn
                0x00005904        0x4 ./Example/src/sysinit.o
                0x00005904                OscRateIn
 .rodata.RTCOscRateIn
                0x00005908        0x4 ./Example/src/sysinit.o
                0x00005908                RTCOscRateIn
 .rodata._Csys_alloc.str1.1
                0x0000590c       0x18 c:/nxp/mcuxpressoide_10.1.1_606/ide/tools/bin/../lib/gcc/arm-none-eabi/6.3.1/../../../../arm-none-eabi/lib/thumb/v7-m\libcr_c.a(alloc.o)
 .rodata.fp_display.str1.1
                0x00005924       0x34 c:/nxp/mcuxpressoide_10.1.1_606/ide/tools/bin/../lib/gcc/arm-none-eabi/6.3.1/../../../../arm-none-eabi/lib/thumb/v7-m\libcr_c.a(fpprintf.o)
                                 0x35 (size before relaxing)
 .rodata._initio.str1.1
                0x00005958        0x4 c:/nxp/mcuxpressoide_10.1.1_606/ide/tools/bin/../lib/gcc/arm-none-eabi/6.3.1/../../../../arm-none-eabi/lib/thumb/v7-m\libcr_c.a(initio.o)
 .rodata.__vfprintf.str1.1
                0x0000595c       0x31 c:/nxp/mcuxpressoide_10.1.1_606/ide/tools/bin/../lib/gcc/arm-none-eabi/6.3.1/../../../../arm-none-eabi/lib/thumb/v7-m\libcr_c.a(printf.o)
                                 0x38 (size before relaxing)
 *fill*         0x0000598d        0x3 ff
 .rodata.__huge_vall
                0x00005990        0x8 c:/nxp/mcuxpressoide_10.1.1_606/ide/tools/bin/../lib/gcc/arm-none-eabi/6.3.1/../../../../arm-none-eabi/lib/thumb/v7-m\libcr_c.a(_hugeval.o)
                0x00005990                __huge_vall
 .rodata.__num_Ciob_streams
                0x00005998        0x4 c:/nxp/mcuxpressoide_10.1.1_606/ide/tools/bin/../lib/gcc/arm-none-eabi/6.3.1/../../../../arm-none-eabi/lib/thumb/v7-m\libcr_semihost.a(__ciob.o)
                0x00005998                __num_Ciob_streams
                0x0000599c                . = ALIGN (0x4)

.glue_7         0x0000599c        0x0
 .glue_7        0x0000599c        0x0 linker stubs

.glue_7t        0x0000599c        0x0
 .glue_7t       0x0000599c        0x0 linker stubs

.vfp11_veneer   0x0000599c        0x0
 .vfp11_veneer  0x0000599c        0x0 linker stubs

.v4_bx          0x0000599c        0x0
 .v4_bx         0x0000599c        0x0 linker stubs

.iplt           0x0000599c        0x0
 .iplt          0x0000599c        0x0 ./freeRTOS/src/FreeRTOSCommonHooks.o

.rel.dyn        0x0000599c        0x0
 .rel.iplt      0x0000599c        0x0 ./freeRTOS/src/FreeRTOSCommonHooks.o

.ARM.extab
 *(.ARM.extab* .gnu.linkonce.armextab.*)
                0x0000599c                __exidx_start = .

.ARM.exidx
 *(.ARM.exidx* .gnu.linkonce.armexidx.*)
                0x0000599c                __exidx_end = .
                0x0000599c                _etext = .

.data_RAM2      0x2007c000        0x0 load address 0x0000599c
 FILL mask 0xff
                [!provide]                PROVIDE (__start_data_RAM2, .)
 *(.ramfunc.$RAM2)
 *(.ramfunc.$RamAHB32)
 *(.data.$RAM2*)
 *(.data.$RamAHB32*)
                0x2007c000                . = ALIGN (0x4)
                [!provide]                PROVIDE (__end_data_RAM2, .)

.uninit_RESERVED
                0x10000000        0x0
 *(.bss.$RESERVED*)
                0x10000000                . = ALIGN (0x4)
                0x10000000                _end_uninit_RESERVED = .

.data           0x10000000        0x4 load address 0x0000599c
 FILL mask 0xff
                0x10000000                _data = .
 *(vtable)
 *(.ramfunc*)
 *(.data*)
 .data.uxCriticalNesting
                0x10000000        0x4 ./freeRTOS/src/port.o
                0x10000004                . = ALIGN (0x4)
                0x10000004                _edata = .

.igot.plt       0x10000004        0x0 load address 0x000059a0
 .igot.plt      0x10000004        0x0 ./freeRTOS/src/FreeRTOSCommonHooks.o

.bss_RAM2       0x2007c000        0x0
                [!provide]                PROVIDE (__start_bss_RAM2, .)
 *(.bss.$RAM2*)
 *(.bss.$RamAHB32*)
                0x2007c000                . = ALIGN ((. != 0x0)?0x4:0x1)
                [!provide]                PROVIDE (__end_bss_RAM2, .)

.bss            0x10000004      0x754
                0x10000004                _bss = .
 *(.bss*)
 .bss.ulTimerCountsForOneTick
                0x10000004        0x4 ./freeRTOS/src/port.o
 .bss.xMaximumPossibleSuppressedTicks
                0x10000008        0x4 ./freeRTOS/src/port.o
 .bss.ulStoppedTimerCompensation
                0x1000000c        0x4 ./freeRTOS/src/port.o
 .bss.pxCurrentTCB
                0x10000010        0x4 ./freeRTOS/src/tasks.o
                0x10000010                pxCurrentTCB
 .bss.pxReadyTasksLists
                0x10000014       0x64 ./freeRTOS/src/tasks.o
 .bss.xDelayedTaskList1
                0x10000078       0x14 ./freeRTOS/src/tasks.o
 .bss.xDelayedTaskList2
                0x1000008c       0x14 ./freeRTOS/src/tasks.o
 .bss.pxDelayedTaskList
                0x100000a0        0x4 ./freeRTOS/src/tasks.o
 .bss.pxOverflowDelayedTaskList
                0x100000a4        0x4 ./freeRTOS/src/tasks.o
 .bss.xPendingReadyList
                0x100000a8       0x14 ./freeRTOS/src/tasks.o
 .bss.xTasksWaitingTermination
                0x100000bc       0x14 ./freeRTOS/src/tasks.o
 .bss.uxDeletedTasksWaitingCleanUp
                0x100000d0        0x4 ./freeRTOS/src/tasks.o
 .bss.xSuspendedTaskList
                0x100000d4       0x14 ./freeRTOS/src/tasks.o
 .bss.uxCurrentNumberOfTasks
                0x100000e8        0x4 ./freeRTOS/src/tasks.o
 .bss.xTickCount
                0x100000ec        0x4 ./freeRTOS/src/tasks.o
 .bss.uxTopReadyPriority
                0x100000f0        0x4 ./freeRTOS/src/tasks.o
 .bss.xSchedulerRunning
                0x100000f4        0x4 ./freeRTOS/src/tasks.o
 .bss.uxPendedTicks
                0x100000f8        0x4 ./freeRTOS/src/tasks.o
 .bss.xYieldPending
                0x100000fc        0x4 ./freeRTOS/src/tasks.o
 .bss.xNumOfOverflows
                0x10000100        0x4 ./freeRTOS/src/tasks.o
 .bss.uxTaskNumber
                0x10000104        0x4 ./freeRTOS/src/tasks.o
 .bss.xNextTaskUnblockTime
                0x10000108        0x4 ./freeRTOS/src/tasks.o
 .bss.xIdleTaskHandle
                0x1000010c        0x4 ./freeRTOS/src/tasks.o
 .bss.uxSchedulerSuspended
                0x10000110        0x4 ./freeRTOS/src/tasks.o
 .bss.Semaforo_RX
                0x10000114        0x4 ./Example/src/FRTOS.o
                0x10000114                Semaforo_RX
 .bss.Cola_RX   0x10000118        0x4 ./Example/src/FRTOS.o
                0x10000118                Cola_RX
 .bss.Cola_TX   0x1000011c        0x4 ./Example/src/FRTOS.o
                0x1000011c                Cola_TX
 .bss.txring    0x10000120       0x14 ./Example/src/FRTOS.o
 .bss.rxring    0x10000134       0x14 ./Example/src/FRTOS.o
 .bss.rxbuff    0x10000148      0x400 ./Example/src/FRTOS.o
 .bss.txbuff    0x10000548       0x20 ./Example/src/FRTOS.o
 .bss.__end_of_heap
                0x10000568        0x4 c:/nxp/mcuxpressoide_10.1.1_606/ide/tools/bin/../lib/gcc/arm-none-eabi/6.3.1/../../../../arm-none-eabi/lib/thumb/v7-m\libcr_c.a(__init_alloc.o)
                0x10000568                __end_of_heap
 .bss.__heaps   0x1000056c        0x4 c:/nxp/mcuxpressoide_10.1.1_606/ide/tools/bin/../lib/gcc/arm-none-eabi/6.3.1/../../../../arm-none-eabi/lib/thumb/v7-m\libcr_c.a(__init_alloc.o)
                0x1000056c                __heaps
 .bss.errno     0x10000570        0x4 c:/nxp/mcuxpressoide_10.1.1_606/ide/tools/bin/../lib/gcc/arm-none-eabi/6.3.1/../../../../arm-none-eabi/lib/thumb/v7-m\libcr_c.a(errno.o)
                0x10000570                errno
 .bss.__Ciob    0x10000574      0x1e0 c:/nxp/mcuxpressoide_10.1.1_606/ide/tools/bin/../lib/gcc/arm-none-eabi/6.3.1/../../../../arm-none-eabi/lib/thumb/v7-m\libcr_semihost.a(__ciob.o)
                0x10000574                __Ciob
 *(COMMON)
 COMMON         0x10000754        0x4 C:\Users\Fede\Documents\MCUXpressoIDE_10.1.1_606\workspace\lpc_chip_175x_6x\Debug\liblpc_chip_175x_6x.a(chip_17xx_40xx.o)
                0x10000754                SystemCoreClock
                0x10000758                . = ALIGN (0x4)
                0x10000758                _ebss = .
                [!provide]                PROVIDE (end, .)

.noinit_RAM2    0x2007c000        0x0
 *(.noinit.$RAM2*)
 *(.noinit.$RamAHB32*)
                0x2007c000                . = ALIGN (0x4)

.noinit         0x10000758        0x0
                0x10000758                _noinit = .
 *(.noinit*)
                0x10000758                . = ALIGN (0x4)
                0x10000758                _end_noinit = .
                0x10000758                PROVIDE (_pvHeapStart, DEFINED (__user_heap_base)?__user_heap_base:.)
                0x10008000                PROVIDE (_vStackTop, DEFINED (__user_stack_top)?__user_stack_top:(__top_RamLoc32 - 0x0))
                0xefff74de                PROVIDE (__valid_user_code_checksum, (0x0 - ((((((_vStackTop + (ResetISR + 0x1)) + (NMI_Handler + 0x1)) + (HardFault_Handler + 0x1)) + (DEFINED (MemManage_Handler)?MemManage_Handler:0x0 + 0x1)) + (DEFINED (BusFault_Handler)?BusFault_Handler:0x0 + 0x1)) + (DEFINED (UsageFault_Handler)?UsageFault_Handler:0x0 + 0x1))))
                0x00000000                _image_start = LOADADDR (.text)
                0x000059a0                _image_end = (LOADADDR (.data) + SIZEOF (.data))
                0x000059a0                _image_size = (_image_end - _image_start)
OUTPUT(ControlVehicular.axf elf32-littlearm)

.debug_info     0x00000000     0x715f
 .debug_info    0x00000000      0x25e ./freeRTOS/src/FreeRTOSCommonHooks.o
 .debug_info    0x0000025e      0x132 ./freeRTOS/src/heap_3.o
 .debug_info    0x00000390      0x2d6 ./freeRTOS/src/list.o
 .debug_info    0x00000666      0x3e7 ./freeRTOS/src/port.o
 .debug_info    0x00000a4d      0xf58 ./freeRTOS/src/queue.o
 .debug_info    0x000019a5     0x19ae ./freeRTOS/src/tasks.o
 .debug_info    0x00003353      0xe80 ./Example/src/FRTOS.o
 .debug_info    0x000041d3      0x25c ./Example/src/cr_startup_lpc175x_6x.o
 .debug_info    0x0000442f      0x200 ./Example/src/sysinit.o
 .debug_info    0x0000462f      0x55a C:\Users\Fede\Documents\MCUXpressoIDE_10.1.1_606\workspace\lpc_chip_175x_6x\Debug\liblpc_chip_175x_6x.a(chip_17xx_40xx.o)
 .debug_info    0x00004b89      0xba2 C:\Users\Fede\Documents\MCUXpressoIDE_10.1.1_606\workspace\lpc_chip_175x_6x\Debug\liblpc_chip_175x_6x.a(clock_17xx_40xx.o)
 .debug_info    0x0000572b      0x325 C:\Users\Fede\Documents\MCUXpressoIDE_10.1.1_606\workspace\lpc_chip_175x_6x\Debug\liblpc_chip_175x_6x.a(iocon_17xx_40xx.o)
 .debug_info    0x00005a50      0x380 C:\Users\Fede\Documents\MCUXpressoIDE_10.1.1_606\workspace\lpc_chip_175x_6x\Debug\liblpc_chip_175x_6x.a(ring_buffer.o)
 .debug_info    0x00005dd0      0x479 C:\Users\Fede\Documents\MCUXpressoIDE_10.1.1_606\workspace\lpc_chip_175x_6x\Debug\liblpc_chip_175x_6x.a(sysinit_17xx_40xx.o)
 .debug_info    0x00006249      0xf16 C:\Users\Fede\Documents\MCUXpressoIDE_10.1.1_606\workspace\lpc_chip_175x_6x\Debug\liblpc_chip_175x_6x.a(uart_17xx_40xx.o)

.debug_abbrev   0x00000000     0x1b74
 .debug_abbrev  0x00000000      0x17b ./freeRTOS/src/FreeRTOSCommonHooks.o
 .debug_abbrev  0x0000017b       0xe2 ./freeRTOS/src/heap_3.o
 .debug_abbrev  0x0000025d      0x112 ./freeRTOS/src/list.o
 .debug_abbrev  0x0000036f      0x231 ./freeRTOS/src/port.o
 .debug_abbrev  0x000005a0      0x242 ./freeRTOS/src/queue.o
 .debug_abbrev  0x000007e2      0x2fc ./freeRTOS/src/tasks.o
 .debug_abbrev  0x00000ade      0x317 ./Example/src/FRTOS.o
 .debug_abbrev  0x00000df5      0x114 ./Example/src/cr_startup_lpc175x_6x.o
 .debug_abbrev  0x00000f09       0xdb ./Example/src/sysinit.o
 .debug_abbrev  0x00000fe4      0x14d C:\Users\Fede\Documents\MCUXpressoIDE_10.1.1_606\workspace\lpc_chip_175x_6x\Debug\liblpc_chip_175x_6x.a(chip_17xx_40xx.o)
 .debug_abbrev  0x00001131      0x301 C:\Users\Fede\Documents\MCUXpressoIDE_10.1.1_606\workspace\lpc_chip_175x_6x\Debug\liblpc_chip_175x_6x.a(clock_17xx_40xx.o)
 .debug_abbrev  0x00001432      0x14a C:\Users\Fede\Documents\MCUXpressoIDE_10.1.1_606\workspace\lpc_chip_175x_6x\Debug\liblpc_chip_175x_6x.a(iocon_17xx_40xx.o)
 .debug_abbrev  0x0000157c      0x162 C:\Users\Fede\Documents\MCUXpressoIDE_10.1.1_606\workspace\lpc_chip_175x_6x\Debug\liblpc_chip_175x_6x.a(ring_buffer.o)
 .debug_abbrev  0x000016de      0x18a C:\Users\Fede\Documents\MCUXpressoIDE_10.1.1_606\workspace\lpc_chip_175x_6x\Debug\liblpc_chip_175x_6x.a(sysinit_17xx_40xx.o)
 .debug_abbrev  0x00001868      0x30c C:\Users\Fede\Documents\MCUXpressoIDE_10.1.1_606\workspace\lpc_chip_175x_6x\Debug\liblpc_chip_175x_6x.a(uart_17xx_40xx.o)

.debug_aranges  0x00000000      0x900
 .debug_aranges
                0x00000000       0x40 ./freeRTOS/src/FreeRTOSCommonHooks.o
 .debug_aranges
                0x00000040       0x28 ./freeRTOS/src/heap_3.o
 .debug_aranges
                0x00000068       0x40 ./freeRTOS/src/list.o
 .debug_aranges
                0x000000a8       0x78 ./freeRTOS/src/port.o
 .debug_aranges
                0x00000120      0x110 ./freeRTOS/src/queue.o
 .debug_aranges
                0x00000230      0x1e8 ./freeRTOS/src/tasks.o
 .debug_aranges
                0x00000418       0xd8 ./Example/src/FRTOS.o
 .debug_aranges
                0x000004f0       0x80 ./Example/src/cr_startup_lpc175x_6x.o
 .debug_aranges
                0x00000570       0x20 ./Example/src/sysinit.o
 .debug_aranges
                0x00000590       0x38 C:\Users\Fede\Documents\MCUXpressoIDE_10.1.1_606\workspace\lpc_chip_175x_6x\Debug\liblpc_chip_175x_6x.a(chip_17xx_40xx.o)
 .debug_aranges
                0x000005c8      0x120 C:\Users\Fede\Documents\MCUXpressoIDE_10.1.1_606\workspace\lpc_chip_175x_6x\Debug\liblpc_chip_175x_6x.a(clock_17xx_40xx.o)
 .debug_aranges
                0x000006e8       0x30 C:\Users\Fede\Documents\MCUXpressoIDE_10.1.1_606\workspace\lpc_chip_175x_6x\Debug\liblpc_chip_175x_6x.a(iocon_17xx_40xx.o)
 .debug_aranges
                0x00000718       0x60 C:\Users\Fede\Documents\MCUXpressoIDE_10.1.1_606\workspace\lpc_chip_175x_6x\Debug\liblpc_chip_175x_6x.a(ring_buffer.o)
 .debug_aranges
                0x00000778       0x60 C:\Users\Fede\Documents\MCUXpressoIDE_10.1.1_606\workspace\lpc_chip_175x_6x\Debug\liblpc_chip_175x_6x.a(sysinit_17xx_40xx.o)
 .debug_aranges
                0x000007d8      0x128 C:\Users\Fede\Documents\MCUXpressoIDE_10.1.1_606\workspace\lpc_chip_175x_6x\Debug\liblpc_chip_175x_6x.a(uart_17xx_40xx.o)

.debug_ranges   0x00000000      0x810
 .debug_ranges  0x00000000       0x30 ./freeRTOS/src/FreeRTOSCommonHooks.o
 .debug_ranges  0x00000030       0x18 ./freeRTOS/src/heap_3.o
 .debug_ranges  0x00000048       0x30 ./freeRTOS/src/list.o
 .debug_ranges  0x00000078       0x68 ./freeRTOS/src/port.o
 .debug_ranges  0x000000e0      0x100 ./freeRTOS/src/queue.o
 .debug_ranges  0x000001e0      0x1d8 ./freeRTOS/src/tasks.o
 .debug_ranges  0x000003b8       0xc8 ./Example/src/FRTOS.o
 .debug_ranges  0x00000480       0x70 ./Example/src/cr_startup_lpc175x_6x.o
 .debug_ranges  0x000004f0       0x10 ./Example/src/sysinit.o
 .debug_ranges  0x00000500       0x28 C:\Users\Fede\Documents\MCUXpressoIDE_10.1.1_606\workspace\lpc_chip_175x_6x\Debug\liblpc_chip_175x_6x.a(chip_17xx_40xx.o)
 .debug_ranges  0x00000528      0x110 C:\Users\Fede\Documents\MCUXpressoIDE_10.1.1_606\workspace\lpc_chip_175x_6x\Debug\liblpc_chip_175x_6x.a(clock_17xx_40xx.o)
 .debug_ranges  0x00000638       0x20 C:\Users\Fede\Documents\MCUXpressoIDE_10.1.1_606\workspace\lpc_chip_175x_6x\Debug\liblpc_chip_175x_6x.a(iocon_17xx_40xx.o)
 .debug_ranges  0x00000658       0x50 C:\Users\Fede\Documents\MCUXpressoIDE_10.1.1_606\workspace\lpc_chip_175x_6x\Debug\liblpc_chip_175x_6x.a(ring_buffer.o)
 .debug_ranges  0x000006a8       0x50 C:\Users\Fede\Documents\MCUXpressoIDE_10.1.1_606\workspace\lpc_chip_175x_6x\Debug\liblpc_chip_175x_6x.a(sysinit_17xx_40xx.o)
 .debug_ranges  0x000006f8      0x118 C:\Users\Fede\Documents\MCUXpressoIDE_10.1.1_606\workspace\lpc_chip_175x_6x\Debug\liblpc_chip_175x_6x.a(uart_17xx_40xx.o)

.debug_macro    0x00000000     0x6362
 .debug_macro   0x00000000      0x24f ./freeRTOS/src/FreeRTOSCommonHooks.o
 .debug_macro   0x0000024f      0x8d4 ./freeRTOS/src/FreeRTOSCommonHooks.o
 .debug_macro   0x00000b23       0x10 ./freeRTOS/src/FreeRTOSCommonHooks.o
 .debug_macro   0x00000b33      0x12d ./freeRTOS/src/FreeRTOSCommonHooks.o
 .debug_macro   0x00000c60       0x16 ./freeRTOS/src/FreeRTOSCommonHooks.o
 .debug_macro   0x00000c76      0x5b2 ./freeRTOS/src/FreeRTOSCommonHooks.o
 .debug_macro   0x00001228       0xe8 ./freeRTOS/src/FreeRTOSCommonHooks.o
 .debug_macro   0x00001310      0x168 ./freeRTOS/src/FreeRTOSCommonHooks.o
 .debug_macro   0x00001478       0xe4 ./freeRTOS/src/FreeRTOSCommonHooks.o
 .debug_macro   0x0000155c       0x10 ./freeRTOS/src/FreeRTOSCommonHooks.o
 .debug_macro   0x0000156c       0x1f ./freeRTOS/src/FreeRTOSCommonHooks.o
 .debug_macro   0x0000158b      0x3f3 ./freeRTOS/src/FreeRTOSCommonHooks.o
 .debug_macro   0x0000197e       0xc0 ./freeRTOS/src/FreeRTOSCommonHooks.o
 .debug_macro   0x00001a3e       0x8c ./freeRTOS/src/FreeRTOSCommonHooks.o
 .debug_macro   0x00001aca       0x22 ./freeRTOS/src/FreeRTOSCommonHooks.o
 .debug_macro   0x00001aec       0x74 ./freeRTOS/src/FreeRTOSCommonHooks.o
 .debug_macro   0x00001b60       0x10 ./freeRTOS/src/FreeRTOSCommonHooks.o
 .debug_macro   0x00001b70       0x2d ./freeRTOS/src/FreeRTOSCommonHooks.o
 .debug_macro   0x00001b9d       0x3a ./freeRTOS/src/FreeRTOSCommonHooks.o
 .debug_macro   0x00001bd7       0x2d ./freeRTOS/src/FreeRTOSCommonHooks.o
 .debug_macro   0x00001c04      0xbb1 ./freeRTOS/src/FreeRTOSCommonHooks.o
 .debug_macro   0x000027b5      0x22c ./freeRTOS/src/FreeRTOSCommonHooks.o
 .debug_macro   0x000029e1       0x42 ./freeRTOS/src/FreeRTOSCommonHooks.o
 .debug_macro   0x00002a23       0x52 ./freeRTOS/src/FreeRTOSCommonHooks.o
 .debug_macro   0x00002a75       0x78 ./freeRTOS/src/FreeRTOSCommonHooks.o
 .debug_macro   0x00002aed       0x82 ./freeRTOS/src/FreeRTOSCommonHooks.o
 .debug_macro   0x00002b6f      0x48c ./freeRTOS/src/FreeRTOSCommonHooks.o
 .debug_macro   0x00002ffb       0x34 ./freeRTOS/src/FreeRTOSCommonHooks.o
 .debug_macro   0x0000302f      0x4c5 ./freeRTOS/src/FreeRTOSCommonHooks.o
 .debug_macro   0x000034f4      0x1b7 ./freeRTOS/src/FreeRTOSCommonHooks.o
 .debug_macro   0x000036ab       0x10 ./freeRTOS/src/FreeRTOSCommonHooks.o
 .debug_macro   0x000036bb      0x21b ./freeRTOS/src/FreeRTOSCommonHooks.o
 .debug_macro   0x000038d6      0x1b9 ./freeRTOS/src/FreeRTOSCommonHooks.o
 .debug_macro   0x00003a8f       0x40 ./freeRTOS/src/FreeRTOSCommonHooks.o
 .debug_macro   0x00003acf       0x22 ./freeRTOS/src/FreeRTOSCommonHooks.o
 .debug_macro   0x00003af1      0x162 ./freeRTOS/src/FreeRTOSCommonHooks.o
 .debug_macro   0x00003c53       0x94 ./freeRTOS/src/FreeRTOSCommonHooks.o
 .debug_macro   0x00003ce7       0xb8 ./freeRTOS/src/FreeRTOSCommonHooks.o
 .debug_macro   0x00003d9f       0x4c ./freeRTOS/src/FreeRTOSCommonHooks.o
 .debug_macro   0x00003deb       0x16 ./freeRTOS/src/FreeRTOSCommonHooks.o
 .debug_macro   0x00003e01      0x328 ./freeRTOS/src/FreeRTOSCommonHooks.o
 .debug_macro   0x00004129       0x49 ./freeRTOS/src/FreeRTOSCommonHooks.o
 .debug_macro   0x00004172       0x16 ./freeRTOS/src/FreeRTOSCommonHooks.o
 .debug_macro   0x00004188       0xca ./freeRTOS/src/FreeRTOSCommonHooks.o
 .debug_macro   0x00004252       0x11 ./freeRTOS/src/FreeRTOSCommonHooks.o
 .debug_macro   0x00004263       0xd4 ./freeRTOS/src/heap_3.o
 .debug_macro   0x00004337       0xb9 ./freeRTOS/src/list.o
 .debug_macro   0x000043f0      0x159 ./freeRTOS/src/port.o
 .debug_macro   0x00004549      0x122 ./freeRTOS/src/queue.o
 .debug_macro   0x0000466b       0x94 ./freeRTOS/src/queue.o
 .debug_macro   0x000046ff      0x185 ./freeRTOS/src/tasks.o
 .debug_macro   0x00004884       0x11 ./freeRTOS/src/tasks.o
 .debug_macro   0x00004895      0x418 ./Example/src/FRTOS.o
 .debug_macro   0x00004cad       0x18 ./Example/src/FRTOS.o
 .debug_macro   0x00004cc5       0xe8 ./Example/src/FRTOS.o
 .debug_macro   0x00004dad       0x78 ./Example/src/FRTOS.o
 .debug_macro   0x00004e25       0x82 ./Example/src/FRTOS.o
 .debug_macro   0x00004ea7       0x1d ./Example/src/cr_startup_lpc175x_6x.o
 .debug_macro   0x00004ec4      0x1cd ./Example/src/sysinit.o
 .debug_macro   0x00005091       0x7b ./Example/src/sysinit.o
 .debug_macro   0x0000510c      0x1cd C:\Users\Fede\Documents\MCUXpressoIDE_10.1.1_606\workspace\lpc_chip_175x_6x\Debug\liblpc_chip_175x_6x.a(chip_17xx_40xx.o)
 .debug_macro   0x000052d9      0x8c2 C:\Users\Fede\Documents\MCUXpressoIDE_10.1.1_606\workspace\lpc_chip_175x_6x\Debug\liblpc_chip_175x_6x.a(chip_17xx_40xx.o)
 .debug_macro   0x00005b9b      0x1cd C:\Users\Fede\Documents\MCUXpressoIDE_10.1.1_606\workspace\lpc_chip_175x_6x\Debug\liblpc_chip_175x_6x.a(clock_17xx_40xx.o)
 .debug_macro   0x00005d68      0x1cd C:\Users\Fede\Documents\MCUXpressoIDE_10.1.1_606\workspace\lpc_chip_175x_6x\Debug\liblpc_chip_175x_6x.a(iocon_17xx_40xx.o)
 .debug_macro   0x00005f35       0x83 C:\Users\Fede\Documents\MCUXpressoIDE_10.1.1_606\workspace\lpc_chip_175x_6x\Debug\liblpc_chip_175x_6x.a(ring_buffer.o)
 .debug_macro   0x00005fb8       0x10 C:\Users\Fede\Documents\MCUXpressoIDE_10.1.1_606\workspace\lpc_chip_175x_6x\Debug\liblpc_chip_175x_6x.a(ring_buffer.o)
 .debug_macro   0x00005fc8      0x1cd C:\Users\Fede\Documents\MCUXpressoIDE_10.1.1_606\workspace\lpc_chip_175x_6x\Debug\liblpc_chip_175x_6x.a(sysinit_17xx_40xx.o)
 .debug_macro   0x00006195      0x1cd C:\Users\Fede\Documents\MCUXpressoIDE_10.1.1_606\workspace\lpc_chip_175x_6x\Debug\liblpc_chip_175x_6x.a(uart_17xx_40xx.o)

.debug_line     0x00000000     0x4a80
 .debug_line    0x00000000      0x598 ./freeRTOS/src/FreeRTOSCommonHooks.o
 .debug_line    0x00000598      0x223 ./freeRTOS/src/heap_3.o
 .debug_line    0x000007bb      0x271 ./freeRTOS/src/list.o
 .debug_line    0x00000a2c      0x34a ./freeRTOS/src/port.o
 .debug_line    0x00000d76      0x669 ./freeRTOS/src/queue.o
 .debug_line    0x000013df      0xbb4 ./freeRTOS/src/tasks.o
 .debug_line    0x00001f93      0x7fb ./Example/src/FRTOS.o
 .debug_line    0x0000278e       0xdb ./Example/src/cr_startup_lpc175x_6x.o
 .debug_line    0x00002869      0x40e ./Example/src/sysinit.o
 .debug_line    0x00002c77      0x456 C:\Users\Fede\Documents\MCUXpressoIDE_10.1.1_606\workspace\lpc_chip_175x_6x\Debug\liblpc_chip_175x_6x.a(chip_17xx_40xx.o)
 .debug_line    0x000030cd      0x6d2 C:\Users\Fede\Documents\MCUXpressoIDE_10.1.1_606\workspace\lpc_chip_175x_6x\Debug\liblpc_chip_175x_6x.a(clock_17xx_40xx.o)
 .debug_line    0x0000379f      0x442 C:\Users\Fede\Documents\MCUXpressoIDE_10.1.1_606\workspace\lpc_chip_175x_6x\Debug\liblpc_chip_175x_6x.a(iocon_17xx_40xx.o)
 .debug_line    0x00003be1      0x255 C:\Users\Fede\Documents\MCUXpressoIDE_10.1.1_606\workspace\lpc_chip_175x_6x\Debug\liblpc_chip_175x_6x.a(ring_buffer.o)
 .debug_line    0x00003e36      0x4cc C:\Users\Fede\Documents\MCUXpressoIDE_10.1.1_606\workspace\lpc_chip_175x_6x\Debug\liblpc_chip_175x_6x.a(sysinit_17xx_40xx.o)
 .debug_line    0x00004302      0x77e C:\Users\Fede\Documents\MCUXpressoIDE_10.1.1_606\workspace\lpc_chip_175x_6x\Debug\liblpc_chip_175x_6x.a(uart_17xx_40xx.o)

.debug_str      0x00000000    0x19c8a
 .debug_str     0x00000000    0x13a96 ./freeRTOS/src/FreeRTOSCommonHooks.o
                              0x13b95 (size before relaxing)
 .debug_str     0x00013a96      0x103 ./freeRTOS/src/heap_3.o
                               0x728f (size before relaxing)
 .debug_str     0x00013b99      0x139 ./freeRTOS/src/list.o
                               0x6d9f (size before relaxing)
 .debug_str     0x00013cd2      0x75a ./freeRTOS/src/port.o
                               0x7972 (size before relaxing)
 .debug_str     0x0001442c      0xf75 ./freeRTOS/src/queue.o
                               0x831b (size before relaxing)
 .debug_str     0x000153a1     0x1b51 ./freeRTOS/src/tasks.o
                               0x9079 (size before relaxing)
 .debug_str     0x00016ef2     0x1b1c ./Example/src/FRTOS.o
                              0x15ed9 (size before relaxing)
 .debug_str     0x00018a0e      0x1b3 ./Example/src/cr_startup_lpc175x_6x.o
                               0x2763 (size before relaxing)
 .debug_str     0x00018bc1       0x35 ./Example/src/sysinit.o
                              0x10785 (size before relaxing)
 .debug_str     0x00018bf6      0x26a C:\Users\Fede\Documents\MCUXpressoIDE_10.1.1_606\workspace\lpc_chip_175x_6x\Debug\liblpc_chip_175x_6x.a(chip_17xx_40xx.o)
                              0x10ba2 (size before relaxing)
 .debug_str     0x00018e60      0x857 C:\Users\Fede\Documents\MCUXpressoIDE_10.1.1_606\workspace\lpc_chip_175x_6x\Debug\liblpc_chip_175x_6x.a(clock_17xx_40xx.o)
                              0x11220 (size before relaxing)
 .debug_str     0x000196b7       0xa4 C:\Users\Fede\Documents\MCUXpressoIDE_10.1.1_606\workspace\lpc_chip_175x_6x\Debug\liblpc_chip_175x_6x.a(iocon_17xx_40xx.o)
                              0x1069d (size before relaxing)
 .debug_str     0x0001975b      0x11c C:\Users\Fede\Documents\MCUXpressoIDE_10.1.1_606\workspace\lpc_chip_175x_6x\Debug\liblpc_chip_175x_6x.a(ring_buffer.o)
                               0x4089 (size before relaxing)
 .debug_str     0x00019877       0xc4 C:\Users\Fede\Documents\MCUXpressoIDE_10.1.1_606\workspace\lpc_chip_175x_6x\Debug\liblpc_chip_175x_6x.a(sysinit_17xx_40xx.o)
                              0x10885 (size before relaxing)
 .debug_str     0x0001993b      0x34f C:\Users\Fede\Documents\MCUXpressoIDE_10.1.1_606\workspace\lpc_chip_175x_6x\Debug\liblpc_chip_175x_6x.a(uart_17xx_40xx.o)
                              0x110f5 (size before relaxing)

.comment        0x00000000       0x7f
 .comment       0x00000000       0x7f ./freeRTOS/src/FreeRTOSCommonHooks.o
                                 0x80 (size before relaxing)
 .comment       0x0000007f       0x80 ./freeRTOS/src/heap_3.o
 .comment       0x0000007f       0x80 ./freeRTOS/src/list.o
 .comment       0x0000007f       0x80 ./freeRTOS/src/port.o
 .comment       0x0000007f       0x80 ./freeRTOS/src/queue.o
 .comment       0x0000007f       0x80 ./freeRTOS/src/tasks.o
 .comment       0x0000007f       0x80 ./Example/src/FRTOS.o
 .comment       0x0000007f       0x80 ./Example/src/cr_startup_lpc175x_6x.o
 .comment       0x0000007f       0x80 ./Example/src/sysinit.o
 .comment       0x0000007f       0x80 C:\Users\Fede\Documents\MCUXpressoIDE_10.1.1_606\workspace\lpc_chip_175x_6x\Debug\liblpc_chip_175x_6x.a(chip_17xx_40xx.o)
 .comment       0x0000007f       0x80 C:\Users\Fede\Documents\MCUXpressoIDE_10.1.1_606\workspace\lpc_chip_175x_6x\Debug\liblpc_chip_175x_6x.a(clock_17xx_40xx.o)
 .comment       0x0000007f       0x80 C:\Users\Fede\Documents\MCUXpressoIDE_10.1.1_606\workspace\lpc_chip_175x_6x\Debug\liblpc_chip_175x_6x.a(iocon_17xx_40xx.o)
 .comment       0x0000007f       0x80 C:\Users\Fede\Documents\MCUXpressoIDE_10.1.1_606\workspace\lpc_chip_175x_6x\Debug\liblpc_chip_175x_6x.a(ring_buffer.o)
 .comment       0x0000007f       0x80 C:\Users\Fede\Documents\MCUXpressoIDE_10.1.1_606\workspace\lpc_chip_175x_6x\Debug\liblpc_chip_175x_6x.a(sysinit_17xx_40xx.o)
 .comment       0x0000007f       0x80 C:\Users\Fede\Documents\MCUXpressoIDE_10.1.1_606\workspace\lpc_chip_175x_6x\Debug\liblpc_chip_175x_6x.a(uart_17xx_40xx.o)
 .comment       0x0000007f       0x80 c:/nxp/mcuxpressoide_10.1.1_606/ide/tools/bin/../lib/gcc/arm-none-eabi/6.3.1/../../../../arm-none-eabi/lib/thumb/v7-m\libcr_semihost.a(_cr__main.o)
 .comment       0x0000007f       0x80 c:/nxp/mcuxpressoide_10.1.1_606/ide/tools/bin/../lib/gcc/arm-none-eabi/6.3.1/../../../../arm-none-eabi/lib/thumb/v7-m\libcr_c.a(memcpy.o)
 .comment       0x0000007f       0x80 c:/nxp/mcuxpressoide_10.1.1_606/ide/tools/bin/../lib/gcc/arm-none-eabi/6.3.1/../../../../arm-none-eabi/lib/thumb/v7-m\libcr_c.a(memset.o)
 .comment       0x0000007f       0x80 c:/nxp/mcuxpressoide_10.1.1_606/ide/tools/bin/../lib/gcc/arm-none-eabi/6.3.1/../../../../arm-none-eabi/lib/thumb/v7-m\libcr_c.a(alloc.o)
 .comment       0x0000007f       0x80 c:/nxp/mcuxpressoide_10.1.1_606/ide/tools/bin/../lib/gcc/arm-none-eabi/6.3.1/../../../../arm-none-eabi/lib/thumb/v7-m\libcr_c.a(fpprintf.o)
 .comment       0x0000007f       0x80 c:/nxp/mcuxpressoide_10.1.1_606/ide/tools/bin/../lib/gcc/arm-none-eabi/6.3.1/../../../../arm-none-eabi/lib/thumb/v7-m\libcr_c.a(initio.o)
 .comment       0x0000007f       0x80 c:/nxp/mcuxpressoide_10.1.1_606/ide/tools/bin/../lib/gcc/arm-none-eabi/6.3.1/../../../../arm-none-eabi/lib/thumb/v7-m\libcr_c.a(printf.o)
 .comment       0x0000007f       0x80 c:/nxp/mcuxpressoide_10.1.1_606/ide/tools/bin/../lib/gcc/arm-none-eabi/6.3.1/../../../../arm-none-eabi/lib/thumb/v7-m\libcr_c.a(setvbuf.o)
 .comment       0x0000007f       0x80 c:/nxp/mcuxpressoide_10.1.1_606/ide/tools/bin/../lib/gcc/arm-none-eabi/6.3.1/../../../../arm-none-eabi/lib/thumb/v7-m\libcr_c.a(strlen.o)
 .comment       0x0000007f       0x80 c:/nxp/mcuxpressoide_10.1.1_606/ide/tools/bin/../lib/gcc/arm-none-eabi/6.3.1/../../../../arm-none-eabi/lib/thumb/v7-m\libcr_c.a(__init_alloc.o)
 .comment       0x0000007f       0x80 c:/nxp/mcuxpressoide_10.1.1_606/ide/tools/bin/../lib/gcc/arm-none-eabi/6.3.1/../../../../arm-none-eabi/lib/thumb/v7-m\libcr_c.a(_cr_sbrk.o)
 .comment       0x0000007f       0x80 c:/nxp/mcuxpressoide_10.1.1_606/ide/tools/bin/../lib/gcc/arm-none-eabi/6.3.1/../../../../arm-none-eabi/lib/thumb/v7-m\libcr_c.a(_deferredlazyseek.o)
 .comment       0x0000007f       0x80 c:/nxp/mcuxpressoide_10.1.1_606/ide/tools/bin/../lib/gcc/arm-none-eabi/6.3.1/../../../../arm-none-eabi/lib/thumb/v7-m\libcr_c.a(_fdopen.o)
 .comment       0x0000007f       0x80 c:/nxp/mcuxpressoide_10.1.1_606/ide/tools/bin/../lib/gcc/arm-none-eabi/6.3.1/../../../../arm-none-eabi/lib/thumb/v7-m\libcr_c.a(_fflush.o)
 .comment       0x0000007f       0x80 c:/nxp/mcuxpressoide_10.1.1_606/ide/tools/bin/../lib/gcc/arm-none-eabi/6.3.1/../../../../arm-none-eabi/lib/thumb/v7-m\libcr_c.a(_frexpl.o)
 .comment       0x0000007f       0x80 c:/nxp/mcuxpressoide_10.1.1_606/ide/tools/bin/../lib/gcc/arm-none-eabi/6.3.1/../../../../arm-none-eabi/lib/thumb/v7-m\libcr_c.a(_ldexpl.o)
 .comment       0x0000007f       0x80 c:/nxp/mcuxpressoide_10.1.1_606/ide/tools/bin/../lib/gcc/arm-none-eabi/6.3.1/../../../../arm-none-eabi/lib/thumb/v7-m\libcr_c.a(_writebuf.o)
 .comment       0x0000007f       0x80 c:/nxp/mcuxpressoide_10.1.1_606/ide/tools/bin/../lib/gcc/arm-none-eabi/6.3.1/../../../../arm-none-eabi/lib/thumb/v7-m\libcr_c.a(errno.o)
 .comment       0x0000007f       0x80 c:/nxp/mcuxpressoide_10.1.1_606/ide/tools/bin/../lib/gcc/arm-none-eabi/6.3.1/../../../../arm-none-eabi/lib/thumb/v7-m\libcr_c.a(fclose.o)
 .comment       0x0000007f       0x80 c:/nxp/mcuxpressoide_10.1.1_606/ide/tools/bin/../lib/gcc/arm-none-eabi/6.3.1/../../../../arm-none-eabi/lib/thumb/v7-m\libcr_c.a(fflush.o)
 .comment       0x0000007f       0x80 c:/nxp/mcuxpressoide_10.1.1_606/ide/tools/bin/../lib/gcc/arm-none-eabi/6.3.1/../../../../arm-none-eabi/lib/thumb/v7-m\libcr_c.a(fseek.o)
 .comment       0x0000007f       0x80 c:/nxp/mcuxpressoide_10.1.1_606/ide/tools/bin/../lib/gcc/arm-none-eabi/6.3.1/../../../../arm-none-eabi/lib/thumb/v7-m\libcr_c.a(ftell.o)
 .comment       0x0000007f       0x80 c:/nxp/mcuxpressoide_10.1.1_606/ide/tools/bin/../lib/gcc/arm-none-eabi/6.3.1/../../../../arm-none-eabi/lib/thumb/v7-m\libcr_c.a(remove.o)
 .comment       0x0000007f       0x80 c:/nxp/mcuxpressoide_10.1.1_606/ide/tools/bin/../lib/gcc/arm-none-eabi/6.3.1/../../../../arm-none-eabi/lib/thumb/v7-m\libcr_c.a(_cr_check_heap.o)
 .comment       0x0000007f       0x80 c:/nxp/mcuxpressoide_10.1.1_606/ide/tools/bin/../lib/gcc/arm-none-eabi/6.3.1/../../../../arm-none-eabi/lib/thumb/v7-m\libcr_c.a(_do_fflush.o)
 .comment       0x0000007f       0x80 c:/nxp/mcuxpressoide_10.1.1_606/ide/tools/bin/../lib/gcc/arm-none-eabi/6.3.1/../../../../arm-none-eabi/lib/thumb/v7-m\libcr_c.a(_hugeval.o)
 .comment       0x0000007f       0x80 c:/nxp/mcuxpressoide_10.1.1_606/ide/tools/bin/../lib/gcc/arm-none-eabi/6.3.1/thumb/v7-m\libcr_eabihelpers.a(double.o)
 .comment       0x0000007f       0x80 c:/nxp/mcuxpressoide_10.1.1_606/ide/tools/bin/../lib/gcc/arm-none-eabi/6.3.1/../../../../arm-none-eabi/lib/thumb/v7-m\libcr_semihost.a(__ciob.o)

.ARM.attributes
                0x00000000       0x31
 .ARM.attributes
                0x00000000       0x33 ./freeRTOS/src/FreeRTOSCommonHooks.o
 .ARM.attributes
                0x00000033       0x33 ./freeRTOS/src/heap_3.o
 .ARM.attributes
                0x00000066       0x33 ./freeRTOS/src/list.o
 .ARM.attributes
                0x00000099       0x33 ./freeRTOS/src/port.o
 .ARM.attributes
                0x000000cc       0x33 ./freeRTOS/src/queue.o
 .ARM.attributes
                0x000000ff       0x33 ./freeRTOS/src/tasks.o
 .ARM.attributes
                0x00000132       0x33 ./Example/src/FRTOS.o
 .ARM.attributes
                0x00000165       0x33 ./Example/src/cr_startup_lpc175x_6x.o
 .ARM.attributes
                0x00000198       0x33 ./Example/src/sysinit.o
 .ARM.attributes
                0x000001cb       0x33 C:\Users\Fede\Documents\MCUXpressoIDE_10.1.1_606\workspace\lpc_chip_175x_6x\Debug\liblpc_chip_175x_6x.a(chip_17xx_40xx.o)
 .ARM.attributes
                0x000001fe       0x33 C:\Users\Fede\Documents\MCUXpressoIDE_10.1.1_606\workspace\lpc_chip_175x_6x\Debug\liblpc_chip_175x_6x.a(clock_17xx_40xx.o)
 .ARM.attributes
                0x00000231       0x33 C:\Users\Fede\Documents\MCUXpressoIDE_10.1.1_606\workspace\lpc_chip_175x_6x\Debug\liblpc_chip_175x_6x.a(iocon_17xx_40xx.o)
 .ARM.attributes
                0x00000264       0x33 C:\Users\Fede\Documents\MCUXpressoIDE_10.1.1_606\workspace\lpc_chip_175x_6x\Debug\liblpc_chip_175x_6x.a(ring_buffer.o)
 .ARM.attributes
                0x00000297       0x33 C:\Users\Fede\Documents\MCUXpressoIDE_10.1.1_606\workspace\lpc_chip_175x_6x\Debug\liblpc_chip_175x_6x.a(sysinit_17xx_40xx.o)
 .ARM.attributes
                0x000002ca       0x33 C:\Users\Fede\Documents\MCUXpressoIDE_10.1.1_606\workspace\lpc_chip_175x_6x\Debug\liblpc_chip_175x_6x.a(uart_17xx_40xx.o)
 .ARM.attributes
                0x000002fd       0x33 c:/nxp/mcuxpressoide_10.1.1_606/ide/tools/bin/../lib/gcc/arm-none-eabi/6.3.1/../../../../arm-none-eabi/lib/thumb/v7-m\libcr_semihost.a(_cr__main.o)
 .ARM.attributes
                0x00000330       0x33 c:/nxp/mcuxpressoide_10.1.1_606/ide/tools/bin/../lib/gcc/arm-none-eabi/6.3.1/../../../../arm-none-eabi/lib/thumb/v7-m\libcr_c.a(memcpy.o)
 .ARM.attributes
                0x00000363       0x33 c:/nxp/mcuxpressoide_10.1.1_606/ide/tools/bin/../lib/gcc/arm-none-eabi/6.3.1/../../../../arm-none-eabi/lib/thumb/v7-m\libcr_c.a(memset.o)
 .ARM.attributes
                0x00000396       0x33 c:/nxp/mcuxpressoide_10.1.1_606/ide/tools/bin/../lib/gcc/arm-none-eabi/6.3.1/../../../../arm-none-eabi/lib/thumb/v7-m\libcr_c.a(alloc.o)
 .ARM.attributes
                0x000003c9       0x33 c:/nxp/mcuxpressoide_10.1.1_606/ide/tools/bin/../lib/gcc/arm-none-eabi/6.3.1/../../../../arm-none-eabi/lib/thumb/v7-m\libcr_c.a(fpprintf.o)
 .ARM.attributes
                0x000003fc       0x33 c:/nxp/mcuxpressoide_10.1.1_606/ide/tools/bin/../lib/gcc/arm-none-eabi/6.3.1/../../../../arm-none-eabi/lib/thumb/v7-m\libcr_c.a(initio.o)
 .ARM.attributes
                0x0000042f       0x33 c:/nxp/mcuxpressoide_10.1.1_606/ide/tools/bin/../lib/gcc/arm-none-eabi/6.3.1/../../../../arm-none-eabi/lib/thumb/v7-m\libcr_c.a(printf.o)
 .ARM.attributes
                0x00000462       0x33 c:/nxp/mcuxpressoide_10.1.1_606/ide/tools/bin/../lib/gcc/arm-none-eabi/6.3.1/../../../../arm-none-eabi/lib/thumb/v7-m\libcr_c.a(setvbuf.o)
 .ARM.attributes
                0x00000495       0x33 c:/nxp/mcuxpressoide_10.1.1_606/ide/tools/bin/../lib/gcc/arm-none-eabi/6.3.1/../../../../arm-none-eabi/lib/thumb/v7-m\libcr_c.a(strlen.o)
 .ARM.attributes
                0x000004c8       0x33 c:/nxp/mcuxpressoide_10.1.1_606/ide/tools/bin/../lib/gcc/arm-none-eabi/6.3.1/../../../../arm-none-eabi/lib/thumb/v7-m\libcr_c.a(__init_alloc.o)
 .ARM.attributes
                0x000004fb       0x33 c:/nxp/mcuxpressoide_10.1.1_606/ide/tools/bin/../lib/gcc/arm-none-eabi/6.3.1/../../../../arm-none-eabi/lib/thumb/v7-m\libcr_c.a(_cr_sbrk.o)
 .ARM.attributes
                0x0000052e       0x33 c:/nxp/mcuxpressoide_10.1.1_606/ide/tools/bin/../lib/gcc/arm-none-eabi/6.3.1/../../../../arm-none-eabi/lib/thumb/v7-m\libcr_c.a(_deferredlazyseek.o)
 .ARM.attributes
                0x00000561       0x33 c:/nxp/mcuxpressoide_10.1.1_606/ide/tools/bin/../lib/gcc/arm-none-eabi/6.3.1/../../../../arm-none-eabi/lib/thumb/v7-m\libcr_c.a(_fdopen.o)
 .ARM.attributes
                0x00000594       0x33 c:/nxp/mcuxpressoide_10.1.1_606/ide/tools/bin/../lib/gcc/arm-none-eabi/6.3.1/../../../../arm-none-eabi/lib/thumb/v7-m\libcr_c.a(_fflush.o)
 .ARM.attributes
                0x000005c7       0x33 c:/nxp/mcuxpressoide_10.1.1_606/ide/tools/bin/../lib/gcc/arm-none-eabi/6.3.1/../../../../arm-none-eabi/lib/thumb/v7-m\libcr_c.a(_frexpl.o)
 .ARM.attributes
                0x000005fa       0x33 c:/nxp/mcuxpressoide_10.1.1_606/ide/tools/bin/../lib/gcc/arm-none-eabi/6.3.1/../../../../arm-none-eabi/lib/thumb/v7-m\libcr_c.a(_ldexpl.o)
 .ARM.attributes
                0x0000062d       0x33 c:/nxp/mcuxpressoide_10.1.1_606/ide/tools/bin/../lib/gcc/arm-none-eabi/6.3.1/../../../../arm-none-eabi/lib/thumb/v7-m\libcr_c.a(_writebuf.o)
 .ARM.attributes
                0x00000660       0x33 c:/nxp/mcuxpressoide_10.1.1_606/ide/tools/bin/../lib/gcc/arm-none-eabi/6.3.1/../../../../arm-none-eabi/lib/thumb/v7-m\libcr_c.a(errno.o)
 .ARM.attributes
                0x00000693       0x33 c:/nxp/mcuxpressoide_10.1.1_606/ide/tools/bin/../lib/gcc/arm-none-eabi/6.3.1/../../../../arm-none-eabi/lib/thumb/v7-m\libcr_c.a(fclose.o)
 .ARM.attributes
                0x000006c6       0x33 c:/nxp/mcuxpressoide_10.1.1_606/ide/tools/bin/../lib/gcc/arm-none-eabi/6.3.1/../../../../arm-none-eabi/lib/thumb/v7-m\libcr_c.a(fflush.o)
 .ARM.attributes
                0x000006f9       0x33 c:/nxp/mcuxpressoide_10.1.1_606/ide/tools/bin/../lib/gcc/arm-none-eabi/6.3.1/../../../../arm-none-eabi/lib/thumb/v7-m\libcr_c.a(fseek.o)
 .ARM.attributes
                0x0000072c       0x33 c:/nxp/mcuxpressoide_10.1.1_606/ide/tools/bin/../lib/gcc/arm-none-eabi/6.3.1/../../../../arm-none-eabi/lib/thumb/v7-m\libcr_c.a(ftell.o)
 .ARM.attributes
                0x0000075f       0x33 c:/nxp/mcuxpressoide_10.1.1_606/ide/tools/bin/../lib/gcc/arm-none-eabi/6.3.1/../../../../arm-none-eabi/lib/thumb/v7-m\libcr_c.a(remove.o)
 .ARM.attributes
                0x00000792       0x33 c:/nxp/mcuxpressoide_10.1.1_606/ide/tools/bin/../lib/gcc/arm-none-eabi/6.3.1/../../../../arm-none-eabi/lib/thumb/v7-m\libcr_c.a(_cr_check_heap.o)
 .ARM.attributes
                0x000007c5       0x33 c:/nxp/mcuxpressoide_10.1.1_606/ide/tools/bin/../lib/gcc/arm-none-eabi/6.3.1/../../../../arm-none-eabi/lib/thumb/v7-m\libcr_c.a(_do_fflush.o)
 .ARM.attributes
                0x000007f8       0x33 c:/nxp/mcuxpressoide_10.1.1_606/ide/tools/bin/../lib/gcc/arm-none-eabi/6.3.1/../../../../arm-none-eabi/lib/thumb/v7-m\libcr_c.a(_hugeval.o)
 .ARM.attributes
                0x0000082b       0x33 c:/nxp/mcuxpressoide_10.1.1_606/ide/tools/bin/../lib/gcc/arm-none-eabi/6.3.1/thumb/v7-m\libcr_eabihelpers.a(double.o)
 .ARM.attributes
                0x0000085e       0x21 c:/nxp/mcuxpressoide_10.1.1_606/ide/tools/bin/../lib/gcc/arm-none-eabi/6.3.1/thumb/v7-m\libcr_eabihelpers.a(memcpy.o)
 .ARM.attributes
                0x0000087f       0x33 c:/nxp/mcuxpressoide_10.1.1_606/ide/tools/bin/../lib/gcc/arm-none-eabi/6.3.1/../../../../arm-none-eabi/lib/thumb/v7-m\libcr_semihost.a(__ciob.o)
 .ARM.attributes
                0x000008b2       0x21 c:/nxp/mcuxpressoide_10.1.1_606/ide/tools/bin/../lib/gcc/arm-none-eabi/6.3.1/../../../../arm-none-eabi/lib/thumb/v7-m\libcr_semihost.a(__sys_appexit.o)
 .ARM.attributes
                0x000008d3       0x21 c:/nxp/mcuxpressoide_10.1.1_606/ide/tools/bin/../lib/gcc/arm-none-eabi/6.3.1/../../../../arm-none-eabi/lib/thumb/v7-m\libcr_semihost.a(__sys_close.o)
 .ARM.attributes
                0x000008f4       0x21 c:/nxp/mcuxpressoide_10.1.1_606/ide/tools/bin/../lib/gcc/arm-none-eabi/6.3.1/../../../../arm-none-eabi/lib/thumb/v7-m\libcr_semihost.a(__sys_flen.o)
 .ARM.attributes
                0x00000915       0x21 c:/nxp/mcuxpressoide_10.1.1_606/ide/tools/bin/../lib/gcc/arm-none-eabi/6.3.1/../../../../arm-none-eabi/lib/thumb/v7-m\libcr_semihost.a(__sys_istty.o)
 .ARM.attributes
                0x00000936       0x21 c:/nxp/mcuxpressoide_10.1.1_606/ide/tools/bin/../lib/gcc/arm-none-eabi/6.3.1/../../../../arm-none-eabi/lib/thumb/v7-m\libcr_semihost.a(__sys_remove.o)
 .ARM.attributes
                0x00000957       0x21 c:/nxp/mcuxpressoide_10.1.1_606/ide/tools/bin/../lib/gcc/arm-none-eabi/6.3.1/../../../../arm-none-eabi/lib/thumb/v7-m\libcr_semihost.a(__sys_seek.o)
 .ARM.attributes
                0x00000978       0x21 c:/nxp/mcuxpressoide_10.1.1_606/ide/tools/bin/../lib/gcc/arm-none-eabi/6.3.1/../../../../arm-none-eabi/lib/thumb/v7-m\libcr_semihost.a(__sys_tmpnam.o)
 .ARM.attributes
                0x00000999       0x21 c:/nxp/mcuxpressoide_10.1.1_606/ide/tools/bin/../lib/gcc/arm-none-eabi/6.3.1/../../../../arm-none-eabi/lib/thumb/v7-m\libcr_semihost.a(__sys_write.o)

.debug_frame    0x00000000     0x22f4
 .debug_frame   0x00000000       0xb4 ./freeRTOS/src/FreeRTOSCommonHooks.o
 .debug_frame   0x000000b4       0x58 ./freeRTOS/src/heap_3.o
 .debug_frame   0x0000010c       0xd8 ./freeRTOS/src/list.o
 .debug_frame   0x000001e4      0x178 ./freeRTOS/src/port.o
 .debug_frame   0x0000035c      0x498 ./freeRTOS/src/queue.o
 .debug_frame   0x000007f4      0x864 ./freeRTOS/src/tasks.o
 .debug_frame   0x00001058      0x398 ./Example/src/FRTOS.o
 .debug_frame   0x000013f0      0x170 ./Example/src/cr_startup_lpc175x_6x.o
 .debug_frame   0x00001560       0x34 ./Example/src/sysinit.o
 .debug_frame   0x00001594       0x88 C:\Users\Fede\Documents\MCUXpressoIDE_10.1.1_606\workspace\lpc_chip_175x_6x\Debug\liblpc_chip_175x_6x.a(chip_17xx_40xx.o)
 .debug_frame   0x0000161c      0x490 C:\Users\Fede\Documents\MCUXpressoIDE_10.1.1_606\workspace\lpc_chip_175x_6x\Debug\liblpc_chip_175x_6x.a(clock_17xx_40xx.o)
 .debug_frame   0x00001aac       0x80 C:\Users\Fede\Documents\MCUXpressoIDE_10.1.1_606\workspace\lpc_chip_175x_6x\Debug\liblpc_chip_175x_6x.a(iocon_17xx_40xx.o)
 .debug_frame   0x00001b2c      0x164 C:\Users\Fede\Documents\MCUXpressoIDE_10.1.1_606\workspace\lpc_chip_175x_6x\Debug\liblpc_chip_175x_6x.a(ring_buffer.o)
 .debug_frame   0x00001c90      0x12c C:\Users\Fede\Documents\MCUXpressoIDE_10.1.1_606\workspace\lpc_chip_175x_6x\Debug\liblpc_chip_175x_6x.a(sysinit_17xx_40xx.o)
 .debug_frame   0x00001dbc      0x538 C:\Users\Fede\Documents\MCUXpressoIDE_10.1.1_606\workspace\lpc_chip_175x_6x\Debug\liblpc_chip_175x_6x.a(uart_17xx_40xx.o)
