Archive member included to satisfy reference by file (symbol)

C:\Users\Fede\Documents\MCUXpressoIDE_10.1.1_606\workspace\lpc_chip_175x_6x\Debug\liblpc_chip_175x_6x.a(chip_17xx_40xx.o)
                              ./freeRTOS/src/port.o (SystemCoreClock)
C:\Users\Fede\Documents\MCUXpressoIDE_10.1.1_606\workspace\lpc_chip_175x_6x\Debug\liblpc_chip_175x_6x.a(clock_17xx_40xx.o)
                              C:\Users\Fede\Documents\MCUXpressoIDE_10.1.1_606\workspace\lpc_chip_175x_6x\Debug\liblpc_chip_175x_6x.a(chip_17xx_40xx.o) (Chip_Clock_EnablePLL)
C:\Users\Fede\Documents\MCUXpressoIDE_10.1.1_606\workspace\lpc_chip_175x_6x\Debug\liblpc_chip_175x_6x.a(iocon_17xx_40xx.o)
                              ./Example/src/FRTOS.o (Chip_IOCON_PinMux)
C:\Users\Fede\Documents\MCUXpressoIDE_10.1.1_606\workspace\lpc_chip_175x_6x\Debug\liblpc_chip_175x_6x.a(ring_buffer.o)
                              ./Example/src/FRTOS.o (RingBuffer_Init)
C:\Users\Fede\Documents\MCUXpressoIDE_10.1.1_606\workspace\lpc_chip_175x_6x\Debug\liblpc_chip_175x_6x.a(sysinit_17xx_40xx.o)
                              ./Example/src/sysinit.o (Chip_SystemInit)
C:\Users\Fede\Documents\MCUXpressoIDE_10.1.1_606\workspace\lpc_chip_175x_6x\Debug\liblpc_chip_175x_6x.a(uart_17xx_40xx.o)
                              ./Example/src/FRTOS.o (Chip_UART_Init)
c:/nxp/mcuxpressoide_10.1.1_606/ide/tools/bin/../lib/gcc/arm-none-eabi/6.3.1/../../../../arm-none-eabi/lib/thumb/v7-m\libcr_semihost.a(_cr__main.o)
                              ./Example/src/cr_startup_lpc175x_6x.o (__main)
c:/nxp/mcuxpressoide_10.1.1_606/ide/tools/bin/../lib/gcc/arm-none-eabi/6.3.1/../../../../arm-none-eabi/lib/thumb/v7-m\libcr_c.a(memcpy.o)
                              ./freeRTOS/src/queue.o (memcpy)
c:/nxp/mcuxpressoide_10.1.1_606/ide/tools/bin/../lib/gcc/arm-none-eabi/6.3.1/../../../../arm-none-eabi/lib/thumb/v7-m\libcr_c.a(memset.o)
                              ./freeRTOS/src/tasks.o (memset)
c:/nxp/mcuxpressoide_10.1.1_606/ide/tools/bin/../lib/gcc/arm-none-eabi/6.3.1/../../../../arm-none-eabi/lib/thumb/v7-m\libcr_c.a(alloc.o)
                              ./freeRTOS/src/heap_3.o (malloc)
c:/nxp/mcuxpressoide_10.1.1_606/ide/tools/bin/../lib/gcc/arm-none-eabi/6.3.1/../../../../arm-none-eabi/lib/thumb/v7-m\libcr_c.a(fpprintf.o)
                              ./Example/src/FRTOS.o (sprintf)
c:/nxp/mcuxpressoide_10.1.1_606/ide/tools/bin/../lib/gcc/arm-none-eabi/6.3.1/../../../../arm-none-eabi/lib/thumb/v7-m\libcr_c.a(initio.o)
                              c:/nxp/mcuxpressoide_10.1.1_606/ide/tools/bin/../lib/gcc/arm-none-eabi/6.3.1/../../../../arm-none-eabi/lib/thumb/v7-m\libcr_semihost.a(_cr__main.o) (_initio)
c:/nxp/mcuxpressoide_10.1.1_606/ide/tools/bin/../lib/gcc/arm-none-eabi/6.3.1/../../../../arm-none-eabi/lib/thumb/v7-m\libcr_c.a(printf.o)
                              c:/nxp/mcuxpressoide_10.1.1_606/ide/tools/bin/../lib/gcc/arm-none-eabi/6.3.1/../../../../arm-none-eabi/lib/thumb/v7-m\libcr_c.a(fpprintf.o) (__vfprintf)
c:/nxp/mcuxpressoide_10.1.1_606/ide/tools/bin/../lib/gcc/arm-none-eabi/6.3.1/../../../../arm-none-eabi/lib/thumb/v7-m\libcr_c.a(setvbuf.o)
                              c:/nxp/mcuxpressoide_10.1.1_606/ide/tools/bin/../lib/gcc/arm-none-eabi/6.3.1/../../../../arm-none-eabi/lib/thumb/v7-m\libcr_c.a(initio.o) (setvbuf)
c:/nxp/mcuxpressoide_10.1.1_606/ide/tools/bin/../lib/gcc/arm-none-eabi/6.3.1/../../../../arm-none-eabi/lib/thumb/v7-m\libcr_c.a(strlen.o)
                              c:/nxp/mcuxpressoide_10.1.1_606/ide/tools/bin/../lib/gcc/arm-none-eabi/6.3.1/../../../../arm-none-eabi/lib/thumb/v7-m\libcr_c.a(printf.o) (strlen)
c:/nxp/mcuxpressoide_10.1.1_606/ide/tools/bin/../lib/gcc/arm-none-eabi/6.3.1/../../../../arm-none-eabi/lib/thumb/v7-m\libcr_c.a(__init_alloc.o)
                              c:/nxp/mcuxpressoide_10.1.1_606/ide/tools/bin/../lib/gcc/arm-none-eabi/6.3.1/../../../../arm-none-eabi/lib/thumb/v7-m\libcr_c.a(alloc.o) (__heaps)
c:/nxp/mcuxpressoide_10.1.1_606/ide/tools/bin/../lib/gcc/arm-none-eabi/6.3.1/../../../../arm-none-eabi/lib/thumb/v7-m\libcr_c.a(_cr_sbrk.o)
                              c:/nxp/mcuxpressoide_10.1.1_606/ide/tools/bin/../lib/gcc/arm-none-eabi/6.3.1/../../../../arm-none-eabi/lib/thumb/v7-m\libcr_c.a(alloc.o) (_sbrk)
c:/nxp/mcuxpressoide_10.1.1_606/ide/tools/bin/../lib/gcc/arm-none-eabi/6.3.1/../../../../arm-none-eabi/lib/thumb/v7-m\libcr_c.a(_deferredlazyseek.o)
                              c:/nxp/mcuxpressoide_10.1.1_606/ide/tools/bin/../lib/gcc/arm-none-eabi/6.3.1/../../../../arm-none-eabi/lib/thumb/v7-m\libcr_c.a(fpprintf.o) (__flsbuf)
c:/nxp/mcuxpressoide_10.1.1_606/ide/tools/bin/../lib/gcc/arm-none-eabi/6.3.1/../../../../arm-none-eabi/lib/thumb/v7-m\libcr_c.a(_fdopen.o)
                              c:/nxp/mcuxpressoide_10.1.1_606/ide/tools/bin/../lib/gcc/arm-none-eabi/6.3.1/../../../../arm-none-eabi/lib/thumb/v7-m\libcr_c.a(initio.o) (_fdopen)
[...]
Memory Configuration

Name             Origin             Length             Attributes
MFlash512        0x00000000         0x00080000         xr
RamLoc32         0x10000000         0x00008000         xrw
RamAHB32         0x2007c000         0x00008000         xrw
*default*        0x00000000         0xffffffff

Linker script and memory map

LOAD ./freeRTOS/src/FreeRTOSCommonHooks.o
LOAD ./freeRTOS/src/croutine.o
LOAD ./freeRTOS/src/event_groups.o
LOAD ./freeRTOS/src/heap_3.o
LOAD ./freeRTOS/src/list.o
LOAD ./freeRTOS/src/port.o
LOAD ./freeRTOS/src/queue.o
LOAD ./freeRTOS/src/tasks.o
LOAD ./freeRTOS/src/timers.o
LOAD ./Example/src/FRTOS.o
LOAD ./Example/src/cr_startup_lpc175x_6x.o
LOAD ./Example/src/crp.o
LOAD ./Example/src/sysinit.o
LOAD C:\Users\Fede\Documents\MCUXpressoIDE_10.1.1_606\workspace\lpc_chip_175x_6x\Debug\liblpc_chip_175x_6x.a
START GROUP
LOAD c:/nxp/mcuxpressoide_10.1.1_606/ide/tools/bin/../lib/gcc/arm-none-eabi/6.3.1/../../../../arm-none-eabi/lib/thumb/v7-m\libcr_semihost.a
LOAD c:/nxp/mcuxpressoide_10.1.1_606/ide/tools/bin/../lib/gcc/arm-none-eabi/6.3.1/../../../../arm-none-eabi/lib/thumb/v7-m\libcr_c.a
LOAD c:/nxp/mcuxpressoide_10.1.1_606/ide/tools/bin/../lib/gcc/arm-none-eabi/6.3.1/thumb/v7-m\libcr_eabihelpers.a
END GROUP
                0x00000000                __base_MFlash512 = 0x0
                0x00000000                __base_Flash = 0x0
                0x00080000                __top_MFlash512 = 0x80000
                0x00080000                __top_Flash = 0x80000
                0x10000000                __base_RamLoc32 = 0x10000000
                0x10000000                __base_RAM = 0x10000000
                0x10008000                __top_RamLoc32 = 0x10008000
                0x10008000                __top_RAM = 0x10008000
                0x2007c000                __base_RamAHB32 = 0x2007c000
                0x2007c000                __base_RAM2 = 0x2007c000
                0x20084000                __top_RamAHB32 = 0x20084000
                0x20084000                __top_RAM2 = 0x20084000

.text           0x00000000     0x5e5c
 FILL mask 0xff
                0x00000000                __vectors_start__ = ABSOLUTE (.)
 *(.isr_vector)
 .isr_vector    0x00000000       0xcc ./Example/src/cr_startup_lpc175x_6x.o
                0x00000000                g_pfnVectors
                0x000000cc                . = ALIGN (0x4)
                0x000000cc                __section_table_start = .
                0x000000cc                __data_section_table = .
                0x000000cc        0x4 LONG 0x5e5c LOADADDR (.data)
                0x000000d0        0x4 LONG 0x10000000 ADDR (.data)
                0x000000d4        0x4 LONG 0x48 SIZEOF (.data)
                0x000000d8        0x4 LONG 0x5e5c LOADADDR (.data_RAM2)
                0x000000dc        0x4 LONG 0x2007c000 ADDR (.data_RAM2)
                0x000000e0        0x4 LONG 0x0 SIZEOF (.data_RAM2)
                0x000000e4                __data_section_table_end = .
                0x000000e4                __bss_section_table = .
                0x000000e4        0x4 LONG 0x10000048 ADDR (.bss)
                0x000000e8        0x4 LONG 0xb88 SIZEOF (.bss)
                0x000000ec        0x4 LONG 0x2007c000 ADDR (.bss_RAM2)
                0x000000f0        0x4 LONG 0x0 SIZEOF (.bss_RAM2)
                0x000000f4                __bss_section_table_end = .
                0x000000f4                __section_table_end = .
 *(.after_vectors*)
 .after_vectors
                0x000000f4      0x12c ./Example/src/cr_startup_lpc175x_6x.o
                0x000000f4                data_init
                0x00000136                bss_init
                0x0000016c                ResetISR
                0x000001e4                NMI_Handler
                0x000001ea                HardFault_Handler
                0x000001f0                MemManage_Handler
                0x000001f6                BusFault_Handler
                0x000001fc                UsageFault_Handler
                0x00000208                DebugMon_Handler
                0x0000021a                EINT3_IRQHandler
                0x0000021a                I2C1_IRQHandler
                0x0000021a                TIMER3_IRQHandler
                0x0000021a                UART0_IRQHandler
                0x0000021a                USBActivity_IRQHandler
                0x0000021a                CANActivity_IRQHandler
                0x0000021a                EINT2_IRQHandler
                0x0000021a                IntDefaultHandler
                0x0000021a                PLL0_IRQHandler
                0x0000021a                CAN_IRQHandler
                0x0000021a                PLL1_IRQHandler
                0x0000021a                I2C0_IRQHandler
                0x0000021a                I2S_IRQHandler
                0x0000021a                I2C2_IRQHandler
                0x0000021a                RTC_IRQHandler
                0x0000021a                TIMER0_IRQHandler
                0x0000021a                SPI_IRQHandler
                0x0000021a                RIT_IRQHandler
                0x0000021a                EINT1_IRQHandler
                0x0000021a                TIMER1_IRQHandler
                0x0000021a                UART2_IRQHandler
                0x0000021a                ADC_IRQHandler
                0x0000021a                SSP1_IRQHandler
                0x0000021a                USB_IRQHandler
                0x0000021a                BOD_IRQHandler
                0x0000021a                PWM1_IRQHandler
                0x0000021a                WDT_IRQHandler
                0x0000021a                QEI_IRQHandler
                0x0000021a                EINT0_IRQHandler
                0x0000021a                ETH_IRQHandler
                0x0000021a                SSP0_IRQHandler
                0x0000021a                DMA_IRQHandler
                0x0000021a                TIMER2_IRQHandler
                0x0000021a                UART3_IRQHandler
                0x0000021a                MCPWM_IRQHandler
 *(.text*)
 .text.vApplicationTickHook
                0x00000220        0xc ./freeRTOS/src/FreeRTOSCommonHooks.o
                0x00000220                vApplicationTickHook
 .text.pvPortMalloc
                0x0000022c       0x22 ./freeRTOS/src/heap_3.o
                0x0000022c                pvPortMalloc
 .text.vPortFree
                0x0000024e       0x24 ./freeRTOS/src/heap_3.o
                0x0000024e                vPortFree
 .text.vListInitialise
                0x00000272       0x3e ./freeRTOS/src/list.o
                0x00000272                vListInitialise
 .text.vListInitialiseItem
                0x000002b0       0x18 ./freeRTOS/src/list.o
                0x000002b0                vListInitialiseItem
 .text.vListInsertEnd
                0x000002c8       0x46 ./freeRTOS/src/list.o
                0x000002c8                vListInsertEnd
 .text.vListInsert
                0x0000030e       0x70 ./freeRTOS/src/list.o
                0x0000030e                vListInsert
 .text.uxListRemove
                0x0000037e       0x52 ./freeRTOS/src/list.o
                0x0000037e                uxListRemove
 .text.pxPortInitialiseStack
                0x000003d0       0x58 ./freeRTOS/src/port.o
                0x000003d0                pxPortInitialiseStack
 .text.prvTaskExitError
                0x00000428       0x1a ./freeRTOS/src/port.o
 *fill*         0x00000442        0xe ff
 .text.SVC_Handler
                0x00000450       0x28 ./freeRTOS/src/port.o
                0x00000450                SVC_Handler
 .text.prvPortStartFirstTask
                0x00000478       0x20 ./freeRTOS/src/port.o
 .text.xPortStartScheduler
                0x00000498       0x3c ./freeRTOS/src/port.o
                0x00000498                xPortStartScheduler
 .text.vPortEnterCritical
                0x000004d4       0x30 ./freeRTOS/src/port.o
                0x000004d4                vPortEnterCritical
 .text.vPortExitCritical
                0x00000504       0x30 ./freeRTOS/src/port.o
                0x00000504                vPortExitCritical
 *fill*         0x00000534        0xc ff
 .text.PendSV_Handler
                0x00000540       0x48 ./freeRTOS/src/port.o
                0x00000540                PendSV_Handler
 .text.SysTick_Handler
                0x00000588       0x40 ./freeRTOS/src/port.o
                0x00000588                SysTick_Handler
 .text.vPortSuppressTicksAndSleep
                0x000005c8      0x184 ./freeRTOS/src/port.o
                0x000005c8                vPortSuppressTicksAndSleep
 .text.vPortSetupTimerInterrupt
                0x0000074c       0x78 ./freeRTOS/src/port.o
                0x0000074c                vPortSetupTimerInterrupt
 .text.xQueueGenericReset
                0x000007c4       0xb4 ./freeRTOS/src/queue.o
                0x000007c4                xQueueGenericReset
 .text.xQueueGenericCreate
                0x00000878       0x58 ./freeRTOS/src/queue.o
                0x00000878                xQueueGenericCreate
 .text.prvInitialiseNewQueue
                0x000008d0       0x46 ./freeRTOS/src/queue.o
 *fill*         0x00000916        0x2 ff
 .text.xQueueGenericSend
                0x00000918      0x154 ./freeRTOS/src/queue.o
                0x00000918                xQueueGenericSend
 .text.xQueueGiveFromISR
                0x00000a6c       0xa6 ./freeRTOS/src/queue.o
                0x00000a6c                xQueueGiveFromISR
 *fill*         0x00000b12        0x2 ff
 .text.xQueueGenericReceive
                0x00000b14      0x1b0 ./freeRTOS/src/queue.o
                0x00000b14                xQueueGenericReceive
 .text.uxQueueMessagesWaiting
                0x00000cc4       0x20 ./freeRTOS/src/queue.o
                0x00000cc4                uxQueueMessagesWaiting
 .text.prvCopyDataToQueue
                0x00000ce4       0xd4 ./freeRTOS/src/queue.o
 .text.prvCopyDataFromQueue
                0x00000db8       0x4c ./freeRTOS/src/queue.o
 .text.prvUnlockQueue
                0x00000e04       0xa4 ./freeRTOS/src/queue.o
 .text.prvIsQueueEmpty
                0x00000ea8       0x2c ./freeRTOS/src/queue.o
 .text.prvIsQueueFull
                0x00000ed4       0x30 ./freeRTOS/src/queue.o
 .text.xTaskCreate
                0x00000f04       0x82 ./freeRTOS/src/tasks.o
                0x00000f04                xTaskCreate
 .text.prvInitialiseNewTask
                0x00000f86       0xee ./freeRTOS/src/tasks.o
 .text.prvAddNewTaskToReadyList
                0x00001074       0xdc ./freeRTOS/src/tasks.o
 .text.vTaskDelete
                0x00001150       0xfc ./freeRTOS/src/tasks.o
                0x00001150                vTaskDelete
 .text.vTaskDelay
                0x0000124c       0x48 ./freeRTOS/src/tasks.o
                0x0000124c                vTaskDelay
 .text.vTaskStartScheduler
                0x00001294       0x6c ./freeRTOS/src/tasks.o
                0x00001294                vTaskStartScheduler
 .text.vTaskSuspendAll
                0x00001300       0x1c ./freeRTOS/src/tasks.o
                0x00001300                vTaskSuspendAll
 .text.prvGetExpectedIdleTime
                0x0000131c       0x74 ./freeRTOS/src/tasks.o
 .text.xTaskResumeAll
                0x00001390      0x11c ./freeRTOS/src/tasks.o
                0x00001390                xTaskResumeAll
 .text.vTaskStepTick
                0x000014ac       0x24 ./freeRTOS/src/tasks.o
                0x000014ac                vTaskStepTick
 .text.xTaskIncrementTick
                0x000014d0      0x16c ./freeRTOS/src/tasks.o
                0x000014d0                xTaskIncrementTick
 .text.vTaskSwitchContext
                0x0000163c       0x8c ./freeRTOS/src/tasks.o
                0x0000163c                vTaskSwitchContext
 .text.vTaskPlaceOnEventList
                0x000016c8       0x2c ./freeRTOS/src/tasks.o
                0x000016c8                vTaskPlaceOnEventList
 .text.xTaskRemoveFromEventList
                0x000016f4       0xac ./freeRTOS/src/tasks.o
                0x000016f4                xTaskRemoveFromEventList
 .text.vTaskSetTimeOutState
                0x000017a0       0x2c ./freeRTOS/src/tasks.o
                0x000017a0                vTaskSetTimeOutState
 .text.xTaskCheckForTimeOut
                0x000017cc       0x88 ./freeRTOS/src/tasks.o
                0x000017cc                xTaskCheckForTimeOut
 .text.vTaskMissedYield
                0x00001854       0x18 ./freeRTOS/src/tasks.o
                0x00001854                vTaskMissedYield
 .text.prvIdleTask
                0x0000186c       0x54 ./freeRTOS/src/tasks.o
 .text.eTaskConfirmSleepModeStatus
                0x000018c0       0x5c ./freeRTOS/src/tasks.o
                0x000018c0                eTaskConfirmSleepModeStatus
 .text.prvInitialiseTaskLists
                0x0000191c       0x80 ./freeRTOS/src/tasks.o
 .text.prvCheckTasksWaitingTermination
                0x0000199c       0x78 ./freeRTOS/src/tasks.o
 .text.prvDeleteTCB
                0x00001a14       0x20 ./freeRTOS/src/tasks.o
 .text.prvResetNextTaskUnblockTime
                0x00001a34       0x48 ./freeRTOS/src/tasks.o
 .text.vTaskPriorityInherit
                0x00001a7c       0xec ./freeRTOS/src/tasks.o
                0x00001a7c                vTaskPriorityInherit
 .text.xTaskPriorityDisinherit
                0x00001b68       0xc8 ./freeRTOS/src/tasks.o
                0x00001b68                xTaskPriorityDisinherit
 .text.pvTaskIncrementMutexHeldCount
                0x00001c30       0x28 ./freeRTOS/src/tasks.o
                0x00001c30                pvTaskIncrementMutexHeldCount
 .text.prvAddCurrentTaskToDelayedList
                0x00001c58       0xcc ./freeRTOS/src/tasks.o
 .text.NVIC_EnableIRQ
                0x00001d24       0x30 ./Example/src/FRTOS.o
 .text.Chip_GPIO_Init
                0x00001d54       0x16 ./Example/src/FRTOS.o
 .text.Chip_GPIO_GetPinState
                0x00001d6a       0x38 ./Example/src/FRTOS.o
 .text.Chip_GPIO_SetPinDIROutput
                0x00001da2       0x38 ./Example/src/FRTOS.o
 .text.Chip_GPIO_SetPinDIRInput
                0x00001dda       0x3a ./Example/src/FRTOS.o
 .text.Chip_GPIO_SetPinDIR
                0x00001e14       0x42 ./Example/src/FRTOS.o
 .text.Chip_GPIO_SetDir
                0x00001e56       0x34 ./Example/src/FRTOS.o
 .text.Chip_GPIO_SetPinOutHigh
                0x00001e8a       0x2c ./Example/src/FRTOS.o
 .text.Chip_GPIO_SetPinOutLow
                0x00001eb6       0x2c ./Example/src/FRTOS.o
 .text.RingBuffer_IsEmpty
                0x00001ee2       0x28 ./Example/src/FRTOS.o
 .text.Chip_UART_ReadByte
                0x00001f0a       0x18 ./Example/src/FRTOS.o
 .text.Chip_UART_IntEnable
                0x00001f22       0x20 ./Example/src/FRTOS.o
 .text.Chip_UART_IntDisable
                0x00001f42       0x22 ./Example/src/FRTOS.o
 .text.Chip_UART_SetupFIFOS
                0x00001f64       0x1a ./Example/src/FRTOS.o
 .text.Chip_UART_ConfigData
                0x00001f7e       0x1a ./Example/src/FRTOS.o
 .text.Chip_UART_ReadLineStatus
                0x00001f98       0x16 ./Example/src/FRTOS.o
 *fill*         0x00001fae        0x2 ff
 .text.uC_StartUp
                0x00001fb0      0x1ec ./Example/src/FRTOS.o
                0x00001fb0                uC_StartUp
 .text.UART1_IRQHandler
                0x0000219c       0xa4 ./Example/src/FRTOS.o
                0x0000219c                UART1_IRQHandler
 .text.xTaskUART1Config
                0x00002240       0x8c ./Example/src/FRTOS.o
 .text.vTaskGSMConfig
                0x000022cc      0x198 ./Example/src/FRTOS.o
 .text.vTaskCargarAnillo
                0x00002464       0x3c ./Example/src/FRTOS.o
 .text.vTaskLeerAnillo
                0x000024a0       0x8c ./Example/src/FRTOS.o
 .text.LeerCola
                0x0000252c       0x56 ./Example/src/FRTOS.o
                0x0000252c                LeerCola
 *fill*         0x00002582        0x2 ff
 .text.vTaskEnviarGSM
                0x00002584      0x1e8 ./Example/src/FRTOS.o
 .text.xTaskPulsadores
                0x0000276c       0x80 ./Example/src/FRTOS.o
 .text.main     0x000027ec      0x138 ./Example/src/FRTOS.o
                0x000027ec                main
 .text.SystemInit
                0x00002924       0x24 ./Example/src/sysinit.o
                0x00002924                SystemInit
 .text.SystemCoreClockUpdate
                0x00002948       0x18 C:\Users\Fede\Documents\MCUXpressoIDE_10.1.1_606\workspace\lpc_chip_175x_6x\Debug\liblpc_chip_175x_6x.a(chip_17xx_40xx.o)
                0x00002948                SystemCoreClockUpdate
 .text.Chip_Clock_IsMainPLLEnabled
                0x00002960       0x24 C:\Users\Fede\Documents\MCUXpressoIDE_10.1.1_606\workspace\lpc_chip_175x_6x\Debug\liblpc_chip_175x_6x.a(clock_17xx_40xx.o)
 .text.Chip_Clock_IsMainPLLConnected
                0x00002984       0x24 C:\Users\Fede\Documents\MCUXpressoIDE_10.1.1_606\workspace\lpc_chip_175x_6x\Debug\liblpc_chip_175x_6x.a(clock_17xx_40xx.o)
 .text.Chip_Clock_FeedPLL
                0x000029a8       0x34 C:\Users\Fede\Documents\MCUXpressoIDE_10.1.1_606\workspace\lpc_chip_175x_6x\Debug\liblpc_chip_175x_6x.a(clock_17xx_40xx.o)
 .text.Chip_Clock_GetMainPLLSource
                0x000029dc       0x20 C:\Users\Fede\Documents\MCUXpressoIDE_10.1.1_606\workspace\lpc_chip_175x_6x\Debug\liblpc_chip_175x_6x.a(clock_17xx_40xx.o)
 .text.Chip_Clock_GetMainOscRate
                0x000029fc       0x14 C:\Users\Fede\Documents\MCUXpressoIDE_10.1.1_606\workspace\lpc_chip_175x_6x\Debug\liblpc_chip_175x_6x.a(clock_17xx_40xx.o)
 .text.Chip_Clock_GetIntOscRate
                0x00002a10       0x14 C:\Users\Fede\Documents\MCUXpressoIDE_10.1.1_606\workspace\lpc_chip_175x_6x\Debug\liblpc_chip_175x_6x.a(clock_17xx_40xx.o)
 .text.Chip_Clock_GetRTCOscRate
                0x00002a24       0x14 C:\Users\Fede\Documents\MCUXpressoIDE_10.1.1_606\workspace\lpc_chip_175x_6x\Debug\liblpc_chip_175x_6x.a(clock_17xx_40xx.o)
 .text.Chip_Clock_GetMainPLLInClockRate
                0x00002a38        0xe C:\Users\Fede\Documents\MCUXpressoIDE_10.1.1_606\workspace\lpc_chip_175x_6x\Debug\liblpc_chip_175x_6x.a(clock_17xx_40xx.o)
 *fill*         0x00002a46        0x2 ff
 .text.Chip_Clock_EnablePLL
                0x00002a48       0x44 C:\Users\Fede\Documents\MCUXpressoIDE_10.1.1_606\workspace\lpc_chip_175x_6x\Debug\liblpc_chip_175x_6x.a(clock_17xx_40xx.o)
                0x00002a48                Chip_Clock_EnablePLL
 .text.Chip_Clock_DisablePLL
                0x00002a8c       0x48 C:\Users\Fede\Documents\MCUXpressoIDE_10.1.1_606\workspace\lpc_chip_175x_6x\Debug\liblpc_chip_175x_6x.a(clock_17xx_40xx.o)
                0x00002a8c                Chip_Clock_DisablePLL
 .text.Chip_Clock_SetupPLL
                0x00002ad4       0x5c C:\Users\Fede\Documents\MCUXpressoIDE_10.1.1_606\workspace\lpc_chip_175x_6x\Debug\liblpc_chip_175x_6x.a(clock_17xx_40xx.o)
                0x00002ad4                Chip_Clock_SetupPLL
 .text.Chip_Clock_EnablePeriphClock
                0x00002b30       0x34 C:\Users\Fede\Documents\MCUXpressoIDE_10.1.1_606\workspace\lpc_chip_175x_6x\Debug\liblpc_chip_175x_6x.a(clock_17xx_40xx.o)
                0x00002b30                Chip_Clock_EnablePeriphClock
 .text.Chip_Clock_GetCPUClockSource
                0x00002b64       0x24 C:\Users\Fede\Documents\MCUXpressoIDE_10.1.1_606\workspace\lpc_chip_175x_6x\Debug\liblpc_chip_175x_6x.a(clock_17xx_40xx.o)
                0x00002b64                Chip_Clock_GetCPUClockSource
 .text.Chip_Clock_SetCPUClockDiv
                0x00002b88       0x20 C:\Users\Fede\Documents\MCUXpressoIDE_10.1.1_606\workspace\lpc_chip_175x_6x\Debug\liblpc_chip_175x_6x.a(clock_17xx_40xx.o)
                0x00002b88                Chip_Clock_SetCPUClockDiv
 .text.Chip_Clock_GetCPUClockDiv
                0x00002ba8       0x1c C:\Users\Fede\Documents\MCUXpressoIDE_10.1.1_606\workspace\lpc_chip_175x_6x\Debug\liblpc_chip_175x_6x.a(clock_17xx_40xx.o)
                0x00002ba8                Chip_Clock_GetCPUClockDiv
 .text.Chip_Clock_GetPCLKDiv
                0x00002bc4       0x8c C:\Users\Fede\Documents\MCUXpressoIDE_10.1.1_606\workspace\lpc_chip_175x_6x\Debug\liblpc_chip_175x_6x.a(clock_17xx_40xx.o)
                0x00002bc4                Chip_Clock_GetPCLKDiv
 .text.Chip_Clock_GetSYSCLKRate
                0x00002c50       0x34 C:\Users\Fede\Documents\MCUXpressoIDE_10.1.1_606\workspace\lpc_chip_175x_6x\Debug\liblpc_chip_175x_6x.a(clock_17xx_40xx.o)
                0x00002c50                Chip_Clock_GetSYSCLKRate
 .text.Chip_Clock_GetMainPLLOutClockRate
                0x00002c84       0x54 C:\Users\Fede\Documents\MCUXpressoIDE_10.1.1_606\workspace\lpc_chip_175x_6x\Debug\liblpc_chip_175x_6x.a(clock_17xx_40xx.o)
                0x00002c84                Chip_Clock_GetMainPLLOutClockRate
 .text.Chip_Clock_GetMainClockRate
                0x00002cd8       0x28 C:\Users\Fede\Documents\MCUXpressoIDE_10.1.1_606\workspace\lpc_chip_175x_6x\Debug\liblpc_chip_175x_6x.a(clock_17xx_40xx.o)
                0x00002cd8                Chip_Clock_GetMainClockRate
 .text.Chip_Clock_GetSystemClockRate
                0x00002d00       0x18 C:\Users\Fede\Documents\MCUXpressoIDE_10.1.1_606\workspace\lpc_chip_175x_6x\Debug\liblpc_chip_175x_6x.a(clock_17xx_40xx.o)
                0x00002d00                Chip_Clock_GetSystemClockRate
 .text.Chip_Clock_GetPeripheralClockRate
                0x00002d18       0x26 C:\Users\Fede\Documents\MCUXpressoIDE_10.1.1_606\workspace\lpc_chip_175x_6x\Debug\liblpc_chip_175x_6x.a(clock_17xx_40xx.o)
                0x00002d18                Chip_Clock_GetPeripheralClockRate
 .text.Chip_IOCON_PinMux
                0x00002d3e       0x92 C:\Users\Fede\Documents\MCUXpressoIDE_10.1.1_606\workspace\lpc_chip_175x_6x\Debug\liblpc_chip_175x_6x.a(iocon_17xx_40xx.o)
                0x00002d3e                Chip_IOCON_PinMux
 .text.RingBuffer_GetCount
                0x00002dd0       0x20 C:\Users\Fede\Documents\MCUXpressoIDE_10.1.1_606\workspace\lpc_chip_175x_6x\Debug\liblpc_chip_175x_6x.a(ring_buffer.o)
 .text.RingBuffer_GetFree
                0x00002df0       0x1e C:\Users\Fede\Documents\MCUXpressoIDE_10.1.1_606\workspace\lpc_chip_175x_6x\Debug\liblpc_chip_175x_6x.a(ring_buffer.o)
 .text.RingBuffer_IsFull
                0x00002e0e       0x26 C:\Users\Fede\Documents\MCUXpressoIDE_10.1.1_606\workspace\lpc_chip_175x_6x\Debug\liblpc_chip_175x_6x.a(ring_buffer.o)
 .text.RingBuffer_IsEmpty
                0x00002e34       0x28 C:\Users\Fede\Documents\MCUXpressoIDE_10.1.1_606\workspace\lpc_chip_175x_6x\Debug\liblpc_chip_175x_6x.a(ring_buffer.o)
 .text.RingBuffer_Init
                0x00002e5c       0x3a C:\Users\Fede\Documents\MCUXpressoIDE_10.1.1_606\workspace\lpc_chip_175x_6x\Debug\liblpc_chip_175x_6x.a(ring_buffer.o)
                0x00002e5c                RingBuffer_Init
 .text.RingBuffer_Insert
                0x00002e96       0x5c C:\Users\Fede\Documents\MCUXpressoIDE_10.1.1_606\workspace\lpc_chip_175x_6x\Debug\liblpc_chip_175x_6x.a(ring_buffer.o)
                0x00002e96                RingBuffer_Insert
 .text.RingBuffer_InsertMult
                0x00002ef2      0x122 C:\Users\Fede\Documents\MCUXpressoIDE_10.1.1_606\workspace\lpc_chip_175x_6x\Debug\liblpc_chip_175x_6x.a(ring_buffer.o)
                0x00002ef2                RingBuffer_InsertMult
 .text.RingBuffer_Pop
                0x00003014       0x5c C:\Users\Fede\Documents\MCUXpressoIDE_10.1.1_606\workspace\lpc_chip_175x_6x\Debug\liblpc_chip_175x_6x.a(ring_buffer.o)
                0x00003014                RingBuffer_Pop
 .text.Chip_Clock_IsMainPLLEnabled
                0x00003070       0x24 C:\Users\Fede\Documents\MCUXpressoIDE_10.1.1_606\workspace\lpc_chip_175x_6x\Debug\liblpc_chip_175x_6x.a(sysinit_17xx_40xx.o)
 .text.Chip_Clock_IsMainPLLLocked
                0x00003094       0x24 C:\Users\Fede\Documents\MCUXpressoIDE_10.1.1_606\workspace\lpc_chip_175x_6x\Debug\liblpc_chip_175x_6x.a(sysinit_17xx_40xx.o)
 .text.Chip_Clock_IsMainPLLConnected
                0x000030b8       0x24 C:\Users\Fede\Documents\MCUXpressoIDE_10.1.1_606\workspace\lpc_chip_175x_6x\Debug\liblpc_chip_175x_6x.a(sysinit_17xx_40xx.o)
 .text.Chip_Clock_EnableCrystal
                0x000030dc       0x20 C:\Users\Fede\Documents\MCUXpressoIDE_10.1.1_606\workspace\lpc_chip_175x_6x\Debug\liblpc_chip_175x_6x.a(sysinit_17xx_40xx.o)
 .text.Chip_Clock_IsCrystalEnabled
                0x000030fc       0x24 C:\Users\Fede\Documents\MCUXpressoIDE_10.1.1_606\workspace\lpc_chip_175x_6x\Debug\liblpc_chip_175x_6x.a(sysinit_17xx_40xx.o)
 .text.Chip_Clock_SetMainPLLSource
                0x00003120       0x20 C:\Users\Fede\Documents\MCUXpressoIDE_10.1.1_606\workspace\lpc_chip_175x_6x\Debug\liblpc_chip_175x_6x.a(sysinit_17xx_40xx.o)
 .text.Chip_SetupXtalClocking
                0x00003140       0x90 C:\Users\Fede\Documents\MCUXpressoIDE_10.1.1_606\workspace\lpc_chip_175x_6x\Debug\liblpc_chip_175x_6x.a(sysinit_17xx_40xx.o)
                0x00003140                Chip_SetupXtalClocking
 .text.Chip_SystemInit
                0x000031d0        0xc C:\Users\Fede\Documents\MCUXpressoIDE_10.1.1_606\workspace\lpc_chip_175x_6x\Debug\liblpc_chip_175x_6x.a(sysinit_17xx_40xx.o)
                0x000031d0                Chip_SystemInit
 .text.Chip_UART_SendByte
                0x000031dc       0x1c C:\Users\Fede\Documents\MCUXpressoIDE_10.1.1_606\workspace\lpc_chip_175x_6x\Debug\liblpc_chip_175x_6x.a(uart_17xx_40xx.o)
 .text.Chip_UART_IntEnable
                0x000031f8       0x20 C:\Users\Fede\Documents\MCUXpressoIDE_10.1.1_606\workspace\lpc_chip_175x_6x\Debug\liblpc_chip_175x_6x.a(uart_17xx_40xx.o)
 .text.Chip_UART_IntDisable
                0x00003218       0x22 C:\Users\Fede\Documents\MCUXpressoIDE_10.1.1_606\workspace\lpc_chip_175x_6x\Debug\liblpc_chip_175x_6x.a(uart_17xx_40xx.o)
 .text.Chip_UART_SetupFIFOS
                0x0000323a       0x1a C:\Users\Fede\Documents\MCUXpressoIDE_10.1.1_606\workspace\lpc_chip_175x_6x\Debug\liblpc_chip_175x_6x.a(uart_17xx_40xx.o)
 .text.Chip_UART_ConfigData
                0x00003254       0x1a C:\Users\Fede\Documents\MCUXpressoIDE_10.1.1_606\workspace\lpc_chip_175x_6x\Debug\liblpc_chip_175x_6x.a(uart_17xx_40xx.o)
 .text.Chip_UART_EnableDivisorAccess
                0x0000326e       0x1e C:\Users\Fede\Documents\MCUXpressoIDE_10.1.1_606\workspace\lpc_chip_175x_6x\Debug\liblpc_chip_175x_6x.a(uart_17xx_40xx.o)
 .text.Chip_UART_DisableDivisorAccess
                0x0000328c       0x1e C:\Users\Fede\Documents\MCUXpressoIDE_10.1.1_606\workspace\lpc_chip_175x_6x\Debug\liblpc_chip_175x_6x.a(uart_17xx_40xx.o)
 .text.Chip_UART_SetDivisorLatches
                0x000032aa       0x26 C:\Users\Fede\Documents\MCUXpressoIDE_10.1.1_606\workspace\lpc_chip_175x_6x\Debug\liblpc_chip_175x_6x.a(uart_17xx_40xx.o)
 .text.Chip_UART_ReadLineStatus
                0x000032d0       0x16 C:\Users\Fede\Documents\MCUXpressoIDE_10.1.1_606\workspace\lpc_chip_175x_6x\Debug\liblpc_chip_175x_6x.a(uart_17xx_40xx.o)
 *fill*         0x000032e6        0x2 ff
 .text.Chip_UART_GetClockIndex
                0x000032e8       0x50 C:\Users\Fede\Documents\MCUXpressoIDE_10.1.1_606\workspace\lpc_chip_175x_6x\Debug\liblpc_chip_175x_6x.a(uart_17xx_40xx.o)
 .text.Chip_UART_GetClkIndex
                0x00003338       0x50 C:\Users\Fede\Documents\MCUXpressoIDE_10.1.1_606\workspace\lpc_chip_175x_6x\Debug\liblpc_chip_175x_6x.a(uart_17xx_40xx.o)
 .text.Chip_UART_Init
                0x00003388       0x78 C:\Users\Fede\Documents\MCUXpressoIDE_10.1.1_606\workspace\lpc_chip_175x_6x\Debug\liblpc_chip_175x_6x.a(uart_17xx_40xx.o)
                0x00003388                Chip_UART_Init
 .text.Chip_UART_TXEnable
                0x00003400       0x18 C:\Users\Fede\Documents\MCUXpressoIDE_10.1.1_606\workspace\lpc_chip_175x_6x\Debug\liblpc_chip_175x_6x.a(uart_17xx_40xx.o)
                0x00003400                Chip_UART_TXEnable
 .text.Chip_UART_TXDisable
                0x00003418       0x18 C:\Users\Fede\Documents\MCUXpressoIDE_10.1.1_606\workspace\lpc_chip_175x_6x\Debug\liblpc_chip_175x_6x.a(uart_17xx_40xx.o)
                0x00003418                Chip_UART_TXDisable
 .text.Chip_UART_SetBaud
                0x00003430       0x62 C:\Users\Fede\Documents\MCUXpressoIDE_10.1.1_606\workspace\lpc_chip_175x_6x\Debug\liblpc_chip_175x_6x.a(uart_17xx_40xx.o)
                0x00003430                Chip_UART_SetBaud
 .text.Chip_UART_TXIntHandlerRB
                0x00003492       0x40 C:\Users\Fede\Documents\MCUXpressoIDE_10.1.1_606\workspace\lpc_chip_175x_6x\Debug\liblpc_chip_175x_6x.a(uart_17xx_40xx.o)
                0x00003492                Chip_UART_TXIntHandlerRB
 .text.Chip_UART_SendRB
                0x000034d2       0x60 C:\Users\Fede\Documents\MCUXpressoIDE_10.1.1_606\workspace\lpc_chip_175x_6x\Debug\liblpc_chip_175x_6x.a(uart_17xx_40xx.o)
                0x000034d2                Chip_UART_SendRB
 .text.__main   0x00003532        0xe c:/nxp/mcuxpressoide_10.1.1_606/ide/tools/bin/../lib/gcc/arm-none-eabi/6.3.1/../../../../arm-none-eabi/lib/thumb/v7-m\libcr_semihost.a(_cr__main.o)
                0x00003532                __CR_SEMIHOST
                0x00003532                __main
 .text.memcpy   0x00003540        0x4 c:/nxp/mcuxpressoide_10.1.1_606/ide/tools/bin/../lib/gcc/arm-none-eabi/6.3.1/../../../../arm-none-eabi/lib/thumb/v7-m\libcr_c.a(memcpy.o)
                0x00003540                memcpy
 .text.memset   0x00003544        0x4 c:/nxp/mcuxpressoide_10.1.1_606/ide/tools/bin/../lib/gcc/arm-none-eabi/6.3.1/../../../../arm-none-eabi/lib/thumb/v7-m\libcr_c.a(memset.o)
                0x00003544                memset
 .text.malloc   0x00003548       0xc4 c:/nxp/mcuxpressoide_10.1.1_606/ide/tools/bin/../lib/gcc/arm-none-eabi/6.3.1/../../../../arm-none-eabi/lib/thumb/v7-m\libcr_c.a(alloc.o)
                0x00003548                malloc
 .text.free     0x0000360c       0x30 c:/nxp/mcuxpressoide_10.1.1_606/ide/tools/bin/../lib/gcc/arm-none-eabi/6.3.1/../../../../arm-none-eabi/lib/thumb/v7-m\libcr_c.a(alloc.o)
                0x0000360c                free
 .text._Csys_alloc
                0x0000363c       0x20 c:/nxp/mcuxpressoide_10.1.1_606/ide/tools/bin/../lib/gcc/arm-none-eabi/6.3.1/../../../../arm-none-eabi/lib/thumb/v7-m\libcr_c.a(alloc.o)
                0x0000363c                _Csys_alloc
 .text.fp_round
                0x0000365c       0x4c c:/nxp/mcuxpressoide_10.1.1_606/ide/tools/bin/../lib/gcc/arm-none-eabi/6.3.1/../../../../arm-none-eabi/lib/thumb/v7-m\libcr_c.a(fpprintf.o)
 .text.pr_dec.constprop.1
                0x000036a8       0x26 c:/nxp/mcuxpressoide_10.1.1_606/ide/tools/bin/../lib/gcc/arm-none-eabi/6.3.1/../../../../arm-none-eabi/lib/thumb/v7-m\libcr_c.a(fpprintf.o)
 *fill*         0x000036ce        0x2 ff
 .text.sprintf  0x000036d0       0x6c c:/nxp/mcuxpressoide_10.1.1_606/ide/tools/bin/../lib/gcc/arm-none-eabi/6.3.1/../../../../arm-none-eabi/lib/thumb/v7-m\libcr_c.a(fpprintf.o)
                0x000036d0                sprintf
 *fill*         0x0000373c        0x4 ff
 .text.fp_display
                0x00003740      0x95c c:/nxp/mcuxpressoide_10.1.1_606/ide/tools/bin/../lib/gcc/arm-none-eabi/6.3.1/../../../../arm-none-eabi/lib/thumb/v7-m\libcr_c.a(fpprintf.o)
 .text.vsnprintf
                0x0000409c       0x5c c:/nxp/mcuxpressoide_10.1.1_606/ide/tools/bin/../lib/gcc/arm-none-eabi/6.3.1/../../../../arm-none-eabi/lib/thumb/v7-m\libcr_c.a(fpprintf.o)
                0x0000409c                vsnprintf
 .text.printf   0x000040f8       0x54 c:/nxp/mcuxpressoide_10.1.1_606/ide/tools/bin/../lib/gcc/arm-none-eabi/6.3.1/../../../../arm-none-eabi/lib/thumb/v7-m\libcr_c.a(fpprintf.o)
                0x000040f8                printf
 .text._initio  0x0000414c       0x78 c:/nxp/mcuxpressoide_10.1.1_606/ide/tools/bin/../lib/gcc/arm-none-eabi/6.3.1/../../../../arm-none-eabi/lib/thumb/v7-m\libcr_c.a(initio.o)
                0x0000414c                _initio
 .text.__vfprintf
                0x000041c4      0xb68 c:/nxp/mcuxpressoide_10.1.1_606/ide/tools/bin/../lib/gcc/arm-none-eabi/6.3.1/../../../../arm-none-eabi/lib/thumb/v7-m\libcr_c.a(printf.o)
                0x000041c4                __vfprintf
 .text.setvbuf  0x00004d2c       0x40 c:/nxp/mcuxpressoide_10.1.1_606/ide/tools/bin/../lib/gcc/arm-none-eabi/6.3.1/../../../../arm-none-eabi/lib/thumb/v7-m\libcr_c.a(setvbuf.o)
                0x00004d2c                setvbuf
 .text.strlen   0x00004d6c       0x4a c:/nxp/mcuxpressoide_10.1.1_606/ide/tools/bin/../lib/gcc/arm-none-eabi/6.3.1/../../../../arm-none-eabi/lib/thumb/v7-m\libcr_c.a(strlen.o)
                0x00004d6c                strlen
 *fill*         0x00004db6        0x2 ff
 .text._sbrk    0x00004db8       0x3c c:/nxp/mcuxpressoide_10.1.1_606/ide/tools/bin/../lib/gcc/arm-none-eabi/6.3.1/../../../../arm-none-eabi/lib/thumb/v7-m\libcr_c.a(_cr_sbrk.o)
                0x00004db8                _sbrk
 .text._deferredlazyseek
                0x00004df4       0x40 c:/nxp/mcuxpressoide_10.1.1_606/ide/tools/bin/../lib/gcc/arm-none-eabi/6.3.1/../../../../arm-none-eabi/lib/thumb/v7-m\libcr_c.a(_deferredlazyseek.o)
                0x00004df4                _deferredlazyseek
 .text.__flsbuf
                0x00004e34      0x148 c:/nxp/mcuxpressoide_10.1.1_606/ide/tools/bin/../lib/gcc/arm-none-eabi/6.3.1/../../../../arm-none-eabi/lib/thumb/v7-m\libcr_c.a(_deferredlazyseek.o)
                0x00004e34                __flsbuf
 .text._fdopen  0x00004f7c       0x68 c:/nxp/mcuxpressoide_10.1.1_606/ide/tools/bin/../lib/gcc/arm-none-eabi/6.3.1/../../../../arm-none-eabi/lib/thumb/v7-m\libcr_c.a(_fdopen.o)
                0x00004f7c                _fdopen
 .text._fflush  0x00004fe4       0x54 c:/nxp/mcuxpressoide_10.1.1_606/ide/tools/bin/../lib/gcc/arm-none-eabi/6.3.1/../../../../arm-none-eabi/lib/thumb/v7-m\libcr_c.a(_fflush.o)
                0x00004fe4                _fflush
 .text._frexpl  0x00005038       0x58 c:/nxp/mcuxpressoide_10.1.1_606/ide/tools/bin/../lib/gcc/arm-none-eabi/6.3.1/../../../../arm-none-eabi/lib/thumb/v7-m\libcr_c.a(_frexpl.o)
                0x00005038                _frexpl
 .text._ldexpl  0x00005090       0x4c c:/nxp/mcuxpressoide_10.1.1_606/ide/tools/bin/../lib/gcc/arm-none-eabi/6.3.1/../../../../arm-none-eabi/lib/thumb/v7-m\libcr_c.a(_ldexpl.o)
                0x00005090                _ldexpl
 .text._Cwritebuf
                0x000050dc       0x6c c:/nxp/mcuxpressoide_10.1.1_606/ide/tools/bin/../lib/gcc/arm-none-eabi/6.3.1/../../../../arm-none-eabi/lib/thumb/v7-m\libcr_c.a(_writebuf.o)
                0x000050dc                _Cwritebuf
 .text.fclose   0x00005148       0x58 c:/nxp/mcuxpressoide_10.1.1_606/ide/tools/bin/../lib/gcc/arm-none-eabi/6.3.1/../../../../arm-none-eabi/lib/thumb/v7-m\libcr_c.a(fclose.o)
                0x00005148                fclose
 .text.fflush   0x000051a0       0x44 c:/nxp/mcuxpressoide_10.1.1_606/ide/tools/bin/../lib/gcc/arm-none-eabi/6.3.1/../../../../arm-none-eabi/lib/thumb/v7-m\libcr_c.a(fflush.o)
                0x000051a0                fflush
 .text.fseek    0x000051e4      0x100 c:/nxp/mcuxpressoide_10.1.1_606/ide/tools/bin/../lib/gcc/arm-none-eabi/6.3.1/../../../../arm-none-eabi/lib/thumb/v7-m\libcr_c.a(fseek.o)
                0x000051e4                fseek
 .text.ftell    0x000052e4       0x48 c:/nxp/mcuxpressoide_10.1.1_606/ide/tools/bin/../lib/gcc/arm-none-eabi/6.3.1/../../../../arm-none-eabi/lib/thumb/v7-m\libcr_c.a(ftell.o)
                0x000052e4                ftell
 .text.remove   0x0000532c       0x14 c:/nxp/mcuxpressoide_10.1.1_606/ide/tools/bin/../lib/gcc/arm-none-eabi/6.3.1/../../../../arm-none-eabi/lib/thumb/v7-m\libcr_c.a(remove.o)
                0x0000532c                remove
 .text.__check_heap_overflow
                0x00005340       0x18 c:/nxp/mcuxpressoide_10.1.1_606/ide/tools/bin/../lib/gcc/arm-none-eabi/6.3.1/../../../../arm-none-eabi/lib/thumb/v7-m\libcr_c.a(_cr_check_heap.o)
                0x00005340                __check_heap_overflow
 .text._do_fflush
                0x00005358       0x40 c:/nxp/mcuxpressoide_10.1.1_606/ide/tools/bin/../lib/gcc/arm-none-eabi/6.3.1/../../../../arm-none-eabi/lib/thumb/v7-m\libcr_c.a(_do_fflush.o)
                0x00005358                _do_fflush
 .text.__aeabi_dmul
                0x00005398      0x10c c:/nxp/mcuxpressoide_10.1.1_606/ide/tools/bin/../lib/gcc/arm-none-eabi/6.3.1/thumb/v7-m\libcr_eabihelpers.a(double.o)
                0x00005398                __aeabi_dmul
 .text.__aeabi_ddiv
                0x000054a4      0x134 c:/nxp/mcuxpressoide_10.1.1_606/ide/tools/bin/../lib/gcc/arm-none-eabi/6.3.1/thumb/v7-m\libcr_eabihelpers.a(double.o)
                0x000054a4                __aeabi_ddiv
 .text.__aeabi_dsub
                0x000055d8      0x1dc c:/nxp/mcuxpressoide_10.1.1_606/ide/tools/bin/../lib/gcc/arm-none-eabi/6.3.1/thumb/v7-m\libcr_eabihelpers.a(double.o)
                0x000055d8                __aeabi_dsub
 .text.__aeabi_dadd
                0x000057b4      0x10c c:/nxp/mcuxpressoide_10.1.1_606/ide/tools/bin/../lib/gcc/arm-none-eabi/6.3.1/thumb/v7-m\libcr_eabihelpers.a(double.o)
                0x000057b4                __aeabi_dadd
 .text.__aeabi_d2iz
                0x000058c0       0x40 c:/nxp/mcuxpressoide_10.1.1_606/ide/tools/bin/../lib/gcc/arm-none-eabi/6.3.1/thumb/v7-m\libcr_eabihelpers.a(double.o)
                0x000058c0                __aeabi_d2iz
 .text.__bhs_ui2d
                0x00005900       0x46 c:/nxp/mcuxpressoide_10.1.1_606/ide/tools/bin/../lib/gcc/arm-none-eabi/6.3.1/thumb/v7-m\libcr_eabihelpers.a(double.o)
                0x00005900                __bhs_ui2d
 .text.__aeabi_i2d
                0x00005946       0x12 c:/nxp/mcuxpressoide_10.1.1_606/ide/tools/bin/../lib/gcc/arm-none-eabi/6.3.1/thumb/v7-m\libcr_eabihelpers.a(double.o)
                0x00005946                __aeabi_i2d
 .text.__aeabi_dcmpeq
                0x00005958       0x2c c:/nxp/mcuxpressoide_10.1.1_606/ide/tools/bin/../lib/gcc/arm-none-eabi/6.3.1/thumb/v7-m\libcr_eabihelpers.a(double.o)
                0x00005958                __aeabi_dcmpeq
 .text.__aeabi_dcmplt
                0x00005984       0x54 c:/nxp/mcuxpressoide_10.1.1_606/ide/tools/bin/../lib/gcc/arm-none-eabi/6.3.1/thumb/v7-m\libcr_eabihelpers.a(double.o)
                0x00005984                __aeabi_dcmplt
 .text.__aeabi_dcmple
                0x000059d8       0x54 c:/nxp/mcuxpressoide_10.1.1_606/ide/tools/bin/../lib/gcc/arm-none-eabi/6.3.1/thumb/v7-m\libcr_eabihelpers.a(double.o)
                0x000059d8                __aeabi_dcmple
 .text.__aeabi_dcmpge
                0x00005a2c       0x54 c:/nxp/mcuxpressoide_10.1.1_606/ide/tools/bin/../lib/gcc/arm-none-eabi/6.3.1/thumb/v7-m\libcr_eabihelpers.a(double.o)
                0x00005a2c                __aeabi_dcmpge
 .text.__aeabi_memcpy
                0x00005a80       0x34 c:/nxp/mcuxpressoide_10.1.1_606/ide/tools/bin/../lib/gcc/arm-none-eabi/6.3.1/thumb/v7-m\libcr_eabihelpers.a(memcpy.o)
                0x00005a80                __aeabi_memcpy
                0x00005a8a                __aeabi_memcpy8
                0x00005a8a                __aeabi_memcpy4
 .text.__aeabi_memset_lowlevel
                0x00005ab4       0x32 c:/nxp/mcuxpressoide_10.1.1_606/ide/tools/bin/../lib/gcc/arm-none-eabi/6.3.1/thumb/v7-m\libcr_eabihelpers.a(memcpy.o)
                0x00005ab4                __aeabi_lowlevel_memset
 *fill*         0x00005ae6        0x2 ff
 .text.__sys_appexit
                0x00005ae8        0xc c:/nxp/mcuxpressoide_10.1.1_606/ide/tools/bin/../lib/gcc/arm-none-eabi/6.3.1/../../../../arm-none-eabi/lib/thumb/v7-m\libcr_semihost.a(__sys_appexit.o)
                0x00005ae8                __sys_appexit
                0x00005ae8                __exit
 .text.__sys_close
                0x00005af4        0xc c:/nxp/mcuxpressoide_10.1.1_606/ide/tools/bin/../lib/gcc/arm-none-eabi/6.3.1/../../../../arm-none-eabi/lib/thumb/v7-m\libcr_semihost.a(__sys_close.o)
                0x00005af4                __sys_close
 .text.__sys_flen
                0x00005b00        0xc c:/nxp/mcuxpressoide_10.1.1_606/ide/tools/bin/../lib/gcc/arm-none-eabi/6.3.1/../../../../arm-none-eabi/lib/thumb/v7-m\libcr_semihost.a(__sys_flen.o)
                0x00005b00                __sys_flen
 .text.__sys_istty
                0x00005b0c        0xc c:/nxp/mcuxpressoide_10.1.1_606/ide/tools/bin/../lib/gcc/arm-none-eabi/6.3.1/../../../../arm-none-eabi/lib/thumb/v7-m\libcr_semihost.a(__sys_istty.o)
                0x00005b0c                __sys_istty
 .text.__sys_remove
                0x00005b18        0xc c:/nxp/mcuxpressoide_10.1.1_606/ide/tools/bin/../lib/gcc/arm-none-eabi/6.3.1/../../../../arm-none-eabi/lib/thumb/v7-m\libcr_semihost.a(__sys_remove.o)
                0x00005b18                __sys_remove
 .text.__sys_seek
                0x00005b24        0xc c:/nxp/mcuxpressoide_10.1.1_606/ide/tools/bin/../lib/gcc/arm-none-eabi/6.3.1/../../../../arm-none-eabi/lib/thumb/v7-m\libcr_semihost.a(__sys_seek.o)
                0x00005b24                __sys_seek
 .text.__sys_tmpnam
                0x00005b30        0xc c:/nxp/mcuxpressoide_10.1.1_606/ide/tools/bin/../lib/gcc/arm-none-eabi/6.3.1/../../../../arm-none-eabi/lib/thumb/v7-m\libcr_semihost.a(__sys_tmpnam.o)
                0x00005b30                __sys_tmpnam
 .text.__sys_write
                0x00005b3c        0xc c:/nxp/mcuxpressoide_10.1.1_606/ide/tools/bin/../lib/gcc/arm-none-eabi/6.3.1/../../../../arm-none-eabi/lib/thumb/v7-m\libcr_semihost.a(__sys_write.o)
                0x00005b3c                __sys_write
 *(.rodata .rodata.* .constdata .constdata.*)
 .rodata        0x00005b48        0x5 ./freeRTOS/src/tasks.o
 *fill*         0x00005b4d        0x3 ff
 .rodata        0x00005b50      0x270 ./Example/src/FRTOS.o
 .rodata.OscRateIn
                0x00005dc0        0x4 ./Example/src/sysinit.o
                0x00005dc0                OscRateIn
 .rodata.RTCOscRateIn
                0x00005dc4        0x4 ./Example/src/sysinit.o
                0x00005dc4                RTCOscRateIn
 .rodata._Csys_alloc.str1.1
                0x00005dc8       0x18 c:/nxp/mcuxpressoide_10.1.1_606/ide/tools/bin/../lib/gcc/arm-none-eabi/6.3.1/../../../../arm-none-eabi/lib/thumb/v7-m\libcr_c.a(alloc.o)
 .rodata.fp_display.str1.1
                0x00005de0       0x34 c:/nxp/mcuxpressoide_10.1.1_606/ide/tools/bin/../lib/gcc/arm-none-eabi/6.3.1/../../../../arm-none-eabi/lib/thumb/v7-m\libcr_c.a(fpprintf.o)
                                 0x35 (size before relaxing)
 .rodata._initio.str1.1
                0x00005e14        0x4 c:/nxp/mcuxpressoide_10.1.1_606/ide/tools/bin/../lib/gcc/arm-none-eabi/6.3.1/../../../../arm-none-eabi/lib/thumb/v7-m\libcr_c.a(initio.o)
 .rodata.__vfprintf.str1.1
                0x00005e18       0x31 c:/nxp/mcuxpressoide_10.1.1_606/ide/tools/bin/../lib/gcc/arm-none-eabi/6.3.1/../../../../arm-none-eabi/lib/thumb/v7-m\libcr_c.a(printf.o)
                                 0x38 (size before relaxing)
 *fill*         0x00005e49        0x7 ff
 .rodata.__huge_vall
                0x00005e50        0x8 c:/nxp/mcuxpressoide_10.1.1_606/ide/tools/bin/../lib/gcc/arm-none-eabi/6.3.1/../../../../arm-none-eabi/lib/thumb/v7-m\libcr_c.a(_hugeval.o)
                0x00005e50                __huge_vall
 .rodata.__num_Ciob_streams
                0x00005e58        0x4 c:/nxp/mcuxpressoide_10.1.1_606/ide/tools/bin/../lib/gcc/arm-none-eabi/6.3.1/../../../../arm-none-eabi/lib/thumb/v7-m\libcr_semihost.a(__ciob.o)
                0x00005e58                __num_Ciob_streams
                0x00005e5c                . = ALIGN (0x4)

.glue_7         0x00005e5c        0x0
 .glue_7        0x00005e5c        0x0 linker stubs

.glue_7t        0x00005e5c        0x0
 .glue_7t       0x00005e5c        0x0 linker stubs

.vfp11_veneer   0x00005e5c        0x0
 .vfp11_veneer  0x00005e5c        0x0 linker stubs

.v4_bx          0x00005e5c        0x0
 .v4_bx         0x00005e5c        0x0 linker stubs

.iplt           0x00005e5c        0x0
 .iplt          0x00005e5c        0x0 ./freeRTOS/src/FreeRTOSCommonHooks.o

.rel.dyn        0x00005e5c        0x0
 .rel.iplt      0x00005e5c        0x0 ./freeRTOS/src/FreeRTOSCommonHooks.o

.ARM.extab
 *(.ARM.extab* .gnu.linkonce.armextab.*)
                0x00005e5c                __exidx_start = .

.ARM.exidx
 *(.ARM.exidx* .gnu.linkonce.armexidx.*)
                0x00005e5c                __exidx_end = .
                0x00005e5c                _etext = .

.data_RAM2      0x2007c000        0x0 load address 0x00005e5c
 FILL mask 0xff
                [!provide]                PROVIDE (__start_data_RAM2, .)
 *(.ramfunc.$RAM2)
 *(.ramfunc.$RamAHB32)
 *(.data.$RAM2*)
 *(.data.$RamAHB32*)
                0x2007c000                . = ALIGN (0x4)
                [!provide]                PROVIDE (__end_data_RAM2, .)

.uninit_RESERVED
                0x10000000        0x0
 *(.bss.$RESERVED*)
                0x10000000                . = ALIGN (0x4)
                0x10000000                _end_uninit_RESERVED = .

.data           0x10000000       0x48 load address 0x00005e5c
 FILL mask 0xff
                0x10000000                _data = .
 *(vtable)
 *(.ramfunc*)
 *(.data*)
 .data.uxCriticalNesting
                0x10000000        0x4 ./freeRTOS/src/port.o
 .data.url_string
                0x10000004       0x1b ./Example/src/FRTOS.o
                0x10000004                url_string
 *fill*         0x1000001f        0x1 ff
 .data.apiKey   0x10000020       0x1a ./Example/src/FRTOS.o
                0x10000020                apiKey
 *fill*         0x1000003a        0x2 ff
 .data.data     0x1000003c        0xb ./Example/src/FRTOS.o
                0x1000003c                data
                0x10000048                . = ALIGN (0x4)
 *fill*         0x10000047        0x1 ff
                0x10000048                _edata = .

.igot.plt       0x10000048        0x0 load address 0x00005ea4
 .igot.plt      0x10000048        0x0 ./freeRTOS/src/FreeRTOSCommonHooks.o

.bss_RAM2       0x2007c000        0x0
                [!provide]                PROVIDE (__start_bss_RAM2, .)
 *(.bss.$RAM2*)
 *(.bss.$RamAHB32*)
                0x2007c000                . = ALIGN ((. != 0x0)?0x4:0x1)
                [!provide]                PROVIDE (__end_bss_RAM2, .)

.bss            0x10000048      0xb88
                0x10000048                _bss = .
 *(.bss*)
 .bss.ulTimerCountsForOneTick
                0x10000048        0x4 ./freeRTOS/src/port.o
 .bss.xMaximumPossibleSuppressedTicks
                0x1000004c        0x4 ./freeRTOS/src/port.o
 .bss.ulStoppedTimerCompensation
                0x10000050        0x4 ./freeRTOS/src/port.o
 .bss.pxCurrentTCB
                0x10000054        0x4 ./freeRTOS/src/tasks.o
                0x10000054                pxCurrentTCB
 .bss.pxReadyTasksLists
                0x10000058       0x64 ./freeRTOS/src/tasks.o
 .bss.xDelayedTaskList1
                0x100000bc       0x14 ./freeRTOS/src/tasks.o
 .bss.xDelayedTaskList2
                0x100000d0       0x14 ./freeRTOS/src/tasks.o
 .bss.pxDelayedTaskList
                0x100000e4        0x4 ./freeRTOS/src/tasks.o
 .bss.pxOverflowDelayedTaskList
                0x100000e8        0x4 ./freeRTOS/src/tasks.o
 .bss.xPendingReadyList
                0x100000ec       0x14 ./freeRTOS/src/tasks.o
 .bss.xTasksWaitingTermination
                0x10000100       0x14 ./freeRTOS/src/tasks.o
 .bss.uxDeletedTasksWaitingCleanUp
                0x10000114        0x4 ./freeRTOS/src/tasks.o
 .bss.xSuspendedTaskList
                0x10000118       0x14 ./freeRTOS/src/tasks.o
 .bss.uxCurrentNumberOfTasks
                0x1000012c        0x4 ./freeRTOS/src/tasks.o
 .bss.xTickCount
                0x10000130        0x4 ./freeRTOS/src/tasks.o
 .bss.uxTopReadyPriority
                0x10000134        0x4 ./freeRTOS/src/tasks.o
 .bss.xSchedulerRunning
                0x10000138        0x4 ./freeRTOS/src/tasks.o
 .bss.uxPendedTicks
                0x1000013c        0x4 ./freeRTOS/src/tasks.o
 .bss.xYieldPending
                0x10000140        0x4 ./freeRTOS/src/tasks.o
 .bss.xNumOfOverflows
                0x10000144        0x4 ./freeRTOS/src/tasks.o
 .bss.uxTaskNumber
                0x10000148        0x4 ./freeRTOS/src/tasks.o
 .bss.xNextTaskUnblockTime
                0x1000014c        0x4 ./freeRTOS/src/tasks.o
 .bss.xIdleTaskHandle
                0x10000150        0x4 ./freeRTOS/src/tasks.o
 .bss.uxSchedulerSuspended
                0x10000154        0x4 ./freeRTOS/src/tasks.o
 .bss.Semaforo_RX
                0x10000158        0x4 ./Example/src/FRTOS.o
                0x10000158                Semaforo_RX
 .bss.Cola_RX   0x1000015c        0x4 ./Example/src/FRTOS.o
                0x1000015c                Cola_RX
 .bss.Cola_TX   0x10000160        0x4 ./Example/src/FRTOS.o
                0x10000160                Cola_TX
 .bss.Cola_Pulsadores
                0x10000164        0x4 ./Example/src/FRTOS.o
                0x10000164                Cola_Pulsadores
 .bss.txring    0x10000168       0x14 ./Example/src/FRTOS.o
 .bss.rxring    0x1000017c       0x14 ./Example/src/FRTOS.o
 .bss.rxbuff    0x10000190      0x400 ./Example/src/FRTOS.o
 .bss.txbuff    0x10000590      0x400 ./Example/src/FRTOS.o
 .bss.http_cmd  0x10000990       0x50 ./Example/src/FRTOS.o
                0x10000990                http_cmd
 .bss.__end_of_heap
                0x100009e0        0x4 c:/nxp/mcuxpressoide_10.1.1_606/ide/tools/bin/../lib/gcc/arm-none-eabi/6.3.1/../../../../arm-none-eabi/lib/thumb/v7-m\libcr_c.a(__init_alloc.o)
                0x100009e0                __end_of_heap
 .bss.__heaps   0x100009e4        0x4 c:/nxp/mcuxpressoide_10.1.1_606/ide/tools/bin/../lib/gcc/arm-none-eabi/6.3.1/../../../../arm-none-eabi/lib/thumb/v7-m\libcr_c.a(__init_alloc.o)
                0x100009e4                __heaps
 .bss.errno     0x100009e8        0x4 c:/nxp/mcuxpressoide_10.1.1_606/ide/tools/bin/../lib/gcc/arm-none-eabi/6.3.1/../../../../arm-none-eabi/lib/thumb/v7-m\libcr_c.a(errno.o)
                0x100009e8                errno
 .bss.__Ciob    0x100009ec      0x1e0 c:/nxp/mcuxpressoide_10.1.1_606/ide/tools/bin/../lib/gcc/arm-none-eabi/6.3.1/../../../../arm-none-eabi/lib/thumb/v7-m\libcr_semihost.a(__ciob.o)
                0x100009ec                __Ciob
 *(COMMON)
 COMMON         0x10000bcc        0x4 C:\Users\Fede\Documents\MCUXpressoIDE_10.1.1_606\workspace\lpc_chip_175x_6x\Debug\liblpc_chip_175x_6x.a(chip_17xx_40xx.o)
                0x10000bcc                SystemCoreClock
                0x10000bd0                . = ALIGN (0x4)
                0x10000bd0                _ebss = .
                [!provide]                PROVIDE (end, .)

.noinit_RAM2    0x2007c000        0x0
 *(.noinit.$RAM2*)
 *(.noinit.$RamAHB32*)
                0x2007c000                . = ALIGN (0x4)

.noinit         0x10000bd0        0x0
                0x10000bd0                _noinit = .
 *(.noinit*)
                0x10000bd0                . = ALIGN (0x4)
                0x10000bd0                _end_noinit = .
                0x10000bd0                PROVIDE (_pvHeapStart, DEFINED (__user_heap_base)?__user_heap_base:.)
                0x10008000                PROVIDE (_vStackTop, DEFINED (__user_stack_top)?__user_stack_top:(__top_RamLoc32 - 0x0))
                0xefff74de                PROVIDE (__valid_user_code_checksum, (0x0 - ((((((_vStackTop + (ResetISR + 0x1)) + (NMI_Handler + 0x1)) + (HardFault_Handler + 0x1)) + (DEFINED (MemManage_Handler)?MemManage_Handler:0x0 + 0x1)) + (DEFINED (BusFault_Handler)?BusFault_Handler:0x0 + 0x1)) + (DEFINED (UsageFault_Handler)?UsageFault_Handler:0x0 + 0x1))))
                0x00000000                _image_start = LOADADDR (.text)
                0x00005ea4                _image_end = (LOADADDR (.data) + SIZEOF (.data))
                0x00005ea4                _image_size = (_image_end - _image_start)
OUTPUT(ControlVehicular.axf elf32-littlearm)

.debug_info     0x00000000     0x72cc
 .debug_info    0x00000000      0x25e ./freeRTOS/src/FreeRTOSCommonHooks.o
 .debug_info    0x0000025e      0x132 ./freeRTOS/src/heap_3.o
 .debug_info    0x00000390      0x2d6 ./freeRTOS/src/list.o
 .debug_info    0x00000666      0x3e7 ./freeRTOS/src/port.o
 .debug_info    0x00000a4d      0xf58 ./freeRTOS/src/queue.o
 .debug_info    0x000019a5     0x19ae ./freeRTOS/src/tasks.o
 .debug_info    0x00003353      0xfed ./Example/src/FRTOS.o
 .debug_info    0x00004340      0x25c ./Example/src/cr_startup_lpc175x_6x.o
 .debug_info    0x0000459c      0x200 ./Example/src/sysinit.o
 .debug_info    0x0000479c      0x55a C:\Users\Fede\Documents\MCUXpressoIDE_10.1.1_606\workspace\lpc_chip_175x_6x\Debug\liblpc_chip_175x_6x.a(chip_17xx_40xx.o)
 .debug_info    0x00004cf6      0xba2 C:\Users\Fede\Documents\MCUXpressoIDE_10.1.1_606\workspace\lpc_chip_175x_6x\Debug\liblpc_chip_175x_6x.a(clock_17xx_40xx.o)
 .debug_info    0x00005898      0x325 C:\Users\Fede\Documents\MCUXpressoIDE_10.1.1_606\workspace\lpc_chip_175x_6x\Debug\liblpc_chip_175x_6x.a(iocon_17xx_40xx.o)
 .debug_info    0x00005bbd      0x380 C:\Users\Fede\Documents\MCUXpressoIDE_10.1.1_606\workspace\lpc_chip_175x_6x\Debug\liblpc_chip_175x_6x.a(ring_buffer.o)
 .debug_info    0x00005f3d      0x479 C:\Users\Fede\Documents\MCUXpressoIDE_10.1.1_606\workspace\lpc_chip_175x_6x\Debug\liblpc_chip_175x_6x.a(sysinit_17xx_40xx.o)
 .debug_info    0x000063b6      0xf16 C:\Users\Fede\Documents\MCUXpressoIDE_10.1.1_606\workspace\lpc_chip_175x_6x\Debug\liblpc_chip_175x_6x.a(uart_17xx_40xx.o)

.debug_abbrev   0x00000000     0x1b85
 .debug_abbrev  0x00000000      0x17b ./freeRTOS/src/FreeRTOSCommonHooks.o
 .debug_abbrev  0x0000017b       0xe2 ./freeRTOS/src/heap_3.o
 .debug_abbrev  0x0000025d      0x112 ./freeRTOS/src/list.o
 .debug_abbrev  0x0000036f      0x231 ./freeRTOS/src/port.o
 .debug_abbrev  0x000005a0      0x242 ./freeRTOS/src/queue.o
 .debug_abbrev  0x000007e2      0x2fc ./freeRTOS/src/tasks.o
 .debug_abbrev  0x00000ade      0x328 ./Example/src/FRTOS.o
 .debug_abbrev  0x00000e06      0x114 ./Example/src/cr_startup_lpc175x_6x.o
 .debug_abbrev  0x00000f1a       0xdb ./Example/src/sysinit.o
 .debug_abbrev  0x00000ff5      0x14d C:\Users\Fede\Documents\MCUXpressoIDE_10.1.1_606\workspace\lpc_chip_175x_6x\Debug\liblpc_chip_175x_6x.a(chip_17xx_40xx.o)
 .debug_abbrev  0x00001142      0x301 C:\Users\Fede\Documents\MCUXpressoIDE_10.1.1_606\workspace\lpc_chip_175x_6x\Debug\liblpc_chip_175x_6x.a(clock_17xx_40xx.o)
 .debug_abbrev  0x00001443      0x14a C:\Users\Fede\Documents\MCUXpressoIDE_10.1.1_606\workspace\lpc_chip_175x_6x\Debug\liblpc_chip_175x_6x.a(iocon_17xx_40xx.o)
 .debug_abbrev  0x0000158d      0x162 C:\Users\Fede\Documents\MCUXpressoIDE_10.1.1_606\workspace\lpc_chip_175x_6x\Debug\liblpc_chip_175x_6x.a(ring_buffer.o)
 .debug_abbrev  0x000016ef      0x18a C:\Users\Fede\Documents\MCUXpressoIDE_10.1.1_606\workspace\lpc_chip_175x_6x\Debug\liblpc_chip_175x_6x.a(sysinit_17xx_40xx.o)
 .debug_abbrev  0x00001879      0x30c C:\Users\Fede\Documents\MCUXpressoIDE_10.1.1_606\workspace\lpc_chip_175x_6x\Debug\liblpc_chip_175x_6x.a(uart_17xx_40xx.o)

.debug_aranges  0x00000000      0x918
 .debug_aranges
                0x00000000       0x40 ./freeRTOS/src/FreeRTOSCommonHooks.o
 .debug_aranges
                0x00000040       0x28 ./freeRTOS/src/heap_3.o
 .debug_aranges
                0x00000068       0x40 ./freeRTOS/src/list.o
 .debug_aranges
                0x000000a8       0x78 ./freeRTOS/src/port.o
 .debug_aranges
                0x00000120      0x110 ./freeRTOS/src/queue.o
 .debug_aranges
                0x00000230      0x1e8 ./freeRTOS/src/tasks.o
 .debug_aranges
                0x00000418       0xf0 ./Example/src/FRTOS.o
 .debug_aranges
                0x00000508       0x80 ./Example/src/cr_startup_lpc175x_6x.o
 .debug_aranges
                0x00000588       0x20 ./Example/src/sysinit.o
 .debug_aranges
                0x000005a8       0x38 C:\Users\Fede\Documents\MCUXpressoIDE_10.1.1_606\workspace\lpc_chip_175x_6x\Debug\liblpc_chip_175x_6x.a(chip_17xx_40xx.o)
 .debug_aranges
                0x000005e0      0x120 C:\Users\Fede\Documents\MCUXpressoIDE_10.1.1_606\workspace\lpc_chip_175x_6x\Debug\liblpc_chip_175x_6x.a(clock_17xx_40xx.o)
 .debug_aranges
                0x00000700       0x30 C:\Users\Fede\Documents\MCUXpressoIDE_10.1.1_606\workspace\lpc_chip_175x_6x\Debug\liblpc_chip_175x_6x.a(iocon_17xx_40xx.o)
 .debug_aranges
                0x00000730       0x60 C:\Users\Fede\Documents\MCUXpressoIDE_10.1.1_606\workspace\lpc_chip_175x_6x\Debug\liblpc_chip_175x_6x.a(ring_buffer.o)
 .debug_aranges
                0x00000790       0x60 C:\Users\Fede\Documents\MCUXpressoIDE_10.1.1_606\workspace\lpc_chip_175x_6x\Debug\liblpc_chip_175x_6x.a(sysinit_17xx_40xx.o)
 .debug_aranges
                0x000007f0      0x128 C:\Users\Fede\Documents\MCUXpressoIDE_10.1.1_606\workspace\lpc_chip_175x_6x\Debug\liblpc_chip_175x_6x.a(uart_17xx_40xx.o)

.debug_ranges   0x00000000      0x828
 .debug_ranges  0x00000000       0x30 ./freeRTOS/src/FreeRTOSCommonHooks.o
 .debug_ranges  0x00000030       0x18 ./freeRTOS/src/heap_3.o
 .debug_ranges  0x00000048       0x30 ./freeRTOS/src/list.o
 .debug_ranges  0x00000078       0x68 ./freeRTOS/src/port.o
 .debug_ranges  0x000000e0      0x100 ./freeRTOS/src/queue.o
 .debug_ranges  0x000001e0      0x1d8 ./freeRTOS/src/tasks.o
 .debug_ranges  0x000003b8       0xe0 ./Example/src/FRTOS.o
 .debug_ranges  0x00000498       0x70 ./Example/src/cr_startup_lpc175x_6x.o
 .debug_ranges  0x00000508       0x10 ./Example/src/sysinit.o
 .debug_ranges  0x00000518       0x28 C:\Users\Fede\Documents\MCUXpressoIDE_10.1.1_606\workspace\lpc_chip_175x_6x\Debug\liblpc_chip_175x_6x.a(chip_17xx_40xx.o)
 .debug_ranges  0x00000540      0x110 C:\Users\Fede\Documents\MCUXpressoIDE_10.1.1_606\workspace\lpc_chip_175x_6x\Debug\liblpc_chip_175x_6x.a(clock_17xx_40xx.o)
 .debug_ranges  0x00000650       0x20 C:\Users\Fede\Documents\MCUXpressoIDE_10.1.1_606\workspace\lpc_chip_175x_6x\Debug\liblpc_chip_175x_6x.a(iocon_17xx_40xx.o)
 .debug_ranges  0x00000670       0x50 C:\Users\Fede\Documents\MCUXpressoIDE_10.1.1_606\workspace\lpc_chip_175x_6x\Debug\liblpc_chip_175x_6x.a(ring_buffer.o)
 .debug_ranges  0x000006c0       0x50 C:\Users\Fede\Documents\MCUXpressoIDE_10.1.1_606\workspace\lpc_chip_175x_6x\Debug\liblpc_chip_175x_6x.a(sysinit_17xx_40xx.o)
 .debug_ranges  0x00000710      0x118 C:\Users\Fede\Documents\MCUXpressoIDE_10.1.1_606\workspace\lpc_chip_175x_6x\Debug\liblpc_chip_175x_6x.a(uart_17xx_40xx.o)

.debug_macro    0x00000000     0x6362
 .debug_macro   0x00000000      0x24f ./freeRTOS/src/FreeRTOSCommonHooks.o
 .debug_macro   0x0000024f      0x8d4 ./freeRTOS/src/FreeRTOSCommonHooks.o
 .debug_macro   0x00000b23       0x10 ./freeRTOS/src/FreeRTOSCommonHooks.o
 .debug_macro   0x00000b33      0x12d ./freeRTOS/src/FreeRTOSCommonHooks.o
 .debug_macro   0x00000c60       0x16 ./freeRTOS/src/FreeRTOSCommonHooks.o
 .debug_macro   0x00000c76      0x5b2 ./freeRTOS/src/FreeRTOSCommonHooks.o
 .debug_macro   0x00001228       0xe8 ./freeRTOS/src/FreeRTOSCommonHooks.o
 .debug_macro   0x00001310      0x168 ./freeRTOS/src/FreeRTOSCommonHooks.o
 .debug_macro   0x00001478       0xe4 ./freeRTOS/src/FreeRTOSCommonHooks.o
 .debug_macro   0x0000155c       0x10 ./freeRTOS/src/FreeRTOSCommonHooks.o
 .debug_macro   0x0000156c       0x1f ./freeRTOS/src/FreeRTOSCommonHooks.o
 .debug_macro   0x0000158b      0x3f3 ./freeRTOS/src/FreeRTOSCommonHooks.o
 .debug_macro   0x0000197e       0xc0 ./freeRTOS/src/FreeRTOSCommonHooks.o
 .debug_macro   0x00001a3e       0x8c ./freeRTOS/src/FreeRTOSCommonHooks.o
 .debug_macro   0x00001aca       0x22 ./freeRTOS/src/FreeRTOSCommonHooks.o
 .debug_macro   0x00001aec       0x74 ./freeRTOS/src/FreeRTOSCommonHooks.o
 .debug_macro   0x00001b60       0x10 ./freeRTOS/src/FreeRTOSCommonHooks.o
 .debug_macro   0x00001b70       0x2d ./freeRTOS/src/FreeRTOSCommonHooks.o
 .debug_macro   0x00001b9d       0x3a ./freeRTOS/src/FreeRTOSCommonHooks.o
 .debug_macro   0x00001bd7       0x2d ./freeRTOS/src/FreeRTOSCommonHooks.o
 .debug_macro   0x00001c04      0xbb1 ./freeRTOS/src/FreeRTOSCommonHooks.o
 .debug_macro   0x000027b5      0x22c ./freeRTOS/src/FreeRTOSCommonHooks.o
 .debug_macro   0x000029e1       0x42 ./freeRTOS/src/FreeRTOSCommonHooks.o
 .debug_macro   0x00002a23       0x52 ./freeRTOS/src/FreeRTOSCommonHooks.o
 .debug_macro   0x00002a75       0x78 ./freeRTOS/src/FreeRTOSCommonHooks.o
 .debug_macro   0x00002aed       0x82 ./freeRTOS/src/FreeRTOSCommonHooks.o
 .debug_macro   0x00002b6f      0x48c ./freeRTOS/src/FreeRTOSCommonHooks.o
 .debug_macro   0x00002ffb       0x34 ./freeRTOS/src/FreeRTOSCommonHooks.o
 .debug_macro   0x0000302f      0x4c5 ./freeRTOS/src/FreeRTOSCommonHooks.o
 .debug_macro   0x000034f4      0x1b7 ./freeRTOS/src/FreeRTOSCommonHooks.o
 .debug_macro   0x000036ab       0x10 ./freeRTOS/src/FreeRTOSCommonHooks.o
 .debug_macro   0x000036bb      0x21b ./freeRTOS/src/FreeRTOSCommonHooks.o
 .debug_macro   0x000038d6      0x1b9 ./freeRTOS/src/FreeRTOSCommonHooks.o
 .debug_macro   0x00003a8f       0x40 ./freeRTOS/src/FreeRTOSCommonHooks.o
 .debug_macro   0x00003acf       0x22 ./freeRTOS/src/FreeRTOSCommonHooks.o
 .debug_macro   0x00003af1      0x162 ./freeRTOS/src/FreeRTOSCommonHooks.o
 .debug_macro   0x00003c53       0x94 ./freeRTOS/src/FreeRTOSCommonHooks.o
 .debug_macro   0x00003ce7       0xb8 ./freeRTOS/src/FreeRTOSCommonHooks.o
 .debug_macro   0x00003d9f       0x4c ./freeRTOS/src/FreeRTOSCommonHooks.o
 .debug_macro   0x00003deb       0x16 ./freeRTOS/src/FreeRTOSCommonHooks.o
 .debug_macro   0x00003e01      0x328 ./freeRTOS/src/FreeRTOSCommonHooks.o
 .debug_macro   0x00004129       0x49 ./freeRTOS/src/FreeRTOSCommonHooks.o
 .debug_macro   0x00004172       0x16 ./freeRTOS/src/FreeRTOSCommonHooks.o
 .debug_macro   0x00004188       0xca ./freeRTOS/src/FreeRTOSCommonHooks.o
 .debug_macro   0x00004252       0x11 ./freeRTOS/src/FreeRTOSCommonHooks.o
 .debug_macro   0x00004263       0xd4 ./freeRTOS/src/heap_3.o
 .debug_macro   0x00004337       0xb9 ./freeRTOS/src/list.o
 .debug_macro   0x000043f0      0x159 ./freeRTOS/src/port.o
 .debug_macro   0x00004549      0x122 ./freeRTOS/src/queue.o
 .debug_macro   0x0000466b       0x94 ./freeRTOS/src/queue.o
 .debug_macro   0x000046ff      0x185 ./freeRTOS/src/tasks.o
 .debug_macro   0x00004884       0x11 ./freeRTOS/src/tasks.o
 .debug_macro   0x00004895      0x418 ./Example/src/FRTOS.o
 .debug_macro   0x00004cad       0x18 ./Example/src/FRTOS.o
 .debug_macro   0x00004cc5       0xe8 ./Example/src/FRTOS.o
 .debug_macro   0x00004dad       0x78 ./Example/src/FRTOS.o
 .debug_macro   0x00004e25       0x82 ./Example/src/FRTOS.o
 .debug_macro   0x00004ea7       0x1d ./Example/src/cr_startup_lpc175x_6x.o
 .debug_macro   0x00004ec4      0x1cd ./Example/src/sysinit.o
 .debug_macro   0x00005091       0x7b ./Example/src/sysinit.o
 .debug_macro   0x0000510c      0x1cd C:\Users\Fede\Documents\MCUXpressoIDE_10.1.1_606\workspace\lpc_chip_175x_6x\Debug\liblpc_chip_175x_6x.a(chip_17xx_40xx.o)
 .debug_macro   0x000052d9      0x8c2 C:\Users\Fede\Documents\MCUXpressoIDE_10.1.1_606\workspace\lpc_chip_175x_6x\Debug\liblpc_chip_175x_6x.a(chip_17xx_40xx.o)
 .debug_macro   0x00005b9b      0x1cd C:\Users\Fede\Documents\MCUXpressoIDE_10.1.1_606\workspace\lpc_chip_175x_6x\Debug\liblpc_chip_175x_6x.a(clock_17xx_40xx.o)
 .debug_macro   0x00005d68      0x1cd C:\Users\Fede\Documents\MCUXpressoIDE_10.1.1_606\workspace\lpc_chip_175x_6x\Debug\liblpc_chip_175x_6x.a(iocon_17xx_40xx.o)
 .debug_macro   0x00005f35       0x83 C:\Users\Fede\Documents\MCUXpressoIDE_10.1.1_606\workspace\lpc_chip_175x_6x\Debug\liblpc_chip_175x_6x.a(ring_buffer.o)
 .debug_macro   0x00005fb8       0x10 C:\Users\Fede\Documents\MCUXpressoIDE_10.1.1_606\workspace\lpc_chip_175x_6x\Debug\liblpc_chip_175x_6x.a(ring_buffer.o)
 .debug_macro   0x00005fc8      0x1cd C:\Users\Fede\Documents\MCUXpressoIDE_10.1.1_606\workspace\lpc_chip_175x_6x\Debug\liblpc_chip_175x_6x.a(sysinit_17xx_40xx.o)
 .debug_macro   0x00006195      0x1cd C:\Users\Fede\Documents\MCUXpressoIDE_10.1.1_606\workspace\lpc_chip_175x_6x\Debug\liblpc_chip_175x_6x.a(uart_17xx_40xx.o)

.debug_line     0x00000000     0x4b04
 .debug_line    0x00000000      0x598 ./freeRTOS/src/FreeRTOSCommonHooks.o
 .debug_line    0x00000598      0x223 ./freeRTOS/src/heap_3.o
 .debug_line    0x000007bb      0x271 ./freeRTOS/src/list.o
 .debug_line    0x00000a2c      0x34a ./freeRTOS/src/port.o
 .debug_line    0x00000d76      0x669 ./freeRTOS/src/queue.o
 .debug_line    0x000013df      0xbb4 ./freeRTOS/src/tasks.o
 .debug_line    0x00001f93      0x87f ./Example/src/FRTOS.o
 .debug_line    0x00002812       0xdb ./Example/src/cr_startup_lpc175x_6x.o
 .debug_line    0x000028ed      0x40e ./Example/src/sysinit.o
 .debug_line    0x00002cfb      0x456 C:\Users\Fede\Documents\MCUXpressoIDE_10.1.1_606\workspace\lpc_chip_175x_6x\Debug\liblpc_chip_175x_6x.a(chip_17xx_40xx.o)
 .debug_line    0x00003151      0x6d2 C:\Users\Fede\Documents\MCUXpressoIDE_10.1.1_606\workspace\lpc_chip_175x_6x\Debug\liblpc_chip_175x_6x.a(clock_17xx_40xx.o)
 .debug_line    0x00003823      0x442 C:\Users\Fede\Documents\MCUXpressoIDE_10.1.1_606\workspace\lpc_chip_175x_6x\Debug\liblpc_chip_175x_6x.a(iocon_17xx_40xx.o)
 .debug_line    0x00003c65      0x255 C:\Users\Fede\Documents\MCUXpressoIDE_10.1.1_606\workspace\lpc_chip_175x_6x\Debug\liblpc_chip_175x_6x.a(ring_buffer.o)
 .debug_line    0x00003eba      0x4cc C:\Users\Fede\Documents\MCUXpressoIDE_10.1.1_606\workspace\lpc_chip_175x_6x\Debug\liblpc_chip_175x_6x.a(sysinit_17xx_40xx.o)
 .debug_line    0x00004386      0x77e C:\Users\Fede\Documents\MCUXpressoIDE_10.1.1_606\workspace\lpc_chip_175x_6x\Debug\liblpc_chip_175x_6x.a(uart_17xx_40xx.o)

.debug_str      0x00000000    0x19cfc
 .debug_str     0x00000000    0x13a96 ./freeRTOS/src/FreeRTOSCommonHooks.o
                              0x13b95 (size before relaxing)
 .debug_str     0x00013a96      0x103 ./freeRTOS/src/heap_3.o
                               0x728f (size before relaxing)
 .debug_str     0x00013b99      0x139 ./freeRTOS/src/list.o
                               0x6d9f (size before relaxing)
 .debug_str     0x00013cd2      0x75a ./freeRTOS/src/port.o
                               0x7972 (size before relaxing)
 .debug_str     0x0001442c      0xf75 ./freeRTOS/src/queue.o
                               0x831b (size before relaxing)
 .debug_str     0x000153a1     0x1b51 ./freeRTOS/src/tasks.o
                               0x9079 (size before relaxing)
 .debug_str     0x00016ef2     0x1b8e ./Example/src/FRTOS.o
                              0x15f57 (size before relaxing)
 .debug_str     0x00018a80      0x1b3 ./Example/src/cr_startup_lpc175x_6x.o
                               0x2763 (size before relaxing)
 .debug_str     0x00018c33       0x35 ./Example/src/sysinit.o
                              0x10785 (size before relaxing)
 .debug_str     0x00018c68      0x26a C:\Users\Fede\Documents\MCUXpressoIDE_10.1.1_606\workspace\lpc_chip_175x_6x\Debug\liblpc_chip_175x_6x.a(chip_17xx_40xx.o)
                              0x10ba2 (size before relaxing)
 .debug_str     0x00018ed2      0x857 C:\Users\Fede\Documents\MCUXpressoIDE_10.1.1_606\workspace\lpc_chip_175x_6x\Debug\liblpc_chip_175x_6x.a(clock_17xx_40xx.o)
                              0x11220 (size before relaxing)
 .debug_str     0x00019729       0xa4 C:\Users\Fede\Documents\MCUXpressoIDE_10.1.1_606\workspace\lpc_chip_175x_6x\Debug\liblpc_chip_175x_6x.a(iocon_17xx_40xx.o)
                              0x1069d (size before relaxing)
 .debug_str     0x000197cd      0x11c C:\Users\Fede\Documents\MCUXpressoIDE_10.1.1_606\workspace\lpc_chip_175x_6x\Debug\liblpc_chip_175x_6x.a(ring_buffer.o)
                               0x4089 (size before relaxing)
 .debug_str     0x000198e9       0xc4 C:\Users\Fede\Documents\MCUXpressoIDE_10.1.1_606\workspace\lpc_chip_175x_6x\Debug\liblpc_chip_175x_6x.a(sysinit_17xx_40xx.o)
                              0x10885 (size before relaxing)
 .debug_str     0x000199ad      0x34f C:\Users\Fede\Documents\MCUXpressoIDE_10.1.1_606\workspace\lpc_chip_175x_6x\Debug\liblpc_chip_175x_6x.a(uart_17xx_40xx.o)
                              0x110f5 (size before relaxing)

.comment        0x00000000       0x7f
 .comment       0x00000000       0x7f ./freeRTOS/src/FreeRTOSCommonHooks.o
                                 0x80 (size before relaxing)
 .comment       0x0000007f       0x80 ./freeRTOS/src/heap_3.o
 .comment       0x0000007f       0x80 ./freeRTOS/src/list.o
 .comment       0x0000007f       0x80 ./freeRTOS/src/port.o
 .comment       0x0000007f       0x80 ./freeRTOS/src/queue.o
 .comment       0x0000007f       0x80 ./freeRTOS/src/tasks.o
 .comment       0x0000007f       0x80 ./Example/src/FRTOS.o
 .comment       0x0000007f       0x80 ./Example/src/cr_startup_lpc175x_6x.o
 .comment       0x0000007f       0x80 ./Example/src/sysinit.o
 .comment       0x0000007f       0x80 C:\Users\Fede\Documents\MCUXpressoIDE_10.1.1_606\workspace\lpc_chip_175x_6x\Debug\liblpc_chip_175x_6x.a(chip_17xx_40xx.o)
 .comment       0x0000007f       0x80 C:\Users\Fede\Documents\MCUXpressoIDE_10.1.1_606\workspace\lpc_chip_175x_6x\Debug\liblpc_chip_175x_6x.a(clock_17xx_40xx.o)
 .comment       0x0000007f       0x80 C:\Users\Fede\Documents\MCUXpressoIDE_10.1.1_606\workspace\lpc_chip_175x_6x\Debug\liblpc_chip_175x_6x.a(iocon_17xx_40xx.o)
 .comment       0x0000007f       0x80 C:\Users\Fede\Documents\MCUXpressoIDE_10.1.1_606\workspace\lpc_chip_175x_6x\Debug\liblpc_chip_175x_6x.a(ring_buffer.o)
 .comment       0x0000007f       0x80 C:\Users\Fede\Documents\MCUXpressoIDE_10.1.1_606\workspace\lpc_chip_175x_6x\Debug\liblpc_chip_175x_6x.a(sysinit_17xx_40xx.o)
 .comment       0x0000007f       0x80 C:\Users\Fede\Documents\MCUXpressoIDE_10.1.1_606\workspace\lpc_chip_175x_6x\Debug\liblpc_chip_175x_6x.a(uart_17xx_40xx.o)
 .comment       0x0000007f       0x80 c:/nxp/mcuxpressoide_10.1.1_606/ide/tools/bin/../lib/gcc/arm-none-eabi/6.3.1/../../../../arm-none-eabi/lib/thumb/v7-m\libcr_semihost.a(_cr__main.o)
 .comment       0x0000007f       0x80 c:/nxp/mcuxpressoide_10.1.1_606/ide/tools/bin/../lib/gcc/arm-none-eabi/6.3.1/../../../../arm-none-eabi/lib/thumb/v7-m\libcr_c.a(memcpy.o)
 .comment       0x0000007f       0x80 c:/nxp/mcuxpressoide_10.1.1_606/ide/tools/bin/../lib/gcc/arm-none-eabi/6.3.1/../../../../arm-none-eabi/lib/thumb/v7-m\libcr_c.a(memset.o)
 .comment       0x0000007f       0x80 c:/nxp/mcuxpressoide_10.1.1_606/ide/tools/bin/../lib/gcc/arm-none-eabi/6.3.1/../../../../arm-none-eabi/lib/thumb/v7-m\libcr_c.a(alloc.o)
 .comment       0x0000007f       0x80 c:/nxp/mcuxpressoide_10.1.1_606/ide/tools/bin/../lib/gcc/arm-none-eabi/6.3.1/../../../../arm-none-eabi/lib/thumb/v7-m\libcr_c.a(fpprintf.o)
 .comment       0x0000007f       0x80 c:/nxp/mcuxpressoide_10.1.1_606/ide/tools/bin/../lib/gcc/arm-none-eabi/6.3.1/../../../../arm-none-eabi/lib/thumb/v7-m\libcr_c.a(initio.o)
 .comment       0x0000007f       0x80 c:/nxp/mcuxpressoide_10.1.1_606/ide/tools/bin/../lib/gcc/arm-none-eabi/6.3.1/../../../../arm-none-eabi/lib/thumb/v7-m\libcr_c.a(printf.o)
 .comment       0x0000007f       0x80 c:/nxp/mcuxpressoide_10.1.1_606/ide/tools/bin/../lib/gcc/arm-none-eabi/6.3.1/../../../../arm-none-eabi/lib/thumb/v7-m\libcr_c.a(setvbuf.o)
 .comment       0x0000007f       0x80 c:/nxp/mcuxpressoide_10.1.1_606/ide/tools/bin/../lib/gcc/arm-none-eabi/6.3.1/../../../../arm-none-eabi/lib/thumb/v7-m\libcr_c.a(strlen.o)
 .comment       0x0000007f       0x80 c:/nxp/mcuxpressoide_10.1.1_606/ide/tools/bin/../lib/gcc/arm-none-eabi/6.3.1/../../../../arm-none-eabi/lib/thumb/v7-m\libcr_c.a(__init_alloc.o)
 .comment       0x0000007f       0x80 c:/nxp/mcuxpressoide_10.1.1_606/ide/tools/bin/../lib/gcc/arm-none-eabi/6.3.1/../../../../arm-none-eabi/lib/thumb/v7-m\libcr_c.a(_cr_sbrk.o)
 .comment       0x0000007f       0x80 c:/nxp/mcuxpressoide_10.1.1_606/ide/tools/bin/../lib/gcc/arm-none-eabi/6.3.1/../../../../arm-none-eabi/lib/thumb/v7-m\libcr_c.a(_deferredlazyseek.o)
 .comment       0x0000007f       0x80 c:/nxp/mcuxpressoide_10.1.1_606/ide/tools/bin/../lib/gcc/arm-none-eabi/6.3.1/../../../../arm-none-eabi/lib/thumb/v7-m\libcr_c.a(_fdopen.o)
 .comment       0x0000007f       0x80 c:/nxp/mcuxpressoide_10.1.1_606/ide/tools/bin/../lib/gcc/arm-none-eabi/6.3.1/../../../../arm-none-eabi/lib/thumb/v7-m\libcr_c.a(_fflush.o)
 .comment       0x0000007f       0x80 c:/nxp/mcuxpressoide_10.1.1_606/ide/tools/bin/../lib/gcc/arm-none-eabi/6.3.1/../../../../arm-none-eabi/lib/thumb/v7-m\libcr_c.a(_frexpl.o)
 .comment       0x0000007f       0x80 c:/nxp/mcuxpressoide_10.1.1_606/ide/tools/bin/../lib/gcc/arm-none-eabi/6.3.1/../../../../arm-none-eabi/lib/thumb/v7-m\libcr_c.a(_ldexpl.o)
 .comment       0x0000007f       0x80 c:/nxp/mcuxpressoide_10.1.1_606/ide/tools/bin/../lib/gcc/arm-none-eabi/6.3.1/../../../../arm-none-eabi/lib/thumb/v7-m\libcr_c.a(_writebuf.o)
 .comment       0x0000007f       0x80 c:/nxp/mcuxpressoide_10.1.1_606/ide/tools/bin/../lib/gcc/arm-none-eabi/6.3.1/../../../../arm-none-eabi/lib/thumb/v7-m\libcr_c.a(errno.o)
 .comment       0x0000007f       0x80 c:/nxp/mcuxpressoide_10.1.1_606/ide/tools/bin/../lib/gcc/arm-none-eabi/6.3.1/../../../../arm-none-eabi/lib/thumb/v7-m\libcr_c.a(fclose.o)
 .comment       0x0000007f       0x80 c:/nxp/mcuxpressoide_10.1.1_606/ide/tools/bin/../lib/gcc/arm-none-eabi/6.3.1/../../../../arm-none-eabi/lib/thumb/v7-m\libcr_c.a(fflush.o)
 .comment       0x0000007f       0x80 c:/nxp/mcuxpressoide_10.1.1_606/ide/tools/bin/../lib/gcc/arm-none-eabi/6.3.1/../../../../arm-none-eabi/lib/thumb/v7-m\libcr_c.a(fseek.o)
 .comment       0x0000007f       0x80 c:/nxp/mcuxpressoide_10.1.1_606/ide/tools/bin/../lib/gcc/arm-none-eabi/6.3.1/../../../../arm-none-eabi/lib/thumb/v7-m\libcr_c.a(ftell.o)
 .comment       0x0000007f       0x80 c:/nxp/mcuxpressoide_10.1.1_606/ide/tools/bin/../lib/gcc/arm-none-eabi/6.3.1/../../../../arm-none-eabi/lib/thumb/v7-m\libcr_c.a(remove.o)
 .comment       0x0000007f       0x80 c:/nxp/mcuxpressoide_10.1.1_606/ide/tools/bin/../lib/gcc/arm-none-eabi/6.3.1/../../../../arm-none-eabi/lib/thumb/v7-m\libcr_c.a(_cr_check_heap.o)
 .comment       0x0000007f       0x80 c:/nxp/mcuxpressoide_10.1.1_606/ide/tools/bin/../lib/gcc/arm-none-eabi/6.3.1/../../../../arm-none-eabi/lib/thumb/v7-m\libcr_c.a(_do_fflush.o)
 .comment       0x0000007f       0x80 c:/nxp/mcuxpressoide_10.1.1_606/ide/tools/bin/../lib/gcc/arm-none-eabi/6.3.1/../../../../arm-none-eabi/lib/thumb/v7-m\libcr_c.a(_hugeval.o)
 .comment       0x0000007f       0x80 c:/nxp/mcuxpressoide_10.1.1_606/ide/tools/bin/../lib/gcc/arm-none-eabi/6.3.1/thumb/v7-m\libcr_eabihelpers.a(double.o)
 .comment       0x0000007f       0x80 c:/nxp/mcuxpressoide_10.1.1_606/ide/tools/bin/../lib/gcc/arm-none-eabi/6.3.1/../../../../arm-none-eabi/lib/thumb/v7-m\libcr_semihost.a(__ciob.o)

.ARM.attributes
                0x00000000       0x31
 .ARM.attributes
                0x00000000       0x33 ./freeRTOS/src/FreeRTOSCommonHooks.o
 .ARM.attributes
                0x00000033       0x33 ./freeRTOS/src/heap_3.o
 .ARM.attributes
                0x00000066       0x33 ./freeRTOS/src/list.o
 .ARM.attributes
                0x00000099       0x33 ./freeRTOS/src/port.o
 .ARM.attributes
                0x000000cc       0x33 ./freeRTOS/src/queue.o
 .ARM.attributes
                0x000000ff       0x33 ./freeRTOS/src/tasks.o
 .ARM.attributes
                0x00000132       0x33 ./Example/src/FRTOS.o
 .ARM.attributes
                0x00000165       0x33 ./Example/src/cr_startup_lpc175x_6x.o
 .ARM.attributes
                0x00000198       0x33 ./Example/src/sysinit.o
 .ARM.attributes
                0x000001cb       0x33 C:\Users\Fede\Documents\MCUXpressoIDE_10.1.1_606\workspace\lpc_chip_175x_6x\Debug\liblpc_chip_175x_6x.a(chip_17xx_40xx.o)
 .ARM.attributes
                0x000001fe       0x33 C:\Users\Fede\Documents\MCUXpressoIDE_10.1.1_606\workspace\lpc_chip_175x_6x\Debug\liblpc_chip_175x_6x.a(clock_17xx_40xx.o)
 .ARM.attributes
                0x00000231       0x33 C:\Users\Fede\Documents\MCUXpressoIDE_10.1.1_606\workspace\lpc_chip_175x_6x\Debug\liblpc_chip_175x_6x.a(iocon_17xx_40xx.o)
 .ARM.attributes
                0x00000264       0x33 C:\Users\Fede\Documents\MCUXpressoIDE_10.1.1_606\workspace\lpc_chip_175x_6x\Debug\liblpc_chip_175x_6x.a(ring_buffer.o)
 .ARM.attributes
                0x00000297       0x33 C:\Users\Fede\Documents\MCUXpressoIDE_10.1.1_606\workspace\lpc_chip_175x_6x\Debug\liblpc_chip_175x_6x.a(sysinit_17xx_40xx.o)
 .ARM.attributes
                0x000002ca       0x33 C:\Users\Fede\Documents\MCUXpressoIDE_10.1.1_606\workspace\lpc_chip_175x_6x\Debug\liblpc_chip_175x_6x.a(uart_17xx_40xx.o)
 .ARM.attributes
                0x000002fd       0x33 c:/nxp/mcuxpressoide_10.1.1_606/ide/tools/bin/../lib/gcc/arm-none-eabi/6.3.1/../../../../arm-none-eabi/lib/thumb/v7-m\libcr_semihost.a(_cr__main.o)
 .ARM.attributes
                0x00000330       0x33 c:/nxp/mcuxpressoide_10.1.1_606/ide/tools/bin/../lib/gcc/arm-none-eabi/6.3.1/../../../../arm-none-eabi/lib/thumb/v7-m\libcr_c.a(memcpy.o)
 .ARM.attributes
                0x00000363       0x33 c:/nxp/mcuxpressoide_10.1.1_606/ide/tools/bin/../lib/gcc/arm-none-eabi/6.3.1/../../../../arm-none-eabi/lib/thumb/v7-m\libcr_c.a(memset.o)
 .ARM.attributes
                0x00000396       0x33 c:/nxp/mcuxpressoide_10.1.1_606/ide/tools/bin/../lib/gcc/arm-none-eabi/6.3.1/../../../../arm-none-eabi/lib/thumb/v7-m\libcr_c.a(alloc.o)
 .ARM.attributes
                0x000003c9       0x33 c:/nxp/mcuxpressoide_10.1.1_606/ide/tools/bin/../lib/gcc/arm-none-eabi/6.3.1/../../../../arm-none-eabi/lib/thumb/v7-m\libcr_c.a(fpprintf.o)
 .ARM.attributes
                0x000003fc       0x33 c:/nxp/mcuxpressoide_10.1.1_606/ide/tools/bin/../lib/gcc/arm-none-eabi/6.3.1/../../../../arm-none-eabi/lib/thumb/v7-m\libcr_c.a(initio.o)
 .ARM.attributes
                0x0000042f       0x33 c:/nxp/mcuxpressoide_10.1.1_606/ide/tools/bin/../lib/gcc/arm-none-eabi/6.3.1/../../../../arm-none-eabi/lib/thumb/v7-m\libcr_c.a(printf.o)
 .ARM.attributes
                0x00000462       0x33 c:/nxp/mcuxpressoide_10.1.1_606/ide/tools/bin/../lib/gcc/arm-none-eabi/6.3.1/../../../../arm-none-eabi/lib/thumb/v7-m\libcr_c.a(setvbuf.o)
 .ARM.attributes
                0x00000495       0x33 c:/nxp/mcuxpressoide_10.1.1_606/ide/tools/bin/../lib/gcc/arm-none-eabi/6.3.1/../../../../arm-none-eabi/lib/thumb/v7-m\libcr_c.a(strlen.o)
 .ARM.attributes
                0x000004c8       0x33 c:/nxp/mcuxpressoide_10.1.1_606/ide/tools/bin/../lib/gcc/arm-none-eabi/6.3.1/../../../../arm-none-eabi/lib/thumb/v7-m\libcr_c.a(__init_alloc.o)
 .ARM.attributes
                0x000004fb       0x33 c:/nxp/mcuxpressoide_10.1.1_606/ide/tools/bin/../lib/gcc/arm-none-eabi/6.3.1/../../../../arm-none-eabi/lib/thumb/v7-m\libcr_c.a(_cr_sbrk.o)
 .ARM.attributes
                0x0000052e       0x33 c:/nxp/mcuxpressoide_10.1.1_606/ide/tools/bin/../lib/gcc/arm-none-eabi/6.3.1/../../../../arm-none-eabi/lib/thumb/v7-m\libcr_c.a(_deferredlazyseek.o)
 .ARM.attributes
                0x00000561       0x33 c:/nxp/mcuxpressoide_10.1.1_606/ide/tools/bin/../lib/gcc/arm-none-eabi/6.3.1/../../../../arm-none-eabi/lib/thumb/v7-m\libcr_c.a(_fdopen.o)
 .ARM.attributes
                0x00000594       0x33 c:/nxp/mcuxpressoide_10.1.1_606/ide/tools/bin/../lib/gcc/arm-none-eabi/6.3.1/../../../../arm-none-eabi/lib/thumb/v7-m\libcr_c.a(_fflush.o)
 .ARM.attributes
                0x000005c7       0x33 c:/nxp/mcuxpressoide_10.1.1_606/ide/tools/bin/../lib/gcc/arm-none-eabi/6.3.1/../../../../arm-none-eabi/lib/thumb/v7-m\libcr_c.a(_frexpl.o)
 .ARM.attributes
                0x000005fa       0x33 c:/nxp/mcuxpressoide_10.1.1_606/ide/tools/bin/../lib/gcc/arm-none-eabi/6.3.1/../../../../arm-none-eabi/lib/thumb/v7-m\libcr_c.a(_ldexpl.o)
 .ARM.attributes
                0x0000062d       0x33 c:/nxp/mcuxpressoide_10.1.1_606/ide/tools/bin/../lib/gcc/arm-none-eabi/6.3.1/../../../../arm-none-eabi/lib/thumb/v7-m\libcr_c.a(_writebuf.o)
 .ARM.attributes
                0x00000660       0x33 c:/nxp/mcuxpressoide_10.1.1_606/ide/tools/bin/../lib/gcc/arm-none-eabi/6.3.1/../../../../arm-none-eabi/lib/thumb/v7-m\libcr_c.a(errno.o)
 .ARM.attributes
                0x00000693       0x33 c:/nxp/mcuxpressoide_10.1.1_606/ide/tools/bin/../lib/gcc/arm-none-eabi/6.3.1/../../../../arm-none-eabi/lib/thumb/v7-m\libcr_c.a(fclose.o)
 .ARM.attributes
                0x000006c6       0x33 c:/nxp/mcuxpressoide_10.1.1_606/ide/tools/bin/../lib/gcc/arm-none-eabi/6.3.1/../../../../arm-none-eabi/lib/thumb/v7-m\libcr_c.a(fflush.o)
 .ARM.attributes
                0x000006f9       0x33 c:/nxp/mcuxpressoide_10.1.1_606/ide/tools/bin/../lib/gcc/arm-none-eabi/6.3.1/../../../../arm-none-eabi/lib/thumb/v7-m\libcr_c.a(fseek.o)
 .ARM.attributes
                0x0000072c       0x33 c:/nxp/mcuxpressoide_10.1.1_606/ide/tools/bin/../lib/gcc/arm-none-eabi/6.3.1/../../../../arm-none-eabi/lib/thumb/v7-m\libcr_c.a(ftell.o)
 .ARM.attributes
                0x0000075f       0x33 c:/nxp/mcuxpressoide_10.1.1_606/ide/tools/bin/../lib/gcc/arm-none-eabi/6.3.1/../../../../arm-none-eabi/lib/thumb/v7-m\libcr_c.a(remove.o)
 .ARM.attributes
                0x00000792       0x33 c:/nxp/mcuxpressoide_10.1.1_606/ide/tools/bin/../lib/gcc/arm-none-eabi/6.3.1/../../../../arm-none-eabi/lib/thumb/v7-m\libcr_c.a(_cr_check_heap.o)
 .ARM.attributes
                0x000007c5       0x33 c:/nxp/mcuxpressoide_10.1.1_606/ide/tools/bin/../lib/gcc/arm-none-eabi/6.3.1/../../../../arm-none-eabi/lib/thumb/v7-m\libcr_c.a(_do_fflush.o)
 .ARM.attributes
                0x000007f8       0x33 c:/nxp/mcuxpressoide_10.1.1_606/ide/tools/bin/../lib/gcc/arm-none-eabi/6.3.1/../../../../arm-none-eabi/lib/thumb/v7-m\libcr_c.a(_hugeval.o)
 .ARM.attributes
                0x0000082b       0x33 c:/nxp/mcuxpressoide_10.1.1_606/ide/tools/bin/../lib/gcc/arm-none-eabi/6.3.1/thumb/v7-m\libcr_eabihelpers.a(double.o)
 .ARM.attributes
                0x0000085e       0x21 c:/nxp/mcuxpressoide_10.1.1_606/ide/tools/bin/../lib/gcc/arm-none-eabi/6.3.1/thumb/v7-m\libcr_eabihelpers.a(memcpy.o)
 .ARM.attributes
                0x0000087f       0x33 c:/nxp/mcuxpressoide_10.1.1_606/ide/tools/bin/../lib/gcc/arm-none-eabi/6.3.1/../../../../arm-none-eabi/lib/thumb/v7-m\libcr_semihost.a(__ciob.o)
 .ARM.attributes
                0x000008b2       0x21 c:/nxp/mcuxpressoide_10.1.1_606/ide/tools/bin/../lib/gcc/arm-none-eabi/6.3.1/../../../../arm-none-eabi/lib/thumb/v7-m\libcr_semihost.a(__sys_appexit.o)
 .ARM.attributes
                0x000008d3       0x21 c:/nxp/mcuxpressoide_10.1.1_606/ide/tools/bin/../lib/gcc/arm-none-eabi/6.3.1/../../../../arm-none-eabi/lib/thumb/v7-m\libcr_semihost.a(__sys_close.o)
 .ARM.attributes
                0x000008f4       0x21 c:/nxp/mcuxpressoide_10.1.1_606/ide/tools/bin/../lib/gcc/arm-none-eabi/6.3.1/../../../../arm-none-eabi/lib/thumb/v7-m\libcr_semihost.a(__sys_flen.o)
 .ARM.attributes
                0x00000915       0x21 c:/nxp/mcuxpressoide_10.1.1_606/ide/tools/bin/../lib/gcc/arm-none-eabi/6.3.1/../../../../arm-none-eabi/lib/thumb/v7-m\libcr_semihost.a(__sys_istty.o)
 .ARM.attributes
                0x00000936       0x21 c:/nxp/mcuxpressoide_10.1.1_606/ide/tools/bin/../lib/gcc/arm-none-eabi/6.3.1/../../../../arm-none-eabi/lib/thumb/v7-m\libcr_semihost.a(__sys_remove.o)
 .ARM.attributes
                0x00000957       0x21 c:/nxp/mcuxpressoide_10.1.1_606/ide/tools/bin/../lib/gcc/arm-none-eabi/6.3.1/../../../../arm-none-eabi/lib/thumb/v7-m\libcr_semihost.a(__sys_seek.o)
 .ARM.attributes
                0x00000978       0x21 c:/nxp/mcuxpressoide_10.1.1_606/ide/tools/bin/../lib/gcc/arm-none-eabi/6.3.1/../../../../arm-none-eabi/lib/thumb/v7-m\libcr_semihost.a(__sys_tmpnam.o)
 .ARM.attributes
                0x00000999       0x21 c:/nxp/mcuxpressoide_10.1.1_606/ide/tools/bin/../lib/gcc/arm-none-eabi/6.3.1/../../../../arm-none-eabi/lib/thumb/v7-m\libcr_semihost.a(__sys_write.o)

.debug_frame    0x00000000     0x235c
 .debug_frame   0x00000000       0xb4 ./freeRTOS/src/FreeRTOSCommonHooks.o
 .debug_frame   0x000000b4       0x58 ./freeRTOS/src/heap_3.o
 .debug_frame   0x0000010c       0xd8 ./freeRTOS/src/list.o
 .debug_frame   0x000001e4      0x178 ./freeRTOS/src/port.o
 .debug_frame   0x0000035c      0x498 ./freeRTOS/src/queue.o
 .debug_frame   0x000007f4      0x864 ./freeRTOS/src/tasks.o
 .debug_frame   0x00001058      0x400 ./Example/src/FRTOS.o
 .debug_frame   0x00001458      0x170 ./Example/src/cr_startup_lpc175x_6x.o
 .debug_frame   0x000015c8       0x34 ./Example/src/sysinit.o
 .debug_frame   0x000015fc       0x88 C:\Users\Fede\Documents\MCUXpressoIDE_10.1.1_606\workspace\lpc_chip_175x_6x\Debug\liblpc_chip_175x_6x.a(chip_17xx_40xx.o)
 .debug_frame   0x00001684      0x490 C:\Users\Fede\Documents\MCUXpressoIDE_10.1.1_606\workspace\lpc_chip_175x_6x\Debug\liblpc_chip_175x_6x.a(clock_17xx_40xx.o)
 .debug_frame   0x00001b14       0x80 C:\Users\Fede\Documents\MCUXpressoIDE_10.1.1_606\workspace\lpc_chip_175x_6x\Debug\liblpc_chip_175x_6x.a(iocon_17xx_40xx.o)
 .debug_frame   0x00001b94      0x164 C:\Users\Fede\Documents\MCUXpressoIDE_10.1.1_606\workspace\lpc_chip_175x_6x\Debug\liblpc_chip_175x_6x.a(ring_buffer.o)
 .debug_frame   0x00001cf8      0x12c C:\Users\Fede\Documents\MCUXpressoIDE_10.1.1_606\workspace\lpc_chip_175x_6x\Debug\liblpc_chip_175x_6x.a(sysinit_17xx_40xx.o)
 .debug_frame   0x00001e24      0x538 C:\Users\Fede\Documents\MCUXpressoIDE_10.1.1_606\workspace\lpc_chip_175x_6x\Debug\liblpc_chip_175x_6x.a(uart_17xx_40xx.o)
